06-04 15:19:44.864 D/WifiThroughputPredictor(  665):  BW: 0 RSSI: -50 Nss: 1 Mode: 1 symDur: 4000 snrDb 30 bitPerTone: 4500 rate: 54 throughput: 11
06-04 15:19:44.864 D/WifiThroughputPredictor(  665):  utilization (LLS) 80 isBluetoothConnected: false final utilization: 80
06-04 15:19:44.864 D/WifiThroughputPredictor(  665):  BW: 0 RSSI: -50 Nss: 1 Mode: 1 symDur: 4000 snrDb 30 bitPerTone: 4500 rate: 54 throughput: 11
06-04 15:19:44.864 D/WifiThroughputPredictor(  665):  utilization (LLS) 80 isBluetoothConnected: false final utilization: 80
06-04 15:19:44.864 D/WifiThroughputPredictor(  665):  BW: 0 RSSI: -50 Nss: 1 Mode: 1 symDur: 4000 snrDb 30 bitPerTone: 4500 rate: 54 throughput: 11
06-04 15:19:44.864 D/WifiThroughputPredictor(  665):  utilization (LLS) 80 isBluetoothConnected: false final utilization: 80
06-04 15:19:44.864 D/WifiThroughputPredictor(  665):  BW: 0 RSSI: -50 Nss: 1 Mode: 1 symDur: 4000 snrDb 30 bitPerTone: 4500 rate: 54 throughput: 11
06-04 15:19:44.866 I/AdbWifiNetworkMonitor(  665): Wi-Fi network available
06-04 15:19:44.866 I/AdbWifiNetworkMonitor(  665): Received the same Wi-Fi SSID. Ignoring.
06-04 15:19:44.869 I/HalDevMgr(  665): bestIfaceCreationProposal is null, requestIface=STA, existingIface=[name=wlan0 type=STA]
06-04 15:19:44.869 W/libbinder.IPCThreadState(  665): Sending oneway calls to frozen process.
06-04 15:19:44.869 W/libbinder.IPCThreadState(  665): Sending oneway calls to frozen process.
06-04 15:19:44.869 W/libbinder.IPCThreadState(  665): Sending oneway calls to frozen process.
06-04 15:19:44.869 W/libbinder.IPCThreadState(  665): Sending oneway calls to frozen process.
06-04 15:19:44.869 W/libbinder.IPCThreadState(  665): Sending oneway calls to frozen process.
06-04 15:19:44.870 I/WifiService(  665): getWifiEnabledState uid=10197 state=3
06-04 15:19:44.871 I/NullBinder( 1247): NullBinder for android.net.action.RECOMMEND_NETWORKS triggering remote TransactionTooLargeException due to Service without Chimera impl, calling uid: 1000, calling pid: 0
06-04 15:19:44.871 I/WifiService(  665): getConnectionInfo uid=10216
06-04 15:19:44.872 V/WifiService(  665): Clearing REDACT_FOR_LOCAL_MAC_ADDRESS for com.google.android.gms(uid=10216)
06-04 15:19:44.872 V/WifiPermissionsUtil(  665): checkCallersLocationPermission(com.google.android.gms): ok because uid 10216 has app-op android:fine_location
06-04 15:19:44.872 V/WifiService(  665): Clearing REDACT_FOR_ACCESS_FINE_LOCATION for com.google.android.gms(uid=10216)
06-04 15:19:44.872 W/libbinder.Binder( 1247): Large reply transaction of 1056768 bytes, interface descriptor , function: UNKNOWN_FUNCTION_NAME, code: 1, flags: 17
06-04 15:19:44.872 D/WifiScoreCard(  665): BSSID update SIGNAL_POLL ID: 2101330849 SSID: "AndroidWifi", BSSID: 00:13:10:85:fe:01, MAC: 02:15:b2:00:00:00, IP: /10.0.2.16, Security type: 0, Supplicant state: COMPLETED, Wi-Fi standard: legacy, RSSI: -50, Link speed: 1Mbps, Tx Link speed: 1Mbps, Max Supported Tx Link speed: 11Mbps, Calculated Tx : 0Mbps, Rx Link speed: 2Mbps, Max Supported Rx Link speed: 11Mbps, Calculated Rx : 0Mbps, Frequency: 2447MHz, Net ID: 0, Metered hint: false, score: 100, isUsable: true, CarrierMerged: false, SubscriptionId: -1, IsPrimary: 1, Trusted: true, Restricted: false, Ephemeral: false, OEM paid: false, OEM private: false, OSU AP: false, FQDN: <none>, Provider friendly name: <none>, Requesting package name: <none>"AndroidWifi"openMLO Information: , Is TID-To-Link negotiation supported by the AP: false, AP MLD Address: <none>, AP MLO Link Id: <none>, AP MLO Affiliated links: <none>, Vendor Data: <none>
06-04 15:19:44.872 D/WifiScoreCard(  665): txRate: 1 txSpeed: 1
06-04 15:19:44.872 D/WifiScoreCard(  665): network update SIGNAL_POLL "AndroidWifi" ID: 1558497550 RSSI -50 txSpeed -1
06-04 15:19:44.872 D/WifiClientModeImpl[6437:wlan0](  665):  ClientModeImpl$L2ConnectedState screen=on 1 0 "AndroidWifi" 00:13:10:85:fe:01 rssi=-50 f=2447 sc=100 link=1 tx=0.0, 0.0, 0.0 rx=0.0 bcn=0 [on:0 tx:0 rx:0 period:3011] from screen [on:0 period:-1850242968] score=100
06-04 15:19:44.936 W/skia    (  493): AGTM parsing failed flags.readFromStream(s) at 159
06-04 15:19:45.037 W/skia    (  493): AGTM parsing failed flags.readFromStream(s) at 159
06-04 15:19:45.138 W/skia    (  493): AGTM parsing failed flags.readFromStream(s) at 159
06-04 15:19:45.239 W/skia    (  493): AGTM parsing failed flags.readFromStream(s) at 159
06-04 15:19:45.340 W/skia    (  493): AGTM parsing failed flags.readFromStream(s) at 159
06-04 15:19:45.441 W/skia    (  493): AGTM parsing failed flags.readFromStream(s) at 159
06-04 15:19:45.541 W/skia    (  493): AGTM parsing failed flags.readFromStream(s) at 159
06-04 15:19:45.642 W/skia    (  493): AGTM parsing failed flags.readFromStream(s) at 159
06-04 15:19:45.742 W/skia    (  493): AGTM parsing failed flags.readFromStream(s) at 159
06-04 15:19:45.838 D/SatelliteController( 1071): isInCarrierRoamingNbIotNtn: satellite is disabled
06-04 15:19:45.838 D/SatelliteController( 1071): getCarrierRoamingNtnConnectType: Checking connect type from PLMN config for subId: 1
06-04 15:19:45.838 D/TelephonyConfigUpdateInstallReceiver( 1071): getConfigParser: domain=satellite
06-04 15:19:45.838 V/SatelliteController( 1071): satelliteConfigParser is not ready
06-04 15:19:45.838 D/SatelliteController( 1071): isSatelliteAttachSupportedViaConfigupdater: return null (satelliteConfig is null)
06-04 15:19:45.839 D/SatelliteController( 1071): getSatellitePerPlmnConfiguration: invalid subId or not supported via carrier.
06-04 15:19:45.840 D/SatelliteController( 1071): getCarrierRoamingNtnConnectType: config: null
06-04 15:19:45.840 D/TelephonyConfigUpdateInstallReceiver( 1071): getConfigParser: domain=satellite
06-04 15:19:45.840 V/SatelliteController( 1071): satelliteConfigParser is not ready
06-04 15:19:45.840 D/SatelliteController( 1071): getCarrierRoamingNtnConnectTypeViaConfigUpdater: return null (satelliteConfig is null)
06-04 15:19:45.840 D/SatelliteController( 1071): getCarrierRoamingNtnConnectType: Falling back to global carrier config connect type: 0
06-04 15:19:45.841 D/TelephonyConfigUpdateInstallReceiver( 1071): getConfigParser: domain=satellite
06-04 15:19:45.841 V/SatelliteController( 1071): satelliteConfigParser is not ready
06-04 15:19:45.841 D/SatelliteController( 1071): isSatelliteAttachSupportedViaConfigupdater: return null (satelliteConfig is null)
06-04 15:19:45.842 D/SatelliteController( 1071): getCarrierRoamingNtnConnectType: Checking connect type from PLMN config for subId: 1
06-04 15:19:45.842 D/TelephonyConfigUpdateInstallReceiver( 1071): getConfigParser: domain=satellite
06-04 15:19:45.842 V/SatelliteController( 1071): satelliteConfigParser is not ready
06-04 15:19:45.842 D/SatelliteController( 1071): isSatelliteAttachSupportedViaConfigupdater: return null (satelliteConfig is null)
06-04 15:19:45.842 D/SatelliteController( 1071): getSatellitePerPlmnConfiguration: invalid subId or not supported via carrier.
06-04 15:19:45.842 D/SatelliteController( 1071): getCarrierRoamingNtnConnectType: config: null
06-04 15:19:45.842 D/TelephonyConfigUpdateInstallReceiver( 1071): getConfigParser: domain=satellite
06-04 15:19:45.842 V/SatelliteController( 1071): satelliteConfigParser is not ready
06-04 15:19:45.842 D/SatelliteController( 1071): getCarrierRoamingNtnConnectTypeViaConfigUpdater: return null (satelliteConfig is null)
06-04 15:19:45.843 D/SatelliteController( 1071): getCarrierRoamingNtnConnectType: Falling back to global carrier config connect type: 0
06-04 15:19:45.843 D/TelephonyConfigUpdateInstallReceiver( 1071): getConfigParser: domain=satellite
06-04 15:19:45.843 V/SatelliteController( 1071): satelliteConfigParser is not ready
06-04 15:19:45.843 D/SatelliteController( 1071): isSatelliteAttachSupportedViaConfigupdater: return null (satelliteConfig is null)
06-04 15:19:45.843 W/skia    (  493): AGTM parsing failed flags.readFromStream(s) at 159
06-04 15:19:45.945 W/skia    (  493): AGTM parsing failed flags.readFromStream(s) at 159
06-04 15:19:46.046 W/skia    (  493): AGTM parsing failed flags.readFromStream(s) at 159
06-04 15:19:46.147 W/skia    (  493): AGTM parsing failed flags.readFromStream(s) at 159
06-04 15:19:46.250 W/skia    (  493): AGTM parsing failed flags.readFromStream(s) at 159
06-04 15:19:46.350 W/skia    (  493): AGTM parsing failed flags.readFromStream(s) at 159
06-04 15:19:46.451 W/skia    (  493): AGTM parsing failed flags.readFromStream(s) at 159
06-04 15:19:46.552 W/skia    (  493): AGTM parsing failed flags.readFromStream(s) at 159
06-04 15:19:46.652 W/skia    (  493): AGTM parsing failed flags.readFromStream(s) at 159
06-04 15:19:46.753 W/skia    (  493): AGTM parsing failed flags.readFromStream(s) at 159
06-04 15:19:46.863 W/skia    (  493): AGTM parsing failed flags.readFromStream(s) at 159
06-04 15:19:46.969 W/skia    (  493): AGTM parsing failed flags.readFromStream(s) at 159
06-04 15:19:47.069 W/skia    (  493): AGTM parsing failed flags.readFromStream(s) at 159
06-04 15:19:47.169 W/skia    (  493): AGTM parsing failed flags.readFromStream(s) at 159
06-04 15:19:47.270 W/skia    (  493): AGTM parsing failed flags.readFromStream(s) at 159
06-04 15:19:47.371 W/skia    (  493): AGTM parsing failed flags.readFromStream(s) at 159
06-04 15:19:47.472 W/skia    (  493): AGTM parsing failed flags.readFromStream(s) at 159
06-04 15:19:47.573 W/skia    (  493): AGTM parsing failed flags.readFromStream(s) at 159
06-04 15:19:47.675 W/skia    (  493): AGTM parsing failed flags.readFromStream(s) at 159
06-04 15:19:47.775 W/skia    (  493): AGTM parsing failed flags.readFromStream(s) at 159
06-04 15:19:47.877 D/WifiClientModeImpl[6437:wlan0](  665): updateLinkLayerStatsRssiSpeedFrequencyCapabilities rssi=-50 TxLinkspeed=1 freq=2447 RxLinkSpeed=2
06-04 15:19:47.877 D/WifiDataStall(  665): tx tput in kbps: 11000
06-04 15:19:47.877 D/WifiDataStall(  665): rx tput in kbps: 11000
06-04 15:19:47.877 V/WifiConfigManager(  665): Updating scan detail cache freq=2447 BSSID=00:13:10:85:fe:01 RSSI=-50 for "AndroidWifi"NONE
06-04 15:19:47.877 D/WifiThroughputPredictor(  665):  utilization (LLS) 80 isBluetoothConnected: false final utilization: 80
06-04 15:19:47.877 D/WifiThroughputPredictor(  665):  BW: 0 RSSI: -50 Nss: 1 Mode: 1 symDur: 4000 snrDb 30 bitPerTone: 4500 rate: 54 throughput: 11
06-04 15:19:47.877 D/WifiThroughputPredictor(  665):  utilization (LLS) 80 isBluetoothConnected: false final utilization: 80
06-04 15:19:47.877 D/WifiThroughputPredictor(  665):  BW: 0 RSSI: -50 Nss: 1 Mode: 1 symDur: 4000 snrDb 30 bitPerTone: 4500 rate: 54 throughput: 11
06-04 15:19:47.877 D/WifiThroughputPredictor(  665):  utilization (LLS) 80 isBluetoothConnected: false final utilization: 80
06-04 15:19:47.877 D/WifiThroughputPredictor(  665):  BW: 0 RSSI: -50 Nss: 1 Mode: 1 symDur: 4000 snrDb 30 bitPerTone: 4500 rate: 54 throughput: 11
06-04 15:19:47.877 W/skia    (  493): AGTM parsing failed flags.readFromStream(s) at 159
06-04 15:19:47.877 D/WifiThroughputPredictor(  665):  utilization (LLS) 80 isBluetoothConnected: false final utilization: 80
06-04 15:19:47.877 D/WifiThroughputPredictor(  665):  BW: 0 RSSI: -50 Nss: 1 Mode: 1 symDur: 4000 snrDb 30 bitPerTone: 4500 rate: 54 throughput: 11
06-04 15:19:47.878 I/HalDevMgr(  665): bestIfaceCreationProposal is null, requestIface=STA, existingIface=[name=wlan0 type=STA]
06-04 15:19:47.879 D/WifiScoreCard(  665): BSSID update SIGNAL_POLL ID: 2101330849 SSID: "AndroidWifi", BSSID: 00:13:10:85:fe:01, MAC: 02:15:b2:00:00:00, IP: /10.0.2.16, Security type: 0, Supplicant state: COMPLETED, Wi-Fi standard: legacy, RSSI: -50, Link speed: 1Mbps, Tx Link speed: 1Mbps, Max Supported Tx Link speed: 11Mbps, Calculated Tx : 0Mbps, Rx Link speed: 2Mbps, Max Supported Rx Link speed: 11Mbps, Calculated Rx : 0Mbps, Frequency: 2447MHz, Net ID: 0, Metered hint: false, score: 100, isUsable: true, CarrierMerged: false, SubscriptionId: -1, IsPrimary: 1, Trusted: true, Restricted: false, Ephemeral: false, OEM paid: false, OEM private: false, OSU AP: false, FQDN: <none>, Provider friendly name: <none>, Requesting package name: <none>"AndroidWifi"openMLO Information: , Is TID-To-Link negotiation supported by the AP: false, AP MLD Address: <none>, AP MLO Link Id: <none>, AP MLO Affiliated links: <none>, Vendor Data: <none>
06-04 15:19:47.879 D/WifiScoreCard(  665): txRate: 1 txSpeed: 1
06-04 15:19:47.879 D/WifiScoreCard(  665): network update SIGNAL_POLL "AndroidWifi" ID: 1558497550 RSSI -50 txSpeed -1
06-04 15:19:47.879 D/WifiClientModeImpl[6437:wlan0](  665):  ClientModeImpl$L2ConnectedState screen=on 1 0 "AndroidWifi" 00:13:10:85:fe:01 rssi=-50 f=2447 sc=100 link=1 tx=0.0, 0.0, 0.0 rx=0.0 bcn=0 [on:0 tx:0 rx:0 period:3007] from screen [on:0 period:-1850239961] score=100
06-04 15:19:47.978 W/skia    (  493): AGTM parsing failed flags.readFromStream(s) at 159
06-04 15:19:48.079 W/skia    (  493): AGTM parsing failed flags.readFromStream(s) at 159
06-04 15:19:48.180 W/skia    (  493): AGTM parsing failed flags.readFromStream(s) at 159
06-04 15:19:48.284 W/skia    (  493): AGTM parsing failed flags.readFromStream(s) at 159
06-04 15:19:48.385 W/skia    (  493): AGTM parsing failed flags.readFromStream(s) at 159
06-04 15:19:48.486 W/skia    (  493): AGTM parsing failed flags.readFromStream(s) at 159
06-04 15:19:48.586 W/skia    (  493): AGTM parsing failed flags.readFromStream(s) at 159
06-04 15:19:48.687 W/skia    (  493): AGTM parsing failed flags.readFromStream(s) at 159
06-04 15:19:48.788 W/skia    (  493): AGTM parsing failed flags.readFromStream(s) at 159
06-04 15:19:48.889 W/skia    (  493): AGTM parsing failed flags.readFromStream(s) at 159
06-04 15:19:48.990 W/skia    (  493): AGTM parsing failed flags.readFromStream(s) at 159
06-04 15:19:49.091 W/skia    (  493): AGTM parsing failed flags.readFromStream(s) at 159
06-04 15:19:49.193 W/skia    (  493): AGTM parsing failed flags.readFromStream(s) at 159
06-04 15:19:49.296 W/skia    (  493): AGTM parsing failed flags.readFromStream(s) at 159
06-04 15:19:49.401 W/skia    (  493): AGTM parsing failed flags.readFromStream(s) at 159
06-04 15:19:49.502 W/skia    (  493): AGTM parsing failed flags.readFromStream(s) at 159
06-04 15:19:49.602 W/skia    (  493): AGTM parsing failed flags.readFromStream(s) at 159
06-04 15:19:49.703 W/skia    (  493): AGTM parsing failed flags.readFromStream(s) at 159
06-04 15:19:49.804 W/skia    (  493): AGTM parsing failed flags.readFromStream(s) at 159
06-04 15:19:49.905 W/skia    (  493): AGTM parsing failed flags.readFromStream(s) at 159
06-04 15:19:50.006 W/skia    (  493): AGTM parsing failed flags.readFromStream(s) at 159
06-04 15:19:50.107 W/skia    (  493): AGTM parsing failed flags.readFromStream(s) at 159
06-04 15:19:50.209 W/skia    (  493): AGTM parsing failed flags.readFromStream(s) at 159
06-04 15:19:50.310 W/skia    (  493): AGTM parsing failed flags.readFromStream(s) at 159
06-04 15:19:50.411 W/skia    (  493): AGTM parsing failed flags.readFromStream(s) at 159
06-04 15:19:50.511 W/skia    (  493): AGTM parsing failed flags.readFromStream(s) at 159
06-04 15:19:50.617 W/skia    (  493): AGTM parsing failed flags.readFromStream(s) at 159
06-04 15:19:50.718 W/skia    (  493): AGTM parsing failed flags.readFromStream(s) at 159
06-04 15:19:50.818 W/skia    (  493): AGTM parsing failed flags.readFromStream(s) at 159
06-04 15:19:50.885 D/WifiClientModeImpl[6437:wlan0](  665): updateLinkLayerStatsRssiSpeedFrequencyCapabilities rssi=-50 TxLinkspeed=1 freq=2447 RxLinkSpeed=2
06-04 15:19:50.886 D/WifiDataStall(  665): tx tput in kbps: 11000
06-04 15:19:50.886 D/WifiDataStall(  665): rx tput in kbps: 11000
06-04 15:19:50.886 V/WifiConfigManager(  665): Updating scan detail cache freq=2447 BSSID=00:13:10:85:fe:01 RSSI=-50 for "AndroidWifi"NONE
06-04 15:19:50.886 D/WifiThroughputPredictor(  665):  utilization (LLS) 80 isBluetoothConnected: false final utilization: 80
06-04 15:19:50.886 D/WifiThroughputPredictor(  665):  BW: 0 RSSI: -50 Nss: 1 Mode: 1 symDur: 4000 snrDb 30 bitPerTone: 4500 rate: 54 throughput: 11
06-04 15:19:50.886 D/WifiThroughputPredictor(  665):  utilization (LLS) 80 isBluetoothConnected: false final utilization: 80
06-04 15:19:50.886 D/WifiThroughputPredictor(  665):  BW: 0 RSSI: -50 Nss: 1 Mode: 1 symDur: 4000 snrDb 30 bitPerTone: 4500 rate: 54 throughput: 11
06-04 15:19:50.886 D/WifiThroughputPredictor(  665):  utilization (LLS) 80 isBluetoothConnected: false final utilization: 80
06-04 15:19:50.886 D/WifiThroughputPredictor(  665):  BW: 0 RSSI: -50 Nss: 1 Mode: 1 symDur: 4000 snrDb 30 bitPerTone: 4500 rate: 54 throughput: 11
06-04 15:19:50.886 D/WifiThroughputPredictor(  665):  utilization (LLS) 80 isBluetoothConnected: false final utilization: 80
06-04 15:19:50.886 D/WifiThroughputPredictor(  665):  BW: 0 RSSI: -50 Nss: 1 Mode: 1 symDur: 4000 snrDb 30 bitPerTone: 4500 rate: 54 throughput: 11
06-04 15:19:50.891 I/HalDevMgr(  665): bestIfaceCreationProposal is null, requestIface=STA, existingIface=[name=wlan0 type=STA]
06-04 15:19:50.891 D/WifiScoreCard(  665): BSSID update SIGNAL_POLL ID: 2101330849 SSID: "AndroidWifi", BSSID: 00:13:10:85:fe:01, MAC: 02:15:b2:00:00:00, IP: /10.0.2.16, Security type: 0, Supplicant state: COMPLETED, Wi-Fi standard: legacy, RSSI: -50, Link speed: 1Mbps, Tx Link speed: 1Mbps, Max Supported Tx Link speed: 11Mbps, Calculated Tx : 0Mbps, Rx Link speed: 2Mbps, Max Supported Rx Link speed: 11Mbps, Calculated Rx : 0Mbps, Frequency: 2447MHz, Net ID: 0, Metered hint: false, score: 100, isUsable: true, CarrierMerged: false, SubscriptionId: -1, IsPrimary: 1, Trusted: true, Restricted: false, Ephemeral: false, OEM paid: false, OEM private: false, OSU AP: false, FQDN: <none>, Provider friendly name: <none>, Requesting package name: <none>"AndroidWifi"openMLO Information: , Is TID-To-Link negotiation supported by the AP: false, AP MLD Address: <none>, AP MLO Link Id: <none>, AP MLO Affiliated links: <none>, Vendor Data: <none>
06-04 15:19:50.891 D/WifiScoreCard(  665): txRate: 1 txSpeed: 1
06-04 15:19:50.891 D/WifiScoreCard(  665): network update SIGNAL_POLL "AndroidWifi" ID: 1558497550 RSSI -50 txSpeed -1
06-04 15:19:50.892 D/WifiClientModeImpl[6437:wlan0](  665):  ClientModeImpl$L2ConnectedState screen=on 1 0 "AndroidWifi" 00:13:10:85:fe:01 rssi=-50 f=2447 sc=100 link=1 tx=0.0, 0.0, 0.0 rx=0.0 bcn=0 [on:0 tx:0 rx:0 period:3013] from screen [on:0 period:-1850236948] score=100
06-04 15:19:50.919 W/skia    (  493): AGTM parsing failed flags.readFromStream(s) at 159
06-04 15:19:51.021 W/skia    (  493): AGTM parsing failed flags.readFromStream(s) at 159
06-04 15:19:51.122 W/skia    (  493): AGTM parsing failed flags.readFromStream(s) at 159
06-04 15:19:51.223 W/skia    (  493): AGTM parsing failed flags.readFromStream(s) at 159
06-04 15:19:51.324 W/skia    (  493): AGTM parsing failed flags.readFromStream(s) at 159
06-04 15:19:51.425 W/skia    (  493): AGTM parsing failed flags.readFromStream(s) at 159
06-04 15:19:51.525 W/skia    (  493): AGTM parsing failed flags.readFromStream(s) at 159
06-04 15:19:51.627 W/skia    (  493): AGTM parsing failed flags.readFromStream(s) at 159
06-04 15:19:51.728 W/skia    (  493): AGTM parsing failed flags.readFromStream(s) at 159
06-04 15:19:51.836 W/skia    (  493): AGTM parsing failed flags.readFromStream(s) at 159
06-04 15:19:51.937 W/skia    (  493): AGTM parsing failed flags.readFromStream(s) at 159
06-04 15:19:52.037 W/skia    (  493): AGTM parsing failed flags.readFromStream(s) at 159
06-04 15:19:52.138 W/skia    (  493): AGTM parsing failed flags.readFromStream(s) at 159
06-04 15:19:52.239 W/skia    (  493): AGTM parsing failed flags.readFromStream(s) at 159
06-04 15:19:52.339 W/skia    (  493): AGTM parsing failed flags.readFromStream(s) at 159
06-04 15:19:52.357 D/wpa_supplicant(  912): nl80211: Drv Event 64 (NL80211_CMD_NOTIFY_CQM) received for wlan0
06-04 15:19:52.357 D/wpa_supplicant(  912): nl80211: Beacon loss event
06-04 15:19:52.357 D/wpa_supplicant(  912): wlan0: Event BEACON_LOSS (53) received
06-04 15:19:52.357 I/wpa_supplicant(  912): wlan0: CTRL-EVENT-BEACON-LOSS 
06-04 15:19:52.440 W/skia    (  493): AGTM parsing failed flags.readFromStream(s) at 159
06-04 15:19:52.541 W/skia    (  493): AGTM parsing failed flags.readFromStream(s) at 159
06-04 15:19:52.641 W/skia    (  493): AGTM parsing failed flags.readFromStream(s) at 159
06-04 15:19:52.743 W/skia    (  493): AGTM parsing failed flags.readFromStream(s) at 159
06-04 15:19:52.845 W/skia    (  493): AGTM parsing failed flags.readFromStream(s) at 159
06-04 15:19:52.946 W/skia    (  493): AGTM parsing failed flags.readFromStream(s) at 159
06-04 15:19:53.047 W/skia    (  493): AGTM parsing failed flags.readFromStream(s) at 159
06-04 15:19:53.151 W/skia    (  493): AGTM parsing failed flags.readFromStream(s) at 159
06-04 15:19:53.253 W/skia    (  493): AGTM parsing failed flags.readFromStream(s) at 159
06-04 15:19:53.353 W/skia    (  493): AGTM parsing failed flags.readFromStream(s) at 159
06-04 15:19:53.454 W/skia    (  493): AGTM parsing failed flags.readFromStream(s) at 159
06-04 15:19:53.554 W/skia    (  493): AGTM parsing failed flags.readFromStream(s) at 159
06-04 15:19:53.654 W/skia    (  493): AGTM parsing failed flags.readFromStream(s) at 159
06-04 15:19:53.756 W/skia    (  493): AGTM parsing failed flags.readFromStream(s) at 159
06-04 15:19:53.856 W/skia    (  493): AGTM parsing failed flags.readFromStream(s) at 159
06-04 15:19:53.894 D/WifiClientModeImpl[6437:wlan0](  665): updateLinkLayerStatsRssiSpeedFrequencyCapabilities rssi=-50 TxLinkspeed=2 freq=2447 RxLinkSpeed=2
06-04 15:19:53.894 D/WifiClientModeImpl[6437:wlan0](  665): reported txKbps 12000 rxKbps 30000
06-04 15:19:53.894 D/WifiDataStall(  665): tx tput in kbps: 11000
06-04 15:19:53.894 D/WifiDataStall(  665): rx tput in kbps: 11000
06-04 15:19:53.894 V/WifiConfigManager(  665): Updating scan detail cache freq=2447 BSSID=00:13:10:85:fe:01 RSSI=-50 for "AndroidWifi"NONE
06-04 15:19:53.894 D/WifiThroughputPredictor(  665):  utilization (LLS) 80 isBluetoothConnected: false final utilization: 80
06-04 15:19:53.894 D/WifiThroughputPredictor(  665):  BW: 0 RSSI: -50 Nss: 1 Mode: 1 symDur: 4000 snrDb 30 bitPerTone: 4500 rate: 54 throughput: 11
06-04 15:19:53.894 D/WifiThroughputPredictor(  665):  utilization (LLS) 80 isBluetoothConnected: false final utilization: 80
06-04 15:19:53.894 D/WifiThroughputPredictor(  665):  BW: 0 RSSI: -50 Nss: 1 Mode: 1 symDur: 4000 snrDb 30 bitPerTone: 4500 rate: 54 throughput: 11
06-04 15:19:53.896 I/AdbWifiNetworkMonitor(  665): Wi-Fi network available
06-04 15:19:53.896 I/AdbWifiNetworkMonitor(  665): Received the same Wi-Fi SSID. Ignoring.
06-04 15:19:53.896 D/WifiThroughputPredictor(  665):  utilization (LLS) 80 isBluetoothConnected: false final utilization: 80
06-04 15:19:53.897 D/WifiThroughputPredictor(  665):  BW: 0 RSSI: -50 Nss: 1 Mode: 1 symDur: 4000 snrDb 30 bitPerTone: 4500 rate: 54 throughput: 11
06-04 15:19:53.897 D/WifiThroughputPredictor(  665):  utilization (LLS) 80 isBluetoothConnected: false final utilization: 80
06-04 15:19:53.897 D/WifiThroughputPredictor(  665):  BW: 0 RSSI: -50 Nss: 1 Mode: 1 symDur: 4000 snrDb 30 bitPerTone: 4500 rate: 54 throughput: 11
06-04 15:19:53.897 I/HalDevMgr(  665): bestIfaceCreationProposal is null, requestIface=STA, existingIface=[name=wlan0 type=STA]
06-04 15:19:53.898 D/WifiScoreCard(  665): BSSID update SIGNAL_POLL ID: 2101330849 SSID: "AndroidWifi", BSSID: 00:13:10:85:fe:01, MAC: 02:15:b2:00:00:00, IP: /10.0.2.16, Security type: 0, Supplicant state: COMPLETED, Wi-Fi standard: legacy, RSSI: -50, Link speed: 2Mbps, Tx Link speed: 2Mbps, Max Supported Tx Link speed: 11Mbps, Calculated Tx : 0Mbps, Rx Link speed: 2Mbps, Max Supported Rx Link speed: 11Mbps, Calculated Rx : 0Mbps, Frequency: 2447MHz, Net ID: 0, Metered hint: false, score: 100, isUsable: true, CarrierMerged: false, SubscriptionId: -1, IsPrimary: 1, Trusted: true, Restricted: false, Ephemeral: false, OEM paid: false, OEM private: false, OSU AP: false, FQDN: <none>, Provider friendly name: <none>, Requesting package name: <none>"AndroidWifi"openMLO Information: , Is TID-To-Link negotiation supported by the AP: false, AP MLD Address: <none>, AP MLO Link Id: <none>, AP MLO Affiliated links: <none>, Vendor Data: <none>
06-04 15:19:53.898 D/WifiScoreCard(  665): txRate: 1 txSpeed: 2
06-04 15:19:53.898 D/WifiScoreCard(  665): network update SIGNAL_POLL "AndroidWifi" ID: 1558497550 RSSI -50 txSpeed -1
06-04 15:19:53.898 I/WifiService(  665): getWifiEnabledState uid=10197 state=3
06-04 15:19:53.898 I/WifiService(  665): getConnectionInfo uid=10216
06-04 15:19:53.898 V/WifiService(  665): Clearing REDACT_FOR_LOCAL_MAC_ADDRESS for com.google.android.gms(uid=10216)
06-04 15:19:53.899 V/WifiPermissionsUtil(  665): checkCallersLocationPermission(com.google.android.gms): ok because uid 10216 has app-op android:fine_location
06-04 15:19:53.899 V/WifiService(  665): Clearing REDACT_FOR_ACCESS_FINE_LOCATION for com.google.android.gms(uid=10216)
06-04 15:19:53.899 W/libbinder.IPCThreadState(  665): Sending oneway calls to frozen process.
06-04 15:19:53.899 W/libbinder.IPCThreadState(  665): Sending oneway calls to frozen process.
06-04 15:19:53.899 W/libbinder.IPCThreadState(  665): Sending oneway calls to frozen process.
06-04 15:19:53.899 W/libbinder.IPCThreadState(  665): Sending oneway calls to frozen process.
06-04 15:19:53.899 W/libbinder.IPCThreadState(  665): Sending oneway calls to frozen process.
06-04 15:19:53.900 D/WifiClientModeImpl[6437:wlan0](  665):  ClientModeImpl$L2ConnectedState screen=on 1 0 "AndroidWifi" 00:13:10:85:fe:01 rssi=-50 f=2447 sc=100 link=2 tx=0.0, 0.0, 0.0 rx=0.0 bcn=0 [on:0 tx:0 rx:0 period:3007] from screen [on:0 period:-1850233941] score=100
06-04 15:19:53.901 I/NullBinder( 1247): NullBinder for android.net.action.RECOMMEND_NETWORKS triggering remote TransactionTooLargeException due to Service without Chimera impl, calling uid: 1000, calling pid: 0
06-04 15:19:53.901 W/libbinder.Binder( 1247): Large reply transaction of 1056768 bytes, interface descriptor , function: UNKNOWN_FUNCTION_NAME, code: 1, flags: 17
06-04 15:19:53.957 W/skia    (  493): AGTM parsing failed flags.readFromStream(s) at 159
06-04 15:19:54.057 W/skia    (  493): AGTM parsing failed flags.readFromStream(s) at 159
06-04 15:19:54.159 W/skia    (  493): AGTM parsing failed flags.readFromStream(s) at 159
06-04 15:19:54.260 W/skia    (  493): AGTM parsing failed flags.readFromStream(s) at 159
06-04 15:19:54.361 W/skia    (  493): AGTM parsing failed flags.readFromStream(s) at 159
06-04 15:19:54.463 W/skia    (  493): AGTM parsing failed flags.readFromStream(s) at 159
06-04 15:19:54.568 W/skia    (  493): AGTM parsing failed flags.readFromStream(s) at 159
06-04 15:19:54.669 W/skia    (  493): AGTM parsing failed flags.readFromStream(s) at 159
06-04 15:19:54.682 I/adbd    (  495): adbd service requested 'shell,v2:export ANDROID_LOG_TAGS=''; exec logcat '-d' '-t' '500''
06-04 15:19:54.748 I/logd    (  300): logdr: UID=2000 GID=2000 PID=8790 n tail=500 logMask=99 pid=0 start=0ns deadline=0ns
06-04 15:19:54.770 W/skia    (  493): AGTM parsing failed flags.readFromStream(s) at 159
06-04 15:19:54.871 W/skia    (  493): AGTM parsing failed flags.readFromStream(s) at 159
06-04 15:19:54.972 W/skia    (  493): AGTM parsing failed flags.readFromStream(s) at 159
06-04 15:19:55.074 W/skia    (  493): AGTM parsing failed flags.readFromStream(s) at 159
06-04 15:19:55.174 W/skia    (  493): AGTM parsing failed flags.readFromStream(s) at 159
06-04 15:19:55.275 W/skia    (  493): AGTM parsing failed flags.readFromStream(s) at 159
06-04 15:19:55.376 W/skia    (  493): AGTM parsing failed flags.readFromStream(s) at 159
06-04 15:19:55.477 W/skia    (  493): AGTM parsing failed flags.readFromStream(s) at 159
06-04 15:19:55.579 W/skia    (  493): AGTM parsing failed flags.readFromStream(s) at 159
06-04 15:19:55.679 W/skia    (  493): AGTM parsing failed flags.readFromStream(s) at 159
06-04 15:19:55.784 W/skia    (  493): AGTM parsing failed flags.readFromStream(s) at 159
06-04 15:19:55.839 D/SatelliteController( 1071): isInCarrierRoamingNbIotNtn: satellite is disabled
06-04 15:19:55.840 D/SatelliteController( 1071): getCarrierRoamingNtnConnectType: Checking connect type from PLMN config for subId: 1
06-04 15:19:55.840 D/TelephonyConfigUpdateInstallReceiver( 1071): getConfigParser: domain=satellite
06-04 15:19:55.840 V/SatelliteController( 1071): satelliteConfigParser is not ready
06-04 15:19:55.840 D/SatelliteController( 1071): isSatelliteAttachSupportedViaConfigupdater: return null (satelliteConfig is null)
06-04 15:19:55.840 D/SatelliteController( 1071): getSatellitePerPlmnConfiguration: invalid subId or not supported via carrier.
06-04 15:19:55.840 D/SatelliteController( 1071): getCarrierRoamingNtnConnectType: config: null
06-04 15:19:55.840 D/TelephonyConfigUpdateInstallReceiver( 1071): getConfigParser: domain=satellite
06-04 15:19:55.840 V/SatelliteController( 1071): satelliteConfigParser is not ready
06-04 15:19:55.840 D/SatelliteController( 1071): getCarrierRoamingNtnConnectTypeViaConfigUpdater: return null (satelliteConfig is null)
06-04 15:19:55.840 D/SatelliteController( 1071): getCarrierRoamingNtnConnectType: Falling back to global carrier config connect type: 0
06-04 15:19:55.840 D/TelephonyConfigUpdateInstallReceiver( 1071): getConfigParser: domain=satellite
06-04 15:19:55.840 V/SatelliteController( 1071): satelliteConfigParser is not ready
06-04 15:19:55.840 D/SatelliteController( 1071): isSatelliteAttachSupportedViaConfigupdater: return null (satelliteConfig is null)
06-04 15:19:55.840 D/SatelliteController( 1071): getCarrierRoamingNtnConnectType: Checking connect type from PLMN config for subId: 1
06-04 15:19:55.840 D/TelephonyConfigUpdateInstallReceiver( 1071): getConfigParser: domain=satellite
06-04 15:19:55.840 V/SatelliteController( 1071): satelliteConfigParser is not ready
06-04 15:19:55.840 D/SatelliteController( 1071): isSatelliteAttachSupportedViaConfigupdater: return null (satelliteConfig is null)
06-04 15:19:55.841 D/SatelliteController( 1071): getSatellitePerPlmnConfiguration: invalid subId or not supported via carrier.
06-04 15:19:55.841 D/SatelliteController( 1071): getCarrierRoamingNtnConnectType: config: null
06-04 15:19:55.841 D/TelephonyConfigUpdateInstallReceiver( 1071): getConfigParser: domain=satellite
06-04 15:19:55.841 V/SatelliteController( 1071): satelliteConfigParser is not ready
06-04 15:19:55.841 D/SatelliteController( 1071): getCarrierRoamingNtnConnectTypeViaConfigUpdater: return null (satelliteConfig is null)
06-04 15:19:55.841 D/SatelliteController( 1071): getCarrierRoamingNtnConnectType: Falling back to global carrier config connect type: 0
06-04 15:19:55.841 D/TelephonyConfigUpdateInstallReceiver( 1071): getConfigParser: domain=satellite
06-04 15:19:55.841 V/SatelliteController( 1071): satelliteConfigParser is not ready
06-04 15:19:55.841 D/SatelliteController( 1071): isSatelliteAttachSupportedViaConfigupdater: return null (satelliteConfig is null)
06-04 15:19:55.885 W/skia    (  493): AGTM parsing failed flags.readFromStream(s) at 159
06-04 15:19:55.986 W/skia    (  493): AGTM parsing failed flags.readFromStream(s) at 159
06-04 15:19:56.086 W/skia    (  493): AGTM parsing failed flags.readFromStream(s) at 159
06-04 15:19:56.186 W/skia    (  493): AGTM parsing failed flags.readFromStream(s) at 159
06-04 15:19:56.287 W/skia    (  493): AGTM parsing failed flags.readFromStream(s) at 159
06-04 15:19:56.388 W/skia    (  493): AGTM parsing failed flags.readFromStream(s) at 159
06-04 15:19:56.489 W/skia    (  493): AGTM parsing failed flags.readFromStream(s) at 159
06-04 15:19:56.589 W/skia    (  493): AGTM parsing failed flags.readFromStream(s) at 159
06-04 15:19:56.691 W/skia    (  493): AGTM parsing failed flags.readFromStream(s) at 159
06-04 15:19:56.792 W/skia    (  493): AGTM parsing failed flags.readFromStream(s) at 159
06-04 15:19:56.894 W/skia    (  493): AGTM parsing failed flags.readFromStream(s) at 159
06-04 15:19:56.901 D/WifiClientModeImpl[6437:wlan0](  665): updateLinkLayerStatsRssiSpeedFrequencyCapabilities rssi=-50 TxLinkspeed=2 freq=2447 RxLinkSpeed=2
06-04 15:19:56.902 D/WifiDataStall(  665): tx tput in kbps: 11000
06-04 15:19:56.902 D/WifiDataStall(  665): rx tput in kbps: 11000
06-04 15:19:56.902 V/WifiConfigManager(  665): Updating scan detail cache freq=2447 BSSID=00:13:10:85:fe:01 RSSI=-50 for "AndroidWifi"NONE
06-04 15:19:56.902 D/WifiThroughputPredictor(  665):  utilization (LLS) 80 isBluetoothConnected: false final utilization: 80
06-04 15:19:56.902 D/WifiThroughputPredictor(  665):  BW: 0 RSSI: -50 Nss: 1 Mode: 1 symDur: 4000 snrDb 30 bitPerTone: 4500 rate: 54 throughput: 11
06-04 15:19:56.902 D/WifiThroughputPredictor(  665):  utilization (LLS) 80 isBluetoothConnected: false final utilization: 80
06-04 15:19:56.902 D/WifiThroughputPredictor(  665):  BW: 0 RSSI: -50 Nss: 1 Mode: 1 symDur: 4000 snrDb 30 bitPerTone: 4500 rate: 54 throughput: 11
06-04 15:19:56.902 D/WifiThroughputPredictor(  665):  utilization (LLS) 80 isBluetoothConnected: false final utilization: 80
06-04 15:19:56.902 D/WifiThroughputPredictor(  665):  BW: 0 RSSI: -50 Nss: 1 Mode: 1 symDur: 4000 snrDb 30 bitPerTone: 4500 rate: 54 throughput: 11
06-04 15:19:56.902 D/WifiThroughputPredictor(  665):  utilization (LLS) 80 isBluetoothConnected: false final utilization: 80
06-04 15:19:56.902 D/WifiThroughputPredictor(  665):  BW: 0 RSSI: -50 Nss: 1 Mode: 1 symDur: 4000 snrDb 30 bitPerTone: 4500 rate: 54 throughput: 11
06-04 15:19:56.902 I/HalDevMgr(  665): bestIfaceCreationProposal is null, requestIface=STA, existingIface=[name=wlan0 type=STA]
06-04 15:19:56.903 D/WifiScoreCard(  665): BSSID update SIGNAL_POLL ID: 2101330849 SSID: "AndroidWifi", BSSID: 00:13:10:85:fe:01, MAC: 02:15:b2:00:00:00, IP: /10.0.2.16, Security type: 0, Supplicant state: COMPLETED, Wi-Fi standard: legacy, RSSI: -50, Link speed: 2Mbps, Tx Link speed: 2Mbps, Max Supported Tx Link speed: 11Mbps, Calculated Tx : 0Mbps, Rx Link speed: 2Mbps, Max Supported Rx Link speed: 11Mbps, Calculated Rx : 0Mbps, Frequency: 2447MHz, Net ID: 0, Metered hint: false, score: 100, isUsable: true, CarrierMerged: false, SubscriptionId: -1, IsPrimary: 1, Trusted: true, Restricted: false, Ephemeral: false, OEM paid: false, OEM private: false, OSU AP: false, FQDN: <none>, Provider friendly name: <none>, Requesting package name: <none>"AndroidWifi"openMLO Information: , Is TID-To-Link negotiation supported by the AP: false, AP MLD Address: <none>, AP MLO Link Id: <none>, AP MLO Affiliated links: <none>, Vendor Data: <none>
06-04 15:19:56.903 D/WifiScoreCard(  665): txRate: 1 txSpeed: 2
06-04 15:19:56.903 D/WifiScoreCard(  665): network update SIGNAL_POLL "AndroidWifi" ID: 1558497550 RSSI -50 txSpeed -1
06-04 15:19:56.903 D/WifiClientModeImpl[6437:wlan0](  665):  ClientModeImpl$L2ConnectedState screen=on 1 0 "AndroidWifi" 00:13:10:85:fe:01 rssi=-50 f=2447 sc=100 link=2 tx=0.0, 0.0, 0.0 rx=0.0 bcn=0 [on:0 tx:0 rx:0 period:3003] from screen [on:0 period:-1850230937] score=100
06-04 15:19:56.995 W/skia    (  493): AGTM parsing failed flags.readFromStream(s) at 159
06-04 15:19:57.096 W/skia    (  493): AGTM parsing failed flags.readFromStream(s) at 159
06-04 15:19:57.198 W/skia    (  493): AGTM parsing failed flags.readFromStream(s) at 159
06-04 15:19:57.299 W/skia    (  493): AGTM parsing failed flags.readFromStream(s) at 159
06-04 15:19:57.401 W/skia    (  493): AGTM parsing failed flags.readFromStream(s) at 159
06-04 15:19:57.502 W/skia    (  493): AGTM parsing failed flags.readFromStream(s) at 159
06-04 15:19:57.603 W/skia    (  493): AGTM parsing failed flags.readFromStream(s) at 159
06-04 15:19:57.704 W/skia    (  493): AGTM parsing failed flags.readFromStream(s) at 159
06-04 15:19:57.804 W/skia    (  493): AGTM parsing failed flags.readFromStream(s) at 159
06-04 15:19:57.905 W/skia    (  493): AGTM parsing failed flags.readFromStream(s) at 159
06-04 15:19:58.007 W/skia    (  493): AGTM parsing failed flags.readFromStream(s) at 159
06-04 15:19:58.107 W/skia    (  493): AGTM parsing failed flags.readFromStream(s) at 159
06-04 15:19:58.209 W/skia    (  493): AGTM parsing failed flags.readFromStream(s) at 159
06-04 15:19:58.310 W/skia    (  493): AGTM parsing failed flags.readFromStream(s) at 159
06-04 15:19:58.412 W/skia    (  493): AGTM parsing failed flags.readFromStream(s) at 159
06-04 15:19:58.516 W/skia    (  493): AGTM parsing failed flags.readFromStream(s) at 159
06-04 15:19:58.617 W/skia    (  493): AGTM parsing failed flags.readFromStream(s) at 159
06-04 15:19:58.718 W/skia    (  493): AGTM parsing failed flags.readFromStream(s) at 159
06-04 15:19:58.820 W/skia    (  493): AGTM parsing failed flags.readFromStream(s) at 159
06-04 15:19:58.921 W/skia    (  493): AGTM parsing failed flags.readFromStream(s) at 159
06-04 15:19:59.023 W/skia    (  493): AGTM parsing failed flags.readFromStream(s) at 159
06-04 15:19:59.124 W/skia    (  493): AGTM parsing failed flags.readFromStream(s) at 159
06-04 15:19:59.226 W/skia    (  493): AGTM parsing failed flags.readFromStream(s) at 159
06-04 15:19:59.328 W/skia    (  493): AGTM parsing failed flags.readFromStream(s) at 159
06-04 15:19:59.428 W/skia    (  493): AGTM parsing failed flags.readFromStream(s) at 159
06-04 15:19:59.529 W/skia    (  493): AGTM parsing failed flags.readFromStream(s) at 159
06-04 15:19:59.635 W/skia    (  493): AGTM parsing failed flags.readFromStream(s) at 159
06-04 15:19:59.734 W/skia    (  493): AGTM parsing failed flags.readFromStream(s) at 159
06-04 15:19:59.836 W/skia    (  493): AGTM parsing failed flags.readFromStream(s) at 159
06-04 15:19:59.908 D/WifiClientModeImpl[6437:wlan0](  665): updateLinkLayerStatsRssiSpeedFrequencyCapabilities rssi=-50 TxLinkspeed=2 freq=2447 RxLinkSpeed=2
06-04 15:19:59.908 D/WifiDataStall(  665): tx tput in kbps: 11000
06-04 15:19:59.908 D/WifiDataStall(  665): rx tput in kbps: 11000
06-04 15:19:59.908 V/WifiConfigManager(  665): Updating scan detail cache freq=2447 BSSID=00:13:10:85:fe:01 RSSI=-50 for "AndroidWifi"NONE
06-04 15:19:59.908 D/WifiThroughputPredictor(  665):  utilization (LLS) 80 isBluetoothConnected: false final utilization: 80
06-04 15:19:59.908 D/WifiThroughputPredictor(  665):  BW: 0 RSSI: -50 Nss: 1 Mode: 1 symDur: 4000 snrDb 30 bitPerTone: 4500 rate: 54 throughput: 11
06-04 15:19:59.908 D/WifiThroughputPredictor(  665):  utilization (LLS) 80 isBluetoothConnected: false final utilization: 80
06-04 15:19:59.908 D/WifiThroughputPredictor(  665):  BW: 0 RSSI: -50 Nss: 1 Mode: 1 symDur: 4000 snrDb 30 bitPerTone: 4500 rate: 54 throughput: 11
06-04 15:19:59.908 D/WifiThroughputPredictor(  665):  utilization (LLS) 80 isBluetoothConnected: false final utilization: 80
06-04 15:19:59.908 D/WifiThroughputPredictor(  665):  BW: 0 RSSI: -50 Nss: 1 Mode: 1 symDur: 4000 snrDb 30 bitPerTone: 4500 rate: 54 throughput: 11
06-04 15:19:59.908 D/WifiThroughputPredictor(  665):  utilization (LLS) 80 isBluetoothConnected: false final utilization: 80
06-04 15:19:59.908 D/WifiThroughputPredictor(  665):  BW: 0 RSSI: -50 Nss: 1 Mode: 1 symDur: 4000 snrDb 30 bitPerTone: 4500 rate: 54 throughput: 11
06-04 15:19:59.911 I/HalDevMgr(  665): bestIfaceCreationProposal is null, requestIface=STA, existingIface=[name=wlan0 type=STA]
06-04 15:19:59.912 D/WifiScoreCard(  665): BSSID update SIGNAL_POLL ID: 2101330849 SSID: "AndroidWifi", BSSID: 00:13:10:85:fe:01, MAC: 02:15:b2:00:00:00, IP: /10.0.2.16, Security type: 0, Supplicant state: COMPLETED, Wi-Fi standard: legacy, RSSI: -50, Link speed: 2Mbps, Tx Link speed: 2Mbps, Max Supported Tx Link speed: 11Mbps, Calculated Tx : 0Mbps, Rx Link speed: 2Mbps, Max Supported Rx Link speed: 11Mbps, Calculated Rx : 0Mbps, Frequency: 2447MHz, Net ID: 0, Metered hint: false, score: 100, isUsable: true, CarrierMerged: false, SubscriptionId: -1, IsPrimary: 1, Trusted: true, Restricted: false, Ephemeral: false, OEM paid: false, OEM private: false, OSU AP: false, FQDN: <none>, Provider friendly name: <none>, Requesting package name: <none>"AndroidWifi"openMLO Information: , Is TID-To-Link negotiation supported by the AP: false, AP MLD Address: <none>, AP MLO Link Id: <none>, AP MLO Affiliated links: <none>, Vendor Data: <none>
06-04 15:19:59.912 D/WifiScoreCard(  665): txRate: 1 txSpeed: 2
06-04 15:19:59.912 D/WifiScoreCard(  665): network update SIGNAL_POLL "AndroidWifi" ID: 1558497550 RSSI -50 txSpeed -1
06-04 15:19:59.912 D/WifiClientModeImpl[6437:wlan0](  665):  ClientModeImpl$L2ConnectedState screen=on 1 0 "AndroidWifi" 00:13:10:85:fe:01 rssi=-50 f=2447 sc=100 link=2 tx=0.0, 0.0, 0.0 rx=0.0 bcn=0 [on:0 tx:0 rx:0 period:3009] from screen [on:0 period:-1850227928] score=100
06-04 15:19:59.937 W/skia    (  493): AGTM parsing failed flags.readFromStream(s) at 159
06-04 15:20:00.037 W/skia    (  493): AGTM parsing failed flags.readFromStream(s) at 159
06-04 15:20:00.139 W/skia    (  493): AGTM parsing failed flags.readFromStream(s) at 159
06-04 15:20:00.240 W/skia    (  493): AGTM parsing failed flags.readFromStream(s) at 159
06-04 15:20:00.292 D/wpa_supplicant(  912): nl80211: Drv Event 64 (NL80211_CMD_NOTIFY_CQM) received for wlan0
06-04 15:20:00.292 D/wpa_supplicant(  912): nl80211: Beacon loss event
06-04 15:20:00.292 D/wpa_supplicant(  912): wlan0: Event BEACON_LOSS (53) received
06-04 15:20:00.292 I/wpa_supplicant(  912): wlan0: CTRL-EVENT-BEACON-LOSS 
06-04 15:20:00.341 W/skia    (  493): AGTM parsing failed flags.readFromStream(s) at 159
06-04 15:20:00.442 W/skia    (  493): AGTM parsing failed flags.readFromStream(s) at 159
06-04 15:20:00.543 W/skia    (  493): AGTM parsing failed flags.readFromStream(s) at 159
06-04 15:20:00.643 W/skia    (  493): AGTM parsing failed flags.readFromStream(s) at 159
06-04 15:20:00.744 W/skia    (  493): AGTM parsing failed flags.readFromStream(s) at 159
06-04 15:20:00.844 W/skia    (  493): AGTM parsing failed flags.readFromStream(s) at 159
06-04 15:20:00.945 W/skia    (  493): AGTM parsing failed flags.readFromStream(s) at 159
06-04 15:20:01.047 W/skia    (  493): AGTM parsing failed flags.readFromStream(s) at 159
06-04 15:20:01.152 W/skia    (  493): AGTM parsing failed flags.readFromStream(s) at 159
06-04 15:20:01.252 W/skia    (  493): AGTM parsing failed flags.readFromStream(s) at 159
06-04 15:20:01.353 W/skia    (  493): AGTM parsing failed flags.readFromStream(s) at 159
06-04 15:20:01.453 W/skia    (  493): AGTM parsing failed flags.readFromStream(s) at 159
06-04 15:20:01.555 W/skia    (  493): AGTM parsing failed flags.readFromStream(s) at 159
06-04 15:20:01.656 W/skia    (  493): AGTM parsing failed flags.readFromStream(s) at 159
06-04 15:20:01.758 W/skia    (  493): AGTM parsing failed flags.readFromStream(s) at 159
06-04 15:20:01.859 W/skia    (  493): AGTM parsing failed flags.readFromStream(s) at 159
06-04 15:20:01.960 W/skia    (  493): AGTM parsing failed flags.readFromStream(s) at 159
06-04 15:20:02.061 W/skia    (  493): AGTM parsing failed flags.readFromStream(s) at 159
06-04 15:20:02.162 W/skia    (  493): AGTM parsing failed flags.readFromStream(s) at 159
06-04 15:20:02.268 W/skia    (  493): AGTM parsing failed flags.readFromStream(s) at 159
06-04 15:20:02.368 W/skia    (  493): AGTM parsing failed flags.readFromStream(s) at 159
06-04 15:20:02.469 W/skia    (  493): AGTM parsing failed flags.readFromStream(s) at 159
06-04 15:20:02.569 W/skia    (  493): AGTM parsing failed flags.readFromStream(s) at 159
06-04 15:20:02.670 W/skia    (  493): AGTM parsing failed flags.readFromStream(s) at 159
06-04 15:20:02.771 W/skia    (  493): AGTM parsing failed flags.readFromStream(s) at 159
06-04 15:20:02.873 W/skia    (  493): AGTM parsing failed flags.readFromStream(s) at 159
06-04 15:20:02.916 D/WifiClientModeImpl[6437:wlan0](  665): updateLinkLayerStatsRssiSpeedFrequencyCapabilities rssi=-50 TxLinkspeed=1 freq=2447 RxLinkSpeed=2
06-04 15:20:02.916 D/WifiClientModeImpl[6437:wlan0](  665): reported txKbps 12000 rxKbps 30000
06-04 15:20:02.916 D/WifiDataStall(  665): tx tput in kbps: 11000
06-04 15:20:02.916 D/WifiDataStall(  665): rx tput in kbps: 11000
06-04 15:20:02.916 V/WifiConfigManager(  665): Updating scan detail cache freq=2447 BSSID=00:13:10:85:fe:01 RSSI=-50 for "AndroidWifi"NONE
06-04 15:20:02.916 D/WifiThroughputPredictor(  665):  utilization (LLS) 80 isBluetoothConnected: false final utilization: 80
06-04 15:20:02.916 D/WifiThroughputPredictor(  665):  BW: 0 RSSI: -50 Nss: 1 Mode: 1 symDur: 4000 snrDb 30 bitPerTone: 4500 rate: 54 throughput: 11
06-04 15:20:02.916 D/WifiThroughputPredictor(  665):  utilization (LLS) 80 isBluetoothConnected: false final utilization: 80
06-04 15:20:02.916 D/WifiThroughputPredictor(  665):  BW: 0 RSSI: -50 Nss: 1 Mode: 1 symDur: 4000 snrDb 30 bitPerTone: 4500 rate: 54 throughput: 11
06-04 15:20:02.916 D/WifiThroughputPredictor(  665):  utilization (LLS) 80 isBluetoothConnected: false final utilization: 80
06-04 15:20:02.916 D/WifiThroughputPredictor(  665):  BW: 0 RSSI: -50 Nss: 1 Mode: 1 symDur: 4000 snrDb 30 bitPerTone: 4500 rate: 54 throughput: 11
06-04 15:20:02.916 D/WifiThroughputPredictor(  665):  utilization (LLS) 80 isBluetoothConnected: false final utilization: 80
06-04 15:20:02.916 D/WifiThroughputPredictor(  665):  BW: 0 RSSI: -50 Nss: 1 Mode: 1 symDur: 4000 snrDb 30 bitPerTone: 4500 rate: 54 throughput: 11
06-04 15:20:02.917 I/HalDevMgr(  665): bestIfaceCreationProposal is null, requestIface=STA, existingIface=[name=wlan0 type=STA]
06-04 15:20:02.917 D/WifiScoreCard(  665): BSSID update SIGNAL_POLL ID: 2101330849 SSID: "AndroidWifi", BSSID: 00:13:10:85:fe:01, MAC: 02:15:b2:00:00:00, IP: /10.0.2.16, Security type: 0, Supplicant state: COMPLETED, Wi-Fi standard: legacy, RSSI: -50, Link speed: 1Mbps, Tx Link speed: 1Mbps, Max Supported Tx Link speed: 11Mbps, Calculated Tx : 0Mbps, Rx Link speed: 2Mbps, Max Supported Rx Link speed: 11Mbps, Calculated Rx : 0Mbps, Frequency: 2447MHz, Net ID: 0, Metered hint: false, score: 100, isUsable: true, CarrierMerged: false, SubscriptionId: -1, IsPrimary: 1, Trusted: true, Restricted: false, Ephemeral: false, OEM paid: false, OEM private: false, OSU AP: false, FQDN: <none>, Provider friendly name: <none>, Requesting package name: <none>"AndroidWifi"openMLO Information: , Is TID-To-Link negotiation supported by the AP: false, AP MLD Address: <none>, AP MLO Link Id: <none>, AP MLO Affiliated links: <none>, Vendor Data: <none>
06-04 15:20:02.917 D/WifiScoreCard(  665): txRate: 1 txSpeed: 1
06-04 15:20:02.917 D/WifiScoreCard(  665): network update SIGNAL_POLL "AndroidWifi" ID: 1558497550 RSSI -50 txSpeed -1
06-04 15:20:02.917 D/WifiClientModeImpl[6437:wlan0](  665):  ClientModeImpl$L2ConnectedState screen=on 1 0 "AndroidWifi" 00:13:10:85:fe:01 rssi=-50 f=2447 sc=100 link=1 tx=0.0, 0.0, 0.0 rx=0.0 bcn=0 [on:0 tx:0 rx:0 period:3005] from screen [on:0 period:-1850224923] score=100
06-04 15:20:02.917 I/AdbWifiNetworkMonitor(  665): Wi-Fi network available
06-04 15:20:02.917 I/AdbWifiNetworkMonitor(  665): Received the same Wi-Fi SSID. Ignoring.
06-04 15:20:02.922 W/libbinder.IPCThreadState(  665): Sending oneway calls to frozen process.
06-04 15:20:02.922 W/libbinder.IPCThreadState(  665): Sending oneway calls to frozen process.
06-04 15:20:02.922 W/libbinder.IPCThreadState(  665): Sending oneway calls to frozen process.
06-04 15:20:02.923 W/libbinder.IPCThreadState(  665): Sending oneway calls to frozen process.
06-04 15:20:02.923 W/libbinder.IPCThreadState(  665): Sending oneway calls to frozen process.
06-04 15:20:02.923 I/WifiService(  665): getConnectionInfo uid=10216
06-04 15:20:02.923 V/WifiService(  665): Clearing REDACT_FOR_LOCAL_MAC_ADDRESS for com.google.android.gms(uid=10216)
06-04 15:20:02.923 V/WifiPermissionsUtil(  665): checkCallersLocationPermission(com.google.android.gms): ok because uid 10216 has app-op android:fine_location
06-04 15:20:02.924 V/WifiService(  665): Clearing REDACT_FOR_ACCESS_FINE_LOCATION for com.google.android.gms(uid=10216)
06-04 15:20:02.924 I/WifiService(  665): getWifiEnabledState uid=10197 state=3
06-04 15:20:02.927 I/NullBinder( 1247): NullBinder for android.net.action.RECOMMEND_NETWORKS triggering remote TransactionTooLargeException due to Service without Chimera impl, calling uid: 1000, calling pid: 0
06-04 15:20:02.927 W/libbinder.Binder( 1247): Large reply transaction of 1056768 bytes, interface descriptor , function: UNKNOWN_FUNCTION_NAME, code: 1, flags: 17
06-04 15:20:02.973 W/skia    (  493): AGTM parsing failed flags.readFromStream(s) at 159
06-04 15:20:03.075 W/skia    (  493): AGTM parsing failed flags.readFromStream(s) at 159
06-04 15:20:03.176 W/skia    (  493): AGTM parsing failed flags.readFromStream(s) at 159
06-04 15:20:03.284 W/skia    (  493): AGTM parsing failed flags.readFromStream(s) at 159
06-04 15:20:03.384 W/skia    (  493): AGTM parsing failed flags.readFromStream(s) at 159
06-04 15:20:03.484 W/skia    (  493): AGTM parsing failed flags.readFromStream(s) at 159
06-04 15:20:03.586 W/skia    (  493): AGTM parsing failed flags.readFromStream(s) at 159
06-04 15:20:03.686 W/skia    (  493): AGTM parsing failed flags.readFromStream(s) at 159
06-04 15:20:03.787 W/skia    (  493): AGTM parsing failed flags.readFromStream(s) at 159
06-04 15:20:03.888 W/skia    (  493): AGTM parsing failed flags.readFromStream(s) at 159
06-04 15:20:03.989 W/skia    (  493): AGTM parsing failed flags.readFromStream(s) at 159
06-04 15:20:04.091 W/skia    (  493): AGTM parsing failed flags.readFromStream(s) at 159
06-04 15:20:04.192 W/skia    (  493): AGTM parsing failed flags.readFromStream(s) at 159
06-04 15:20:04.293 W/skia    (  493): AGTM parsing failed flags.readFromStream(s) at 159
06-04 15:20:04.395 W/skia    (  493): AGTM parsing failed flags.readFromStream(s) at 159
06-04 15:20:04.496 W/skia    (  493): AGTM parsing failed flags.readFromStream(s) at 159
06-04 15:20:04.597 W/skia    (  493): AGTM parsing failed flags.readFromStream(s) at 159
