06-04 15:20:24.704 W/skia    (  493): AGTM parsing failed flags.readFromStream(s) at 159
06-04 15:20:24.805 W/skia    (  493): AGTM parsing failed flags.readFromStream(s) at 159
06-04 15:20:24.906 W/skia    (  493): AGTM parsing failed flags.readFromStream(s) at 159
06-04 15:20:25.007 W/skia    (  493): AGTM parsing failed flags.readFromStream(s) at 159
06-04 15:20:25.109 W/skia    (  493): AGTM parsing failed flags.readFromStream(s) at 159
06-04 15:20:25.211 W/skia    (  493): AGTM parsing failed flags.readFromStream(s) at 159
06-04 15:20:25.312 W/skia    (  493): AGTM parsing failed flags.readFromStream(s) at 159
06-04 15:20:25.413 W/skia    (  493): AGTM parsing failed flags.readFromStream(s) at 159
06-04 15:20:25.514 W/skia    (  493): AGTM parsing failed flags.readFromStream(s) at 159
06-04 15:20:25.616 W/skia    (  493): AGTM parsing failed flags.readFromStream(s) at 159
06-04 15:20:25.718 W/skia    (  493): AGTM parsing failed flags.readFromStream(s) at 159
06-04 15:20:25.819 W/skia    (  493): AGTM parsing failed flags.readFromStream(s) at 159
06-04 15:20:25.842 D/SatelliteController( 1071): isInCarrierRoamingNbIotNtn: satellite is disabled
06-04 15:20:25.842 D/SatelliteController( 1071): getCarrierRoamingNtnConnectType: Checking connect type from PLMN config for subId: 1
06-04 15:20:25.842 D/TelephonyConfigUpdateInstallReceiver( 1071): getConfigParser: domain=satellite
06-04 15:20:25.842 V/SatelliteController( 1071): satelliteConfigParser is not ready
06-04 15:20:25.842 D/SatelliteController( 1071): isSatelliteAttachSupportedViaConfigupdater: return null (satelliteConfig is null)
06-04 15:20:25.842 D/SatelliteController( 1071): getSatellitePerPlmnConfiguration: invalid subId or not supported via carrier.
06-04 15:20:25.843 D/SatelliteController( 1071): getCarrierRoamingNtnConnectType: config: null
06-04 15:20:25.843 D/TelephonyConfigUpdateInstallReceiver( 1071): getConfigParser: domain=satellite
06-04 15:20:25.843 V/SatelliteController( 1071): satelliteConfigParser is not ready
06-04 15:20:25.843 D/SatelliteController( 1071): getCarrierRoamingNtnConnectTypeViaConfigUpdater: return null (satelliteConfig is null)
06-04 15:20:25.843 D/SatelliteController( 1071): getCarrierRoamingNtnConnectType: Falling back to global carrier config connect type: 0
06-04 15:20:25.843 D/TelephonyConfigUpdateInstallReceiver( 1071): getConfigParser: domain=satellite
06-04 15:20:25.843 V/SatelliteController( 1071): satelliteConfigParser is not ready
06-04 15:20:25.843 D/SatelliteController( 1071): isSatelliteAttachSupportedViaConfigupdater: return null (satelliteConfig is null)
06-04 15:20:25.843 D/SatelliteController( 1071): getCarrierRoamingNtnConnectType: Checking connect type from PLMN config for subId: 1
06-04 15:20:25.843 D/TelephonyConfigUpdateInstallReceiver( 1071): getConfigParser: domain=satellite
06-04 15:20:25.843 V/SatelliteController( 1071): satelliteConfigParser is not ready
06-04 15:20:25.843 D/SatelliteController( 1071): isSatelliteAttachSupportedViaConfigupdater: return null (satelliteConfig is null)
06-04 15:20:25.843 D/SatelliteController( 1071): getSatellitePerPlmnConfiguration: invalid subId or not supported via carrier.
06-04 15:20:25.843 D/SatelliteController( 1071): getCarrierRoamingNtnConnectType: config: null
06-04 15:20:25.843 D/TelephonyConfigUpdateInstallReceiver( 1071): getConfigParser: domain=satellite
06-04 15:20:25.843 V/SatelliteController( 1071): satelliteConfigParser is not ready
06-04 15:20:25.843 D/SatelliteController( 1071): getCarrierRoamingNtnConnectTypeViaConfigUpdater: return null (satelliteConfig is null)
06-04 15:20:25.843 D/SatelliteController( 1071): getCarrierRoamingNtnConnectType: Falling back to global carrier config connect type: 0
06-04 15:20:25.843 D/TelephonyConfigUpdateInstallReceiver( 1071): getConfigParser: domain=satellite
06-04 15:20:25.843 V/SatelliteController( 1071): satelliteConfigParser is not ready
06-04 15:20:25.843 D/SatelliteController( 1071): isSatelliteAttachSupportedViaConfigupdater: return null (satelliteConfig is null)
06-04 15:20:25.920 W/skia    (  493): AGTM parsing failed flags.readFromStream(s) at 159
06-04 15:20:26.021 W/skia    (  493): AGTM parsing failed flags.readFromStream(s) at 159
06-04 15:20:26.121 W/skia    (  493): AGTM parsing failed flags.readFromStream(s) at 159
06-04 15:20:26.224 W/skia    (  493): AGTM parsing failed flags.readFromStream(s) at 159
06-04 15:20:26.324 W/skia    (  493): AGTM parsing failed flags.readFromStream(s) at 159
06-04 15:20:26.425 W/skia    (  493): AGTM parsing failed flags.readFromStream(s) at 159
06-04 15:20:26.526 W/skia    (  493): AGTM parsing failed flags.readFromStream(s) at 159
06-04 15:20:26.580 D/ActivityManager(  665): freezing 6699 com.google.android.apps.photos
06-04 15:20:26.581 D/InetDiagMessage(  665): Destroyed 0 sockets, proto=IPPROTO_TCP, family=AF_INET, states=14
06-04 15:20:26.581 D/InetDiagMessage(  665): Destroyed 0 sockets, proto=IPPROTO_TCP, family=AF_INET6, states=14
06-04 15:20:26.581 D/InetDiagMessage(  665): Destroyed live tcp sockets for uids={10164} in 0ms
06-04 15:20:26.629 W/skia    (  493): AGTM parsing failed flags.readFromStream(s) at 159
06-04 15:20:26.729 W/skia    (  493): AGTM parsing failed flags.readFromStream(s) at 159
06-04 15:20:26.830 W/skia    (  493): AGTM parsing failed flags.readFromStream(s) at 159
06-04 15:20:26.934 W/skia    (  493): AGTM parsing failed flags.readFromStream(s) at 159
06-04 15:20:26.954 D/WifiClientModeImpl[6437:wlan0](  665): updateLinkLayerStatsRssiSpeedFrequencyCapabilities rssi=-50 TxLinkspeed=11 freq=2447 RxLinkSpeed=2
06-04 15:20:26.954 D/WifiClientModeImpl[6437:wlan0](  665): reported txKbps 12000 rxKbps 30000
06-04 15:20:26.955 D/WifiDataStall(  665): tx tput in kbps: 11000
06-04 15:20:26.955 D/WifiDataStall(  665): rx tput in kbps: 11000
06-04 15:20:26.955 V/WifiConfigManager(  665): Updating scan detail cache freq=2447 BSSID=00:13:10:85:fe:01 RSSI=-50 for "AndroidWifi"NONE
06-04 15:20:26.955 D/WifiThroughputPredictor(  665):  utilization (LLS) 80 isBluetoothConnected: false final utilization: 80
06-04 15:20:26.955 D/WifiThroughputPredictor(  665):  BW: 0 RSSI: -50 Nss: 1 Mode: 1 symDur: 4000 snrDb 30 bitPerTone: 4500 rate: 54 throughput: 11
06-04 15:20:26.955 D/WifiThroughputPredictor(  665):  utilization (LLS) 80 isBluetoothConnected: false final utilization: 80
06-04 15:20:26.955 D/WifiThroughputPredictor(  665):  BW: 0 RSSI: -50 Nss: 1 Mode: 1 symDur: 4000 snrDb 30 bitPerTone: 4500 rate: 54 throughput: 11
06-04 15:20:26.955 D/WifiThroughputPredictor(  665):  utilization (LLS) 80 isBluetoothConnected: false final utilization: 80
06-04 15:20:26.955 D/WifiThroughputPredictor(  665):  BW: 0 RSSI: -50 Nss: 1 Mode: 1 symDur: 4000 snrDb 30 bitPerTone: 4500 rate: 54 throughput: 11
06-04 15:20:26.955 D/WifiThroughputPredictor(  665):  utilization (LLS) 80 isBluetoothConnected: false final utilization: 80
06-04 15:20:26.955 D/WifiThroughputPredictor(  665):  BW: 0 RSSI: -50 Nss: 1 Mode: 1 symDur: 4000 snrDb 30 bitPerTone: 4500 rate: 54 throughput: 11
06-04 15:20:26.955 I/HalDevMgr(  665): bestIfaceCreationProposal is null, requestIface=STA, existingIface=[name=wlan0 type=STA]
06-04 15:20:26.955 D/WifiScoreCard(  665): BSSID update SIGNAL_POLL ID: 2101330849 SSID: "AndroidWifi", BSSID: 00:13:10:85:fe:01, MAC: 02:15:b2:00:00:00, IP: /10.0.2.16, Security type: 0, Supplicant state: COMPLETED, Wi-Fi standard: legacy, RSSI: -50, Link speed: 11Mbps, Tx Link speed: 11Mbps, Max Supported Tx Link speed: 11Mbps, Calculated Tx : 0Mbps, Rx Link speed: 2Mbps, Max Supported Rx Link speed: 11Mbps, Calculated Rx : 0Mbps, Frequency: 2447MHz, Net ID: 0, Metered hint: false, score: 100, isUsable: true, CarrierMerged: false, SubscriptionId: -1, IsPrimary: 1, Trusted: true, Restricted: false, Ephemeral: false, OEM paid: false, OEM private: false, OSU AP: false, FQDN: <none>, Provider friendly name: <none>, Requesting package name: <none>"AndroidWifi"openMLO Information: , Is TID-To-Link negotiation supported by the AP: false, AP MLD Address: <none>, AP MLO Link Id: <none>, AP MLO Affiliated links: <none>, Vendor Data: <none>
06-04 15:20:26.955 D/WifiScoreCard(  665): txRate: 1 txSpeed: 11
06-04 15:20:26.955 D/WifiScoreCard(  665): network update SIGNAL_POLL "AndroidWifi" ID: 1558497550 RSSI -50 txSpeed -1
06-04 15:20:26.955 D/WifiClientModeImpl[6437:wlan0](  665):  ClientModeImpl$L2ConnectedState screen=on 1 0 "AndroidWifi" 00:13:10:85:fe:01 rssi=-50 f=2447 sc=100 link=11 tx=0.0, 0.0, 0.0 rx=0.0 bcn=0 [on:0 tx:0 rx:0 period:3004] from screen [on:0 period:-1850200885] score=100
06-04 15:20:26.956 I/AdbWifiNetworkMonitor(  665): Wi-Fi network available
06-04 15:20:26.956 I/AdbWifiNetworkMonitor(  665): Received the same Wi-Fi SSID. Ignoring.
06-04 15:20:26.960 I/WifiService(  665): getWifiEnabledState uid=10197 state=3
06-04 15:20:26.961 W/libbinder.IPCThreadState(  665): Sending oneway calls to frozen process.
06-04 15:20:26.961 W/libbinder.IPCThreadState(  665): Sending oneway calls to frozen process.
06-04 15:20:26.961 W/libbinder.IPCThreadState(  665): Sending oneway calls to frozen process.
06-04 15:20:26.961 W/libbinder.IPCThreadState(  665): Sending oneway calls to frozen process.
06-04 15:20:26.961 W/libbinder.IPCThreadState(  665): Sending oneway calls to frozen process.
06-04 15:20:26.961 I/NullBinder( 1247): NullBinder for android.net.action.RECOMMEND_NETWORKS triggering remote TransactionTooLargeException due to Service without Chimera impl, calling uid: 1000, calling pid: 0
06-04 15:20:26.961 W/libbinder.Binder( 1247): Large reply transaction of 1056768 bytes, interface descriptor , function: UNKNOWN_FUNCTION_NAME, code: 1, flags: 17
06-04 15:20:26.961 I/WifiService(  665): getConnectionInfo uid=10216
06-04 15:20:26.961 V/WifiService(  665): Clearing REDACT_FOR_LOCAL_MAC_ADDRESS for com.google.android.gms(uid=10216)
06-04 15:20:26.962 V/WifiPermissionsUtil(  665): checkCallersLocationPermission(com.google.android.gms): ok because uid 10216 has app-op android:fine_location
06-04 15:20:26.962 V/WifiService(  665): Clearing REDACT_FOR_ACCESS_FINE_LOCATION for com.google.android.gms(uid=10216)
06-04 15:20:27.036 W/skia    (  493): AGTM parsing failed flags.readFromStream(s) at 159
06-04 15:20:27.139 W/skia    (  493): AGTM parsing failed flags.readFromStream(s) at 159
06-04 15:20:27.239 W/skia    (  493): AGTM parsing failed flags.readFromStream(s) at 159
06-04 15:20:27.341 W/skia    (  493): AGTM parsing failed flags.readFromStream(s) at 159
06-04 15:20:27.441 W/skia    (  493): AGTM parsing failed flags.readFromStream(s) at 159
06-04 15:20:27.543 W/skia    (  493): AGTM parsing failed flags.readFromStream(s) at 159
06-04 15:20:27.643 W/skia    (  493): AGTM parsing failed flags.readFromStream(s) at 159
06-04 15:20:27.745 W/skia    (  493): AGTM parsing failed flags.readFromStream(s) at 159
06-04 15:20:27.850 W/skia    (  493): AGTM parsing failed flags.readFromStream(s) at 159
06-04 15:20:27.950 W/skia    (  493): AGTM parsing failed flags.readFromStream(s) at 159
06-04 15:20:28.052 W/skia    (  493): AGTM parsing failed flags.readFromStream(s) at 159
06-04 15:20:28.152 W/skia    (  493): AGTM parsing failed flags.readFromStream(s) at 159
06-04 15:20:28.253 W/skia    (  493): AGTM parsing failed flags.readFromStream(s) at 159
06-04 15:20:28.354 W/skia    (  493): AGTM parsing failed flags.readFromStream(s) at 159
06-04 15:20:28.455 W/skia    (  493): AGTM parsing failed flags.readFromStream(s) at 159
06-04 15:20:28.557 W/skia    (  493): AGTM parsing failed flags.readFromStream(s) at 159
06-04 15:20:28.659 W/skia    (  493): AGTM parsing failed flags.readFromStream(s) at 159
06-04 15:20:28.759 W/skia    (  493): AGTM parsing failed flags.readFromStream(s) at 159
06-04 15:20:28.862 W/skia    (  493): AGTM parsing failed flags.readFromStream(s) at 159
06-04 15:20:28.962 W/skia    (  493): AGTM parsing failed flags.readFromStream(s) at 159
06-04 15:20:29.064 W/skia    (  493): AGTM parsing failed flags.readFromStream(s) at 159
06-04 15:20:29.164 W/skia    (  493): AGTM parsing failed flags.readFromStream(s) at 159
06-04 15:20:29.269 W/skia    (  493): AGTM parsing failed flags.readFromStream(s) at 159
06-04 15:20:29.370 W/skia    (  493): AGTM parsing failed flags.readFromStream(s) at 159
06-04 15:20:29.471 W/skia    (  493): AGTM parsing failed flags.readFromStream(s) at 159
06-04 15:20:29.572 W/skia    (  493): AGTM parsing failed flags.readFromStream(s) at 159
06-04 15:20:29.673 W/skia    (  493): AGTM parsing failed flags.readFromStream(s) at 159
06-04 15:20:29.774 W/skia    (  493): AGTM parsing failed flags.readFromStream(s) at 159
06-04 15:20:29.874 W/skia    (  493): AGTM parsing failed flags.readFromStream(s) at 159
06-04 15:20:29.958 D/WifiClientModeImpl[6437:wlan0](  665): updateLinkLayerStatsRssiSpeedFrequencyCapabilities rssi=-50 TxLinkspeed=11 freq=2447 RxLinkSpeed=2
06-04 15:20:29.958 D/WifiDataStall(  665): tx tput in kbps: 11000
06-04 15:20:29.958 D/WifiDataStall(  665): rx tput in kbps: 11000
06-04 15:20:29.958 V/WifiConfigManager(  665): Updating scan detail cache freq=2447 BSSID=00:13:10:85:fe:01 RSSI=-50 for "AndroidWifi"NONE
06-04 15:20:29.958 D/WifiThroughputPredictor(  665):  utilization (LLS) 80 isBluetoothConnected: false final utilization: 80
06-04 15:20:29.958 D/WifiThroughputPredictor(  665):  BW: 0 RSSI: -50 Nss: 1 Mode: 1 symDur: 4000 snrDb 30 bitPerTone: 4500 rate: 54 throughput: 11
06-04 15:20:29.958 D/WifiThroughputPredictor(  665):  utilization (LLS) 80 isBluetoothConnected: false final utilization: 80
06-04 15:20:29.958 D/WifiThroughputPredictor(  665):  BW: 0 RSSI: -50 Nss: 1 Mode: 1 symDur: 4000 snrDb 30 bitPerTone: 4500 rate: 54 throughput: 11
06-04 15:20:29.958 D/WifiThroughputPredictor(  665):  utilization (LLS) 80 isBluetoothConnected: false final utilization: 80
06-04 15:20:29.958 D/WifiThroughputPredictor(  665):  BW: 0 RSSI: -50 Nss: 1 Mode: 1 symDur: 4000 snrDb 30 bitPerTone: 4500 rate: 54 throughput: 11
06-04 15:20:29.958 D/WifiThroughputPredictor(  665):  utilization (LLS) 80 isBluetoothConnected: false final utilization: 80
06-04 15:20:29.958 D/WifiThroughputPredictor(  665):  BW: 0 RSSI: -50 Nss: 1 Mode: 1 symDur: 4000 snrDb 30 bitPerTone: 4500 rate: 54 throughput: 11
06-04 15:20:29.958 I/HalDevMgr(  665): bestIfaceCreationProposal is null, requestIface=STA, existingIface=[name=wlan0 type=STA]
06-04 15:20:29.958 D/WifiScoreCard(  665): BSSID update SIGNAL_POLL ID: 2101330849 SSID: "AndroidWifi", BSSID: 00:13:10:85:fe:01, MAC: 02:15:b2:00:00:00, IP: /10.0.2.16, Security type: 0, Supplicant state: COMPLETED, Wi-Fi standard: legacy, RSSI: -50, Link speed: 11Mbps, Tx Link speed: 11Mbps, Max Supported Tx Link speed: 11Mbps, Calculated Tx : 0Mbps, Rx Link speed: 2Mbps, Max Supported Rx Link speed: 11Mbps, Calculated Rx : 0Mbps, Frequency: 2447MHz, Net ID: 0, Metered hint: false, score: 100, isUsable: true, CarrierMerged: false, SubscriptionId: -1, IsPrimary: 1, Trusted: true, Restricted: false, Ephemeral: false, OEM paid: false, OEM private: false, OSU AP: false, FQDN: <none>, Provider friendly name: <none>, Requesting package name: <none>"AndroidWifi"openMLO Information: , Is TID-To-Link negotiation supported by the AP: false, AP MLD Address: <none>, AP MLO Link Id: <none>, AP MLO Affiliated links: <none>, Vendor Data: <none>
06-04 15:20:29.958 D/WifiScoreCard(  665): txRate: 1 txSpeed: 11
06-04 15:20:29.958 D/WifiScoreCard(  665): network update SIGNAL_POLL "AndroidWifi" ID: 1558497550 RSSI -50 txSpeed -1
06-04 15:20:29.958 D/WifiClientModeImpl[6437:wlan0](  665):  ClientModeImpl$L2ConnectedState screen=on 1 0 "AndroidWifi" 00:13:10:85:fe:01 rssi=-50 f=2447 sc=100 link=11 tx=0.0, 0.0, 0.0 rx=0.0 bcn=0 [on:0 tx:0 rx:0 period:3003] from screen [on:0 period:-1850197882] score=100
06-04 15:20:29.975 W/skia    (  493): AGTM parsing failed flags.readFromStream(s) at 159
06-04 15:20:30.076 W/skia    (  493): AGTM parsing failed flags.readFromStream(s) at 159
06-04 15:20:30.177 W/skia    (  493): AGTM parsing failed flags.readFromStream(s) at 159
06-04 15:20:30.278 W/skia    (  493): AGTM parsing failed flags.readFromStream(s) at 159
06-04 15:20:30.379 W/skia    (  493): AGTM parsing failed flags.readFromStream(s) at 159
06-04 15:20:30.485 W/skia    (  493): AGTM parsing failed flags.readFromStream(s) at 159
06-04 15:20:30.587 W/skia    (  493): AGTM parsing failed flags.readFromStream(s) at 159
06-04 15:20:30.687 W/skia    (  493): AGTM parsing failed flags.readFromStream(s) at 159
06-04 15:20:30.788 W/skia    (  493): AGTM parsing failed flags.readFromStream(s) at 159
06-04 15:20:30.889 W/skia    (  493): AGTM parsing failed flags.readFromStream(s) at 159
06-04 15:20:30.990 W/skia    (  493): AGTM parsing failed flags.readFromStream(s) at 159
06-04 15:20:31.091 W/skia    (  493): AGTM parsing failed flags.readFromStream(s) at 159
06-04 15:20:31.193 W/skia    (  493): AGTM parsing failed flags.readFromStream(s) at 159
06-04 15:20:31.294 W/skia    (  493): AGTM parsing failed flags.readFromStream(s) at 159
06-04 15:20:31.401 W/skia    (  493): AGTM parsing failed flags.readFromStream(s) at 159
06-04 15:20:31.503 W/skia    (  493): AGTM parsing failed flags.readFromStream(s) at 159
06-04 15:20:31.604 W/skia    (  493): AGTM parsing failed flags.readFromStream(s) at 159
06-04 15:20:31.720 W/skia    (  493): AGTM parsing failed flags.readFromStream(s) at 159
06-04 15:20:31.812 W/skia    (  493): AGTM parsing failed flags.readFromStream(s) at 159
06-04 15:20:31.913 W/skia    (  493): AGTM parsing failed flags.readFromStream(s) at 159
06-04 15:20:32.013 W/skia    (  493): AGTM parsing failed flags.readFromStream(s) at 159
06-04 15:20:32.121 W/skia    (  493): AGTM parsing failed flags.readFromStream(s) at 159
06-04 15:20:32.221 W/skia    (  493): AGTM parsing failed flags.readFromStream(s) at 159
06-04 15:20:32.293 D/wpa_supplicant(  912): nl80211: Drv Event 64 (NL80211_CMD_NOTIFY_CQM) received for wlan0
06-04 15:20:32.293 D/wpa_supplicant(  912): nl80211: Beacon loss event
06-04 15:20:32.293 D/wpa_supplicant(  912): wlan0: Event BEACON_LOSS (53) received
06-04 15:20:32.293 I/wpa_supplicant(  912): wlan0: CTRL-EVENT-BEACON-LOSS 
06-04 15:20:32.323 W/skia    (  493): AGTM parsing failed flags.readFromStream(s) at 159
06-04 15:20:32.424 W/skia    (  493): AGTM parsing failed flags.readFromStream(s) at 159
06-04 15:20:32.525 W/skia    (  493): AGTM parsing failed flags.readFromStream(s) at 159
06-04 15:20:32.628 W/skia    (  493): AGTM parsing failed flags.readFromStream(s) at 159
06-04 15:20:32.729 W/skia    (  493): AGTM parsing failed flags.readFromStream(s) at 159
06-04 15:20:32.830 W/skia    (  493): AGTM parsing failed flags.readFromStream(s) at 159
06-04 15:20:32.933 W/skia    (  493): AGTM parsing failed flags.readFromStream(s) at 159
06-04 15:20:32.959 D/WifiClientModeImpl[6437:wlan0](  665): updateLinkLayerStatsRssiSpeedFrequencyCapabilities rssi=-50 TxLinkspeed=1 freq=2447 RxLinkSpeed=2
06-04 15:20:32.959 D/WifiClientModeImpl[6437:wlan0](  665): reported txKbps 12000 rxKbps 30000
06-04 15:20:32.959 I/AdbWifiNetworkMonitor(  665): Wi-Fi network available
06-04 15:20:32.959 I/AdbWifiNetworkMonitor(  665): Received the same Wi-Fi SSID. Ignoring.
06-04 15:20:32.960 D/WifiDataStall(  665): tx tput in kbps: 11000
06-04 15:20:32.960 D/WifiDataStall(  665): rx tput in kbps: 11000
06-04 15:20:32.960 V/WifiConfigManager(  665): Updating scan detail cache freq=2447 BSSID=00:13:10:85:fe:01 RSSI=-50 for "AndroidWifi"NONE
06-04 15:20:32.960 D/WifiThroughputPredictor(  665):  utilization (LLS) 80 isBluetoothConnected: false final utilization: 80
06-04 15:20:32.960 D/WifiThroughputPredictor(  665):  BW: 0 RSSI: -50 Nss: 1 Mode: 1 symDur: 4000 snrDb 30 bitPerTone: 4500 rate: 54 throughput: 11
06-04 15:20:32.960 D/WifiThroughputPredictor(  665):  utilization (LLS) 80 isBluetoothConnected: false final utilization: 80
06-04 15:20:32.960 D/WifiThroughputPredictor(  665):  BW: 0 RSSI: -50 Nss: 1 Mode: 1 symDur: 4000 snrDb 30 bitPerTone: 4500 rate: 54 throughput: 11
06-04 15:20:32.960 D/WifiThroughputPredictor(  665):  utilization (LLS) 80 isBluetoothConnected: false final utilization: 80
06-04 15:20:32.960 D/WifiThroughputPredictor(  665):  BW: 0 RSSI: -50 Nss: 1 Mode: 1 symDur: 4000 snrDb 30 bitPerTone: 4500 rate: 54 throughput: 11
06-04 15:20:32.960 D/WifiThroughputPredictor(  665):  utilization (LLS) 80 isBluetoothConnected: false final utilization: 80
06-04 15:20:32.960 D/WifiThroughputPredictor(  665):  BW: 0 RSSI: -50 Nss: 1 Mode: 1 symDur: 4000 snrDb 30 bitPerTone: 4500 rate: 54 throughput: 11
06-04 15:20:32.961 I/HalDevMgr(  665): bestIfaceCreationProposal is null, requestIface=STA, existingIface=[name=wlan0 type=STA]
06-04 15:20:32.961 D/WifiScoreCard(  665): BSSID update SIGNAL_POLL ID: 2101330849 SSID: "AndroidWifi", BSSID: 00:13:10:85:fe:01, MAC: 02:15:b2:00:00:00, IP: /10.0.2.16, Security type: 0, Supplicant state: COMPLETED, Wi-Fi standard: legacy, RSSI: -50, Link speed: 1Mbps, Tx Link speed: 1Mbps, Max Supported Tx Link speed: 11Mbps, Calculated Tx : 0Mbps, Rx Link speed: 2Mbps, Max Supported Rx Link speed: 11Mbps, Calculated Rx : 0Mbps, Frequency: 2447MHz, Net ID: 0, Metered hint: false, score: 100, isUsable: true, CarrierMerged: false, SubscriptionId: -1, IsPrimary: 1, Trusted: true, Restricted: false, Ephemeral: false, OEM paid: false, OEM private: false, OSU AP: false, FQDN: <none>, Provider friendly name: <none>, Requesting package name: <none>"AndroidWifi"openMLO Information: , Is TID-To-Link negotiation supported by the AP: false, AP MLD Address: <none>, AP MLO Link Id: <none>, AP MLO Affiliated links: <none>, Vendor Data: <none>
06-04 15:20:32.961 D/WifiScoreCard(  665): txRate: 1 txSpeed: 1
06-04 15:20:32.961 D/WifiScoreCard(  665): network update SIGNAL_POLL "AndroidWifi" ID: 1558497550 RSSI -50 txSpeed -1
06-04 15:20:32.961 D/WifiClientModeImpl[6437:wlan0](  665):  ClientModeImpl$L2ConnectedState screen=on 1 0 "AndroidWifi" 00:13:10:85:fe:01 rssi=-50 f=2447 sc=100 link=1 tx=0.0, 0.0, 0.0 rx=0.0 bcn=0 [on:0 tx:0 rx:0 period:3003] from screen [on:0 period:-1850194879] score=100
06-04 15:20:32.962 I/WifiService(  665): getConnectionInfo uid=10216
06-04 15:20:32.962 V/WifiService(  665): Clearing REDACT_FOR_LOCAL_MAC_ADDRESS for com.google.android.gms(uid=10216)
06-04 15:20:32.963 V/WifiPermissionsUtil(  665): checkCallersLocationPermission(com.google.android.gms): ok because uid 10216 has app-op android:fine_location
06-04 15:20:32.963 V/WifiService(  665): Clearing REDACT_FOR_ACCESS_FINE_LOCATION for com.google.android.gms(uid=10216)
06-04 15:20:32.963 W/libbinder.IPCThreadState(  665): Sending oneway calls to frozen process.
06-04 15:20:32.963 W/libbinder.IPCThreadState(  665): Sending oneway calls to frozen process.
06-04 15:20:32.963 W/libbinder.IPCThreadState(  665): Sending oneway calls to frozen process.
06-04 15:20:32.963 W/libbinder.IPCThreadState(  665): Sending oneway calls to frozen process.
06-04 15:20:32.963 W/libbinder.IPCThreadState(  665): Sending oneway calls to frozen process.
06-04 15:20:32.964 I/WifiService(  665): getWifiEnabledState uid=10197 state=3
06-04 15:20:32.966 I/NullBinder( 1247): NullBinder for android.net.action.RECOMMEND_NETWORKS triggering remote TransactionTooLargeException due to Service without Chimera impl, calling uid: 1000, calling pid: 0
06-04 15:20:32.966 W/libbinder.Binder( 1247): Large reply transaction of 1056768 bytes, interface descriptor , function: UNKNOWN_FUNCTION_NAME, code: 1, flags: 17
06-04 15:20:33.036 W/skia    (  493): AGTM parsing failed flags.readFromStream(s) at 159
06-04 15:20:33.137 W/skia    (  493): AGTM parsing failed flags.readFromStream(s) at 159
06-04 15:20:33.238 W/skia    (  493): AGTM parsing failed flags.readFromStream(s) at 159
06-04 15:20:33.339 W/skia    (  493): AGTM parsing failed flags.readFromStream(s) at 159
06-04 15:20:33.440 W/skia    (  493): AGTM parsing failed flags.readFromStream(s) at 159
06-04 15:20:33.541 W/skia    (  493): AGTM parsing failed flags.readFromStream(s) at 159
06-04 15:20:33.641 W/skia    (  493): AGTM parsing failed flags.readFromStream(s) at 159
06-04 15:20:33.743 W/skia    (  493): AGTM parsing failed flags.readFromStream(s) at 159
06-04 15:20:33.844 W/skia    (  493): AGTM parsing failed flags.readFromStream(s) at 159
06-04 15:20:33.887 I/adbd    (  495): adbd service requested 'shell,v2,raw:ps'
06-04 15:20:33.947 W/skia    (  493): AGTM parsing failed flags.readFromStream(s) at 159
06-04 15:20:34.047 W/skia    (  493): AGTM parsing failed flags.readFromStream(s) at 159
06-04 15:20:34.148 W/skia    (  493): AGTM parsing failed flags.readFromStream(s) at 159
06-04 15:20:34.248 W/skia    (  493): AGTM parsing failed flags.readFromStream(s) at 159
06-04 15:20:34.352 W/skia    (  493): AGTM parsing failed flags.readFromStream(s) at 159
06-04 15:20:34.452 W/skia    (  493): AGTM parsing failed flags.readFromStream(s) at 159
06-04 15:20:34.553 W/skia    (  493): AGTM parsing failed flags.readFromStream(s) at 159
06-04 15:20:34.653 W/skia    (  493): AGTM parsing failed flags.readFromStream(s) at 159
06-04 15:20:34.754 W/skia    (  493): AGTM parsing failed flags.readFromStream(s) at 159
06-04 15:20:34.855 W/skia    (  493): AGTM parsing failed flags.readFromStream(s) at 159
06-04 15:20:34.957 W/skia    (  493): AGTM parsing failed flags.readFromStream(s) at 159
06-04 15:20:35.058 W/skia    (  493): AGTM parsing failed flags.readFromStream(s) at 159
06-04 15:20:35.158 W/skia    (  493): AGTM parsing failed flags.readFromStream(s) at 159
06-04 15:20:35.261 W/skia    (  493): AGTM parsing failed flags.readFromStream(s) at 159
06-04 15:20:35.361 W/skia    (  493): AGTM parsing failed flags.readFromStream(s) at 159
06-04 15:20:35.461 W/skia    (  493): AGTM parsing failed flags.readFromStream(s) at 159
06-04 15:20:35.562 W/skia    (  493): AGTM parsing failed flags.readFromStream(s) at 159
06-04 15:20:35.664 W/skia    (  493): AGTM parsing failed flags.readFromStream(s) at 159
06-04 15:20:35.764 W/skia    (  493): AGTM parsing failed flags.readFromStream(s) at 159
06-04 15:20:35.846 D/SatelliteController( 1071): isInCarrierRoamingNbIotNtn: satellite is disabled
06-04 15:20:35.846 D/SatelliteController( 1071): getCarrierRoamingNtnConnectType: Checking connect type from PLMN config for subId: 1
06-04 15:20:35.846 D/TelephonyConfigUpdateInstallReceiver( 1071): getConfigParser: domain=satellite
06-04 15:20:35.846 V/SatelliteController( 1071): satelliteConfigParser is not ready
06-04 15:20:35.846 D/SatelliteController( 1071): isSatelliteAttachSupportedViaConfigupdater: return null (satelliteConfig is null)
06-04 15:20:35.846 D/SatelliteController( 1071): getSatellitePerPlmnConfiguration: invalid subId or not supported via carrier.
06-04 15:20:35.846 D/SatelliteController( 1071): getCarrierRoamingNtnConnectType: config: null
06-04 15:20:35.846 D/TelephonyConfigUpdateInstallReceiver( 1071): getConfigParser: domain=satellite
06-04 15:20:35.846 V/SatelliteController( 1071): satelliteConfigParser is not ready
06-04 15:20:35.846 D/SatelliteController( 1071): getCarrierRoamingNtnConnectTypeViaConfigUpdater: return null (satelliteConfig is null)
06-04 15:20:35.846 D/SatelliteController( 1071): getCarrierRoamingNtnConnectType: Falling back to global carrier config connect type: 0
06-04 15:20:35.846 D/TelephonyConfigUpdateInstallReceiver( 1071): getConfigParser: domain=satellite
06-04 15:20:35.846 V/SatelliteController( 1071): satelliteConfigParser is not ready
06-04 15:20:35.846 D/SatelliteController( 1071): isSatelliteAttachSupportedViaConfigupdater: return null (satelliteConfig is null)
06-04 15:20:35.846 D/SatelliteController( 1071): getCarrierRoamingNtnConnectType: Checking connect type from PLMN config for subId: 1
06-04 15:20:35.846 D/TelephonyConfigUpdateInstallReceiver( 1071): getConfigParser: domain=satellite
06-04 15:20:35.846 V/SatelliteController( 1071): satelliteConfigParser is not ready
06-04 15:20:35.846 D/SatelliteController( 1071): isSatelliteAttachSupportedViaConfigupdater: return null (satelliteConfig is null)
06-04 15:20:35.846 D/SatelliteController( 1071): getSatellitePerPlmnConfiguration: invalid subId or not supported via carrier.
06-04 15:20:35.846 D/SatelliteController( 1071): getCarrierRoamingNtnConnectType: config: null
06-04 15:20:35.846 D/TelephonyConfigUpdateInstallReceiver( 1071): getConfigParser: domain=satellite
06-04 15:20:35.846 V/SatelliteController( 1071): satelliteConfigParser is not ready
06-04 15:20:35.846 D/SatelliteController( 1071): getCarrierRoamingNtnConnectTypeViaConfigUpdater: return null (satelliteConfig is null)
06-04 15:20:35.846 D/SatelliteController( 1071): getCarrierRoamingNtnConnectType: Falling back to global carrier config connect type: 0
06-04 15:20:35.846 D/TelephonyConfigUpdateInstallReceiver( 1071): getConfigParser: domain=satellite
06-04 15:20:35.846 V/SatelliteController( 1071): satelliteConfigParser is not ready
06-04 15:20:35.846 D/SatelliteController( 1071): isSatelliteAttachSupportedViaConfigupdater: return null (satelliteConfig is null)
06-04 15:20:35.868 W/skia    (  493): AGTM parsing failed flags.readFromStream(s) at 159
06-04 15:20:35.966 D/WifiClientModeImpl[6437:wlan0](  665): updateLinkLayerStatsRssiSpeedFrequencyCapabilities rssi=-50 TxLinkspeed=1 freq=2447 RxLinkSpeed=2
06-04 15:20:35.966 D/WifiDataStall(  665): tx tput in kbps: 11000
06-04 15:20:35.966 D/WifiDataStall(  665): rx tput in kbps: 11000
06-04 15:20:35.966 V/WifiConfigManager(  665): Updating scan detail cache freq=2447 BSSID=00:13:10:85:fe:01 RSSI=-50 for "AndroidWifi"NONE
06-04 15:20:35.966 D/WifiThroughputPredictor(  665):  utilization (LLS) 80 isBluetoothConnected: false final utilization: 80
06-04 15:20:35.966 D/WifiThroughputPredictor(  665):  BW: 0 RSSI: -50 Nss: 1 Mode: 1 symDur: 4000 snrDb 30 bitPerTone: 4500 rate: 54 throughput: 11
06-04 15:20:35.966 D/WifiThroughputPredictor(  665):  utilization (LLS) 80 isBluetoothConnected: false final utilization: 80
06-04 15:20:35.966 D/WifiThroughputPredictor(  665):  BW: 0 RSSI: -50 Nss: 1 Mode: 1 symDur: 4000 snrDb 30 bitPerTone: 4500 rate: 54 throughput: 11
06-04 15:20:35.966 D/WifiThroughputPredictor(  665):  utilization (LLS) 80 isBluetoothConnected: false final utilization: 80
06-04 15:20:35.966 D/WifiThroughputPredictor(  665):  BW: 0 RSSI: -50 Nss: 1 Mode: 1 symDur: 4000 snrDb 30 bitPerTone: 4500 rate: 54 throughput: 11
06-04 15:20:35.966 D/WifiThroughputPredictor(  665):  utilization (LLS) 80 isBluetoothConnected: false final utilization: 80
06-04 15:20:35.966 D/WifiThroughputPredictor(  665):  BW: 0 RSSI: -50 Nss: 1 Mode: 1 symDur: 4000 snrDb 30 bitPerTone: 4500 rate: 54 throughput: 11
06-04 15:20:35.967 I/HalDevMgr(  665): bestIfaceCreationProposal is null, requestIface=STA, existingIface=[name=wlan0 type=STA]
06-04 15:20:35.967 D/WifiScoreCard(  665): BSSID update SIGNAL_POLL ID: 2101330849 SSID: "AndroidWifi", BSSID: 00:13:10:85:fe:01, MAC: 02:15:b2:00:00:00, IP: /10.0.2.16, Security type: 0, Supplicant state: COMPLETED, Wi-Fi standard: legacy, RSSI: -50, Link speed: 1Mbps, Tx Link speed: 1Mbps, Max Supported Tx Link speed: 11Mbps, Calculated Tx : 0Mbps, Rx Link speed: 2Mbps, Max Supported Rx Link speed: 11Mbps, Calculated Rx : 0Mbps, Frequency: 2447MHz, Net ID: 0, Metered hint: false, score: 100, isUsable: true, CarrierMerged: false, SubscriptionId: -1, IsPrimary: 1, Trusted: true, Restricted: false, Ephemeral: false, OEM paid: false, OEM private: false, OSU AP: false, FQDN: <none>, Provider friendly name: <none>, Requesting package name: <none>"AndroidWifi"openMLO Information: , Is TID-To-Link negotiation supported by the AP: false, AP MLD Address: <none>, AP MLO Link Id: <none>, AP MLO Affiliated links: <none>, Vendor Data: <none>
06-04 15:20:35.967 D/WifiScoreCard(  665): txRate: 1 txSpeed: 1
06-04 15:20:35.967 D/WifiScoreCard(  665): network update SIGNAL_POLL "AndroidWifi" ID: 1558497550 RSSI -50 txSpeed -1
06-04 15:20:35.967 D/WifiClientModeImpl[6437:wlan0](  665):  ClientModeImpl$L2ConnectedState screen=on 1 0 "AndroidWifi" 00:13:10:85:fe:01 rssi=-50 f=2447 sc=100 link=1 tx=0.0, 0.0, 0.0 rx=0.0 bcn=0 [on:0 tx:0 rx:0 period:3006] from screen [on:0 period:-1850191873] score=100
06-04 15:20:35.969 W/skia    (  493): AGTM parsing failed flags.readFromStream(s) at 159
06-04 15:20:36.069 W/skia    (  493): AGTM parsing failed flags.readFromStream(s) at 159
06-04 15:20:36.170 W/skia    (  493): AGTM parsing failed flags.readFromStream(s) at 159
06-04 15:20:36.270 W/skia    (  493): AGTM parsing failed flags.readFromStream(s) at 159
06-04 15:20:36.371 W/skia    (  493): AGTM parsing failed flags.readFromStream(s) at 159
06-04 15:20:36.471 W/skia    (  493): AGTM parsing failed flags.readFromStream(s) at 159
06-04 15:20:36.572 W/skia    (  493): AGTM parsing failed flags.readFromStream(s) at 159
06-04 15:20:36.675 W/skia    (  493): AGTM parsing failed flags.readFromStream(s) at 159
06-04 15:20:36.775 W/skia    (  493): AGTM parsing failed flags.readFromStream(s) at 159
06-04 15:20:36.877 W/skia    (  493): AGTM parsing failed flags.readFromStream(s) at 159
06-04 15:20:36.979 W/skia    (  493): AGTM parsing failed flags.readFromStream(s) at 159
06-04 15:20:37.080 W/skia    (  493): AGTM parsing failed flags.readFromStream(s) at 159
06-04 15:20:37.184 W/skia    (  493): AGTM parsing failed flags.readFromStream(s) at 159
06-04 15:20:37.285 W/skia    (  493): AGTM parsing failed flags.readFromStream(s) at 159
06-04 15:20:37.385 W/skia    (  493): AGTM parsing failed flags.readFromStream(s) at 159
06-04 15:20:37.486 W/skia    (  493): AGTM parsing failed flags.readFromStream(s) at 159
06-04 15:20:37.587 W/skia    (  493): AGTM parsing failed flags.readFromStream(s) at 159
06-04 15:20:37.688 W/skia    (  493): AGTM parsing failed flags.readFromStream(s) at 159
06-04 15:20:37.789 W/skia    (  493): AGTM parsing failed flags.readFromStream(s) at 159
06-04 15:20:37.890 W/skia    (  493): AGTM parsing failed flags.readFromStream(s) at 159
06-04 15:20:37.992 W/skia    (  493): AGTM parsing failed flags.readFromStream(s) at 159
06-04 15:20:38.092 W/skia    (  493): AGTM parsing failed flags.readFromStream(s) at 159
06-04 15:20:38.193 W/skia    (  493): AGTM parsing failed flags.readFromStream(s) at 159
06-04 15:20:38.305 W/skia    (  493): AGTM parsing failed flags.readFromStream(s) at 159
06-04 15:20:38.409 W/skia    (  493): AGTM parsing failed flags.readFromStream(s) at 159
06-04 15:20:38.511 W/skia    (  493): AGTM parsing failed flags.readFromStream(s) at 159
06-04 15:20:38.612 W/skia    (  493): AGTM parsing failed flags.readFromStream(s) at 159
06-04 15:20:38.713 W/skia    (  493): AGTM parsing failed flags.readFromStream(s) at 159
06-04 15:20:38.814 W/skia    (  493): AGTM parsing failed flags.readFromStream(s) at 159
06-04 15:20:38.918 W/skia    (  493): AGTM parsing failed flags.readFromStream(s) at 159
06-04 15:20:38.969 D/WifiClientModeImpl[6437:wlan0](  665): updateLinkLayerStatsRssiSpeedFrequencyCapabilities rssi=-50 TxLinkspeed=1 freq=2447 RxLinkSpeed=2
06-04 15:20:38.970 D/WifiDataStall(  665): tx tput in kbps: 11000
06-04 15:20:38.970 D/WifiDataStall(  665): rx tput in kbps: 11000
06-04 15:20:38.970 V/WifiConfigManager(  665): Updating scan detail cache freq=2447 BSSID=00:13:10:85:fe:01 RSSI=-50 for "AndroidWifi"NONE
06-04 15:20:38.970 D/WifiThroughputPredictor(  665):  utilization (LLS) 80 isBluetoothConnected: false final utilization: 80
06-04 15:20:38.970 D/WifiThroughputPredictor(  665):  BW: 0 RSSI: -50 Nss: 1 Mode: 1 symDur: 4000 snrDb 30 bitPerTone: 4500 rate: 54 throughput: 11
06-04 15:20:38.970 D/WifiThroughputPredictor(  665):  utilization (LLS) 80 isBluetoothConnected: false final utilization: 80
06-04 15:20:38.970 D/WifiThroughputPredictor(  665):  BW: 0 RSSI: -50 Nss: 1 Mode: 1 symDur: 4000 snrDb 30 bitPerTone: 4500 rate: 54 throughput: 11
06-04 15:20:38.971 D/WifiThroughputPredictor(  665):  utilization (LLS) 80 isBluetoothConnected: false final utilization: 80
06-04 15:20:38.971 D/WifiThroughputPredictor(  665):  BW: 0 RSSI: -50 Nss: 1 Mode: 1 symDur: 4000 snrDb 30 bitPerTone: 4500 rate: 54 throughput: 11
06-04 15:20:38.971 D/WifiThroughputPredictor(  665):  utilization (LLS) 80 isBluetoothConnected: false final utilization: 80
06-04 15:20:38.971 D/WifiThroughputPredictor(  665):  BW: 0 RSSI: -50 Nss: 1 Mode: 1 symDur: 4000 snrDb 30 bitPerTone: 4500 rate: 54 throughput: 11
06-04 15:20:38.972 I/HalDevMgr(  665): bestIfaceCreationProposal is null, requestIface=STA, existingIface=[name=wlan0 type=STA]
06-04 15:20:38.972 D/WifiScoreCard(  665): BSSID update SIGNAL_POLL ID: 2101330849 SSID: "AndroidWifi", BSSID: 00:13:10:85:fe:01, MAC: 02:15:b2:00:00:00, IP: /10.0.2.16, Security type: 0, Supplicant state: COMPLETED, Wi-Fi standard: legacy, RSSI: -50, Link speed: 1Mbps, Tx Link speed: 1Mbps, Max Supported Tx Link speed: 11Mbps, Calculated Tx : 0Mbps, Rx Link speed: 2Mbps, Max Supported Rx Link speed: 11Mbps, Calculated Rx : 0Mbps, Frequency: 2447MHz, Net ID: 0, Metered hint: false, score: 100, isUsable: true, CarrierMerged: false, SubscriptionId: -1, IsPrimary: 1, Trusted: true, Restricted: false, Ephemeral: false, OEM paid: false, OEM private: false, OSU AP: false, FQDN: <none>, Provider friendly name: <none>, Requesting package name: <none>"AndroidWifi"openMLO Information: , Is TID-To-Link negotiation supported by the AP: false, AP MLD Address: <none>, AP MLO Link Id: <none>, AP MLO Affiliated links: <none>, Vendor Data: <none>
06-04 15:20:38.972 D/WifiScoreCard(  665): txRate: 1 txSpeed: 1
06-04 15:20:38.972 D/WifiScoreCard(  665): network update SIGNAL_POLL "AndroidWifi" ID: 1558497550 RSSI -50 txSpeed -1
06-04 15:20:38.972 D/WifiClientModeImpl[6437:wlan0](  665):  ClientModeImpl$L2ConnectedState screen=on 1 0 "AndroidWifi" 00:13:10:85:fe:01 rssi=-50 f=2447 sc=100 link=1 tx=0.0, 0.0, 0.0 rx=0.0 bcn=0 [on:0 tx:0 rx:0 period:3005] from screen [on:0 period:-1850188868] score=100
06-04 15:20:39.019 W/skia    (  493): AGTM parsing failed flags.readFromStream(s) at 159
06-04 15:20:39.120 W/skia    (  493): AGTM parsing failed flags.readFromStream(s) at 159
06-04 15:20:39.220 W/skia    (  493): AGTM parsing failed flags.readFromStream(s) at 159
06-04 15:20:39.321 W/skia    (  493): AGTM parsing failed flags.readFromStream(s) at 159
06-04 15:20:39.421 W/skia    (  493): AGTM parsing failed flags.readFromStream(s) at 159
06-04 15:20:39.522 W/skia    (  493): AGTM parsing failed flags.readFromStream(s) at 159
06-04 15:20:39.623 W/skia    (  493): AGTM parsing failed flags.readFromStream(s) at 159
06-04 15:20:39.725 W/skia    (  493): AGTM parsing failed flags.readFromStream(s) at 159
06-04 15:20:39.826 W/skia    (  493): AGTM parsing failed flags.readFromStream(s) at 159
06-04 15:20:39.928 W/skia    (  493): AGTM parsing failed flags.readFromStream(s) at 159
06-04 15:20:40.037 W/skia    (  493): AGTM parsing failed flags.readFromStream(s) at 159
06-04 15:20:40.137 W/skia    (  493): AGTM parsing failed flags.readFromStream(s) at 159
06-04 15:20:40.238 W/skia    (  493): AGTM parsing failed flags.readFromStream(s) at 159
06-04 15:20:40.338 W/skia    (  493): AGTM parsing failed flags.readFromStream(s) at 159
06-04 15:20:40.439 W/skia    (  493): AGTM parsing failed flags.readFromStream(s) at 159
06-04 15:20:40.484 D/wpa_supplicant(  912): nl80211: Drv Event 64 (NL80211_CMD_NOTIFY_CQM) received for wlan0
06-04 15:20:40.484 D/wpa_supplicant(  912): nl80211: Beacon loss event
06-04 15:20:40.484 D/wpa_supplicant(  912): wlan0: Event BEACON_LOSS (53) received
06-04 15:20:40.484 I/wpa_supplicant(  912): wlan0: CTRL-EVENT-BEACON-LOSS 
06-04 15:20:40.541 W/skia    (  493): AGTM parsing failed flags.readFromStream(s) at 159
06-04 15:20:40.642 W/skia    (  493): AGTM parsing failed flags.readFromStream(s) at 159
06-04 15:20:40.743 W/skia    (  493): AGTM parsing failed flags.readFromStream(s) at 159
06-04 15:20:40.845 W/skia    (  493): AGTM parsing failed flags.readFromStream(s) at 159
06-04 15:20:40.951 W/skia    (  493): AGTM parsing failed flags.readFromStream(s) at 159
06-04 15:20:41.053 W/skia    (  493): AGTM parsing failed flags.readFromStream(s) at 159
06-04 15:20:41.153 W/skia    (  493): AGTM parsing failed flags.readFromStream(s) at 159
06-04 15:20:41.254 W/skia    (  493): AGTM parsing failed flags.readFromStream(s) at 159
06-04 15:20:41.355 W/skia    (  493): AGTM parsing failed flags.readFromStream(s) at 159
06-04 15:20:41.456 W/skia    (  493): AGTM parsing failed flags.readFromStream(s) at 159
06-04 15:20:41.557 W/skia    (  493): AGTM parsing failed flags.readFromStream(s) at 159
06-04 15:20:41.658 W/skia    (  493): AGTM parsing failed flags.readFromStream(s) at 159
06-04 15:20:41.760 W/skia    (  493): AGTM parsing failed flags.readFromStream(s) at 159
06-04 15:20:41.861 W/skia    (  493): AGTM parsing failed flags.readFromStream(s) at 159
06-04 15:20:41.961 W/skia    (  493): AGTM parsing failed flags.readFromStream(s) at 159
06-04 15:20:41.976 D/WifiClientModeImpl[6437:wlan0](  665): updateLinkLayerStatsRssiSpeedFrequencyCapabilities rssi=-50 TxLinkspeed=1 freq=2447 RxLinkSpeed=2
06-04 15:20:41.976 D/WifiDataStall(  665): tx tput in kbps: 11000
06-04 15:20:41.976 D/WifiDataStall(  665): rx tput in kbps: 11000
06-04 15:20:41.976 V/WifiConfigManager(  665): Updating scan detail cache freq=2447 BSSID=00:13:10:85:fe:01 RSSI=-50 for "AndroidWifi"NONE
06-04 15:20:41.976 D/WifiThroughputPredictor(  665):  utilization (LLS) 80 isBluetoothConnected: false final utilization: 80
06-04 15:20:41.976 D/WifiThroughputPredictor(  665):  BW: 0 RSSI: -50 Nss: 1 Mode: 1 symDur: 4000 snrDb 30 bitPerTone: 4500 rate: 54 throughput: 11
06-04 15:20:41.976 D/WifiThroughputPredictor(  665):  utilization (LLS) 80 isBluetoothConnected: false final utilization: 80
06-04 15:20:41.976 D/WifiThroughputPredictor(  665):  BW: 0 RSSI: -50 Nss: 1 Mode: 1 symDur: 4000 snrDb 30 bitPerTone: 4500 rate: 54 throughput: 11
06-04 15:20:41.976 D/WifiThroughputPredictor(  665):  utilization (LLS) 80 isBluetoothConnected: false final utilization: 80
06-04 15:20:41.976 D/WifiThroughputPredictor(  665):  BW: 0 RSSI: -50 Nss: 1 Mode: 1 symDur: 4000 snrDb 30 bitPerTone: 4500 rate: 54 throughput: 11
06-04 15:20:41.976 D/WifiThroughputPredictor(  665):  utilization (LLS) 80 isBluetoothConnected: false final utilization: 80
06-04 15:20:41.976 D/WifiThroughputPredictor(  665):  BW: 0 RSSI: -50 Nss: 1 Mode: 1 symDur: 4000 snrDb 30 bitPerTone: 4500 rate: 54 throughput: 11
06-04 15:20:41.979 I/HalDevMgr(  665): bestIfaceCreationProposal is null, requestIface=STA, existingIface=[name=wlan0 type=STA]
06-04 15:20:41.979 D/WifiScoreCard(  665): BSSID update SIGNAL_POLL ID: 2101330849 SSID: "AndroidWifi", BSSID: 00:13:10:85:fe:01, MAC: 02:15:b2:00:00:00, IP: /10.0.2.16, Security type: 0, Supplicant state: COMPLETED, Wi-Fi standard: legacy, RSSI: -50, Link speed: 1Mbps, Tx Link speed: 1Mbps, Max Supported Tx Link speed: 11Mbps, Calculated Tx : 0Mbps, Rx Link speed: 2Mbps, Max Supported Rx Link speed: 11Mbps, Calculated Rx : 0Mbps, Frequency: 2447MHz, Net ID: 0, Metered hint: false, score: 100, isUsable: true, CarrierMerged: false, SubscriptionId: -1, IsPrimary: 1, Trusted: true, Restricted: false, Ephemeral: false, OEM paid: false, OEM private: false, OSU AP: false, FQDN: <none>, Provider friendly name: <none>, Requesting package name: <none>"AndroidWifi"openMLO Information: , Is TID-To-Link negotiation supported by the AP: false, AP MLD Address: <none>, AP MLO Link Id: <none>, AP MLO Affiliated links: <none>, Vendor Data: <none>
06-04 15:20:41.979 D/WifiScoreCard(  665): txRate: 1 txSpeed: 1
06-04 15:20:41.979 D/WifiScoreCard(  665): network update SIGNAL_POLL "AndroidWifi" ID: 1558497550 RSSI -50 txSpeed -1
06-04 15:20:41.979 D/WifiClientModeImpl[6437:wlan0](  665):  ClientModeImpl$L2ConnectedState screen=on 1 0 "AndroidWifi" 00:13:10:85:fe:01 rssi=-50 f=2447 sc=100 link=1 tx=0.0, 0.0, 0.0 rx=0.0 bcn=0 [on:0 tx:0 rx:0 period:3007] from screen [on:0 period:-1850185861] score=100
06-04 15:20:42.062 W/skia    (  493): AGTM parsing failed flags.readFromStream(s) at 159
06-04 15:20:42.167 W/skia    (  493): AGTM parsing failed flags.readFromStream(s) at 159
06-04 15:20:42.269 W/skia    (  493): AGTM parsing failed flags.readFromStream(s) at 159
06-04 15:20:42.370 W/skia    (  493): AGTM parsing failed flags.readFromStream(s) at 159
06-04 15:20:42.470 W/skia    (  493): AGTM parsing failed flags.readFromStream(s) at 159
06-04 15:20:42.571 W/skia    (  493): AGTM parsing failed flags.readFromStream(s) at 159
06-04 15:20:42.672 W/skia    (  493): AGTM parsing failed flags.readFromStream(s) at 159
06-04 15:20:42.773 W/skia    (  493): AGTM parsing failed flags.readFromStream(s) at 159
06-04 15:20:42.874 W/skia    (  493): AGTM parsing failed flags.readFromStream(s) at 159
06-04 15:20:42.975 W/skia    (  493): AGTM parsing failed flags.readFromStream(s) at 159
06-04 15:20:43.076 W/skia    (  493): AGTM parsing failed flags.readFromStream(s) at 159
06-04 15:20:43.178 W/skia    (  493): AGTM parsing failed flags.readFromStream(s) at 159
06-04 15:20:43.279 W/skia    (  493): AGTM parsing failed flags.readFromStream(s) at 159
06-04 15:20:43.380 W/skia    (  493): AGTM parsing failed flags.readFromStream(s) at 159
06-04 15:20:43.481 W/skia    (  493): AGTM parsing failed flags.readFromStream(s) at 159
06-04 15:20:43.586 W/skia    (  493): AGTM parsing failed flags.readFromStream(s) at 159
06-04 15:20:43.687 W/skia    (  493): AGTM parsing failed flags.readFromStream(s) at 159
06-04 15:20:43.788 W/skia    (  493): AGTM parsing failed flags.readFromStream(s) at 159
06-04 15:20:43.890 W/skia    (  493): AGTM parsing failed flags.readFromStream(s) at 159
06-04 15:20:43.991 W/skia    (  493): AGTM parsing failed flags.readFromStream(s) at 159
06-04 15:20:44.093 W/skia    (  493): AGTM parsing failed flags.readFromStream(s) at 159
06-04 15:20:44.193 W/skia    (  493): AGTM parsing failed flags.readFromStream(s) at 159
06-04 15:20:44.294 W/skia    (  493): AGTM parsing failed flags.readFromStream(s) at 159
06-04 15:20:44.396 W/skia    (  493): AGTM parsing failed flags.readFromStream(s) at 159
06-04 15:20:44.501 W/skia    (  493): AGTM parsing failed flags.readFromStream(s) at 159
06-04 15:20:44.601 W/skia    (  493): AGTM parsing failed flags.readFromStream(s) at 159
06-04 15:20:44.702 W/skia    (  493): AGTM parsing failed flags.readFromStream(s) at 159
06-04 15:20:44.802 W/skia    (  493): AGTM parsing failed flags.readFromStream(s) at 159
06-04 15:20:44.904 W/skia    (  493): AGTM parsing failed flags.readFromStream(s) at 159
06-04 15:20:44.981 D/WifiClientModeImpl[6437:wlan0](  665): updateLinkLayerStatsRssiSpeedFrequencyCapabilities rssi=-50 TxLinkspeed=1 freq=2447 RxLinkSpeed=2
06-04 15:20:44.981 D/WifiDataStall(  665): tx tput in kbps: 11000
06-04 15:20:44.981 D/WifiDataStall(  665): rx tput in kbps: 11000
06-04 15:20:44.981 V/WifiConfigManager(  665): Updating scan detail cache freq=2447 BSSID=00:13:10:85:fe:01 RSSI=-50 for "AndroidWifi"NONE
06-04 15:20:44.981 D/WifiThroughputPredictor(  665):  utilization (LLS) 80 isBluetoothConnected: false final utilization: 80
06-04 15:20:44.981 D/WifiThroughputPredictor(  665):  BW: 0 RSSI: -50 Nss: 1 Mode: 1 symDur: 4000 snrDb 30 bitPerTone: 4500 rate: 54 throughput: 11
06-04 15:20:44.981 D/WifiThroughputPredictor(  665):  utilization (LLS) 80 isBluetoothConnected: false final utilization: 80
06-04 15:20:44.981 D/WifiThroughputPredictor(  665):  BW: 0 RSSI: -50 Nss: 1 Mode: 1 symDur: 4000 snrDb 30 bitPerTone: 4500 rate: 54 throughput: 11
06-04 15:20:44.981 D/WifiThroughputPredictor(  665):  utilization (LLS) 80 isBluetoothConnected: false final utilization: 80
06-04 15:20:44.981 D/WifiThroughputPredictor(  665):  BW: 0 RSSI: -50 Nss: 1 Mode: 1 symDur: 4000 snrDb 30 bitPerTone: 4500 rate: 54 throughput: 11
06-04 15:20:44.981 D/WifiThroughputPredictor(  665):  utilization (LLS) 80 isBluetoothConnected: false final utilization: 80
06-04 15:20:44.981 D/WifiThroughputPredictor(  665):  BW: 0 RSSI: -50 Nss: 1 Mode: 1 symDur: 4000 snrDb 30 bitPerTone: 4500 rate: 54 throughput: 11
06-04 15:20:44.981 I/HalDevMgr(  665): bestIfaceCreationProposal is null, requestIface=STA, existingIface=[name=wlan0 type=STA]
06-04 15:20:44.981 D/WifiScoreCard(  665): BSSID update SIGNAL_POLL ID: 2101330849 SSID: "AndroidWifi", BSSID: 00:13:10:85:fe:01, MAC: 02:15:b2:00:00:00, IP: /10.0.2.16, Security type: 0, Supplicant state: COMPLETED, Wi-Fi standard: legacy, RSSI: -50, Link speed: 1Mbps, Tx Link speed: 1Mbps, Max Supported Tx Link speed: 11Mbps, Calculated Tx : 0Mbps, Rx Link speed: 2Mbps, Max Supported Rx Link speed: 11Mbps, Calculated Rx : 0Mbps, Frequency: 2447MHz, Net ID: 0, Metered hint: false, score: 100, isUsable: true, CarrierMerged: false, SubscriptionId: -1, IsPrimary: 1, Trusted: true, Restricted: false, Ephemeral: false, OEM paid: false, OEM private: false, OSU AP: false, FQDN: <none>, Provider friendly name: <none>, Requesting package name: <none>"AndroidWifi"openMLO Information: , Is TID-To-Link negotiation supported by the AP: false, AP MLD Address: <none>, AP MLO Link Id: <none>, AP MLO Affiliated links: <none>, Vendor Data: <none>
06-04 15:20:44.981 D/WifiScoreCard(  665): txRate: 1 txSpeed: 1
06-04 15:20:44.981 D/WifiScoreCard(  665): network update SIGNAL_POLL "AndroidWifi" ID: 1558497550 RSSI -50 txSpeed -1
06-04 15:20:44.982 D/WifiClientModeImpl[6437:wlan0](  665):  ClientModeImpl$L2ConnectedState screen=on 1 0 "AndroidWifi" 00:13:10:85:fe:01 rssi=-50 f=2447 sc=100 link=1 tx=0.0, 0.0, 0.0 rx=0.0 bcn=0 [on:0 tx:0 rx:0 period:3003] from screen [on:0 period:-1850182858] score=100
06-04 15:20:45.005 W/skia    (  493): AGTM parsing failed flags.readFromStream(s) at 159
06-04 15:20:45.106 W/skia    (  493): AGTM parsing failed flags.readFromStream(s) at 159
06-04 15:20:45.207 W/skia    (  493): AGTM parsing failed flags.readFromStream(s) at 159
06-04 15:20:45.307 W/skia    (  493): AGTM parsing failed flags.readFromStream(s) at 159
