06-04 15:21:45.138 D/WifiClientModeImpl[6437:wlan0](  665):  ClientModeImpl$L2ConnectedState screen=on 1 0 "AndroidWifi" 00:13:10:85:fe:01 rssi=-50 f=2447 sc=100 link=2 tx=0.0, 0.0, 0.0 rx=0.0 bcn=0 [on:0 tx:0 rx:0 period:3003] from screen [on:0 period:-1850122702] score=100
06-04 15:21:45.140 I/AdbWifiNetworkMonitor(  665): Wi-Fi network available
06-04 15:21:45.140 I/AdbWifiNetworkMonitor(  665): Received the same Wi-Fi SSID. Ignoring.
06-04 15:21:45.141 I/WifiService(  665): getWifiEnabledState uid=10197 state=3
06-04 15:21:45.142 I/WifiService(  665): getConnectionInfo uid=10216
06-04 15:21:45.142 V/WifiService(  665): Clearing REDACT_FOR_LOCAL_MAC_ADDRESS for com.google.android.gms(uid=10216)
06-04 15:21:45.142 W/libbinder.IPCThreadState(  665): Sending oneway calls to frozen process.
06-04 15:21:45.142 W/libbinder.IPCThreadState(  665): Sending oneway calls to frozen process.
06-04 15:21:45.142 W/libbinder.IPCThreadState(  665): Sending oneway calls to frozen process.
06-04 15:21:45.143 W/libbinder.IPCThreadState(  665): Sending oneway calls to frozen process.
06-04 15:21:45.143 W/libbinder.IPCThreadState(  665): Sending oneway calls to frozen process.
06-04 15:21:45.143 V/WifiPermissionsUtil(  665): checkCallersLocationPermission(com.google.android.gms): ok because uid 10216 has app-op android:fine_location
06-04 15:21:45.143 V/WifiService(  665): Clearing REDACT_FOR_ACCESS_FINE_LOCATION for com.google.android.gms(uid=10216)
06-04 15:21:45.144 I/NullBinder( 1247): NullBinder for android.net.action.RECOMMEND_NETWORKS triggering remote TransactionTooLargeException due to Service without Chimera impl, calling uid: 1000, calling pid: 0
06-04 15:21:45.144 W/libbinder.Binder( 1247): Large reply transaction of 1056768 bytes, interface descriptor , function: UNKNOWN_FUNCTION_NAME, code: 1, flags: 17
06-04 15:21:45.224 W/skia    (  493): AGTM parsing failed flags.readFromStream(s) at 159
06-04 15:21:45.324 W/skia    (  493): AGTM parsing failed flags.readFromStream(s) at 159
06-04 15:21:45.426 W/skia    (  493): AGTM parsing failed flags.readFromStream(s) at 159
06-04 15:21:45.528 W/skia    (  493): AGTM parsing failed flags.readFromStream(s) at 159
06-04 15:21:45.628 W/skia    (  493): AGTM parsing failed flags.readFromStream(s) at 159
06-04 15:21:45.734 W/skia    (  493): AGTM parsing failed flags.readFromStream(s) at 159
06-04 15:21:45.836 W/skia    (  493): AGTM parsing failed flags.readFromStream(s) at 159
06-04 15:21:45.871 D/SatelliteController( 1071): isInCarrierRoamingNbIotNtn: satellite is disabled
06-04 15:21:45.871 D/SatelliteController( 1071): getCarrierRoamingNtnConnectType: Checking connect type from PLMN config for subId: 1
06-04 15:21:45.871 D/TelephonyConfigUpdateInstallReceiver( 1071): getConfigParser: domain=satellite
06-04 15:21:45.871 V/SatelliteController( 1071): satelliteConfigParser is not ready
06-04 15:21:45.871 D/SatelliteController( 1071): isSatelliteAttachSupportedViaConfigupdater: return null (satelliteConfig is null)
06-04 15:21:45.872 D/SatelliteController( 1071): getSatellitePerPlmnConfiguration: invalid subId or not supported via carrier.
06-04 15:21:45.873 D/SatelliteController( 1071): getCarrierRoamingNtnConnectType: config: null
06-04 15:21:45.873 D/TelephonyConfigUpdateInstallReceiver( 1071): getConfigParser: domain=satellite
06-04 15:21:45.873 V/SatelliteController( 1071): satelliteConfigParser is not ready
06-04 15:21:45.873 D/SatelliteController( 1071): getCarrierRoamingNtnConnectTypeViaConfigUpdater: return null (satelliteConfig is null)
06-04 15:21:45.873 D/SatelliteController( 1071): getCarrierRoamingNtnConnectType: Falling back to global carrier config connect type: 0
06-04 15:21:45.873 D/TelephonyConfigUpdateInstallReceiver( 1071): getConfigParser: domain=satellite
06-04 15:21:45.873 V/SatelliteController( 1071): satelliteConfigParser is not ready
06-04 15:21:45.873 D/SatelliteController( 1071): isSatelliteAttachSupportedViaConfigupdater: return null (satelliteConfig is null)
06-04 15:21:45.873 D/SatelliteController( 1071): getCarrierRoamingNtnConnectType: Checking connect type from PLMN config for subId: 1
06-04 15:21:45.874 D/TelephonyConfigUpdateInstallReceiver( 1071): getConfigParser: domain=satellite
06-04 15:21:45.874 V/SatelliteController( 1071): satelliteConfigParser is not ready
06-04 15:21:45.874 D/SatelliteController( 1071): isSatelliteAttachSupportedViaConfigupdater: return null (satelliteConfig is null)
06-04 15:21:45.876 D/SatelliteController( 1071): getSatellitePerPlmnConfiguration: invalid subId or not supported via carrier.
06-04 15:21:45.876 D/SatelliteController( 1071): getCarrierRoamingNtnConnectType: config: null
06-04 15:21:45.876 D/TelephonyConfigUpdateInstallReceiver( 1071): getConfigParser: domain=satellite
06-04 15:21:45.876 V/SatelliteController( 1071): satelliteConfigParser is not ready
06-04 15:21:45.876 D/SatelliteController( 1071): getCarrierRoamingNtnConnectTypeViaConfigUpdater: return null (satelliteConfig is null)
06-04 15:21:45.876 D/SatelliteController( 1071): getCarrierRoamingNtnConnectType: Falling back to global carrier config connect type: 0
06-04 15:21:45.876 D/TelephonyConfigUpdateInstallReceiver( 1071): getConfigParser: domain=satellite
06-04 15:21:45.876 V/SatelliteController( 1071): satelliteConfigParser is not ready
06-04 15:21:45.876 D/SatelliteController( 1071): isSatelliteAttachSupportedViaConfigupdater: return null (satelliteConfig is null)
06-04 15:21:45.936 W/skia    (  493): AGTM parsing failed flags.readFromStream(s) at 159
06-04 15:21:46.036 W/skia    (  493): AGTM parsing failed flags.readFromStream(s) at 159
06-04 15:21:46.136 W/skia    (  493): AGTM parsing failed flags.readFromStream(s) at 159
06-04 15:21:46.237 W/skia    (  493): AGTM parsing failed flags.readFromStream(s) at 159
06-04 15:21:46.339 W/skia    (  493): AGTM parsing failed flags.readFromStream(s) at 159
06-04 15:21:46.439 W/skia    (  493): AGTM parsing failed flags.readFromStream(s) at 159
06-04 15:21:46.541 W/skia    (  493): AGTM parsing failed flags.readFromStream(s) at 159
06-04 15:21:46.643 W/skia    (  493): AGTM parsing failed flags.readFromStream(s) at 159
06-04 15:21:46.746 W/skia    (  493): AGTM parsing failed flags.readFromStream(s) at 159
06-04 15:21:46.848 W/skia    (  493): AGTM parsing failed flags.readFromStream(s) at 159
06-04 15:21:46.952 W/skia    (  493): AGTM parsing failed flags.readFromStream(s) at 159
06-04 15:21:47.046 I/adbd    (  495): adbd service requested 'shell,v2:export ANDROID_LOG_TAGS=''; exec logcat '-d' '-v' 'time''
06-04 15:21:47.055 W/skia    (  493): AGTM parsing failed flags.readFromStream(s) at 159
06-04 15:21:47.112 I/logd    (  300): logdr: UID=2000 GID=2000 PID=8808 n tail=0 logMask=99 pid=0 start=0ns deadline=0ns
06-04 15:21:47.154 W/skia    (  493): AGTM parsing failed flags.readFromStream(s) at 159
06-04 15:21:47.256 W/skia    (  493): AGTM parsing failed flags.readFromStream(s) at 159
06-04 15:21:47.301 I/WifiService(  665): isFeatureSupported uid=1000 returns [WIFI_FEATURE_INFRA, WIFI_FEATURE_P2P, WIFI_FEATURE_MOBILE_HOTSPOT, WIFI_FEATURE_WPA3_SAE, WIFI_FEATURE_WPA3_SUITE_B, WIFI_FEATURE_OWE, WIFI_FEATURE_DPP, WIFI_FEATURE_AP_RAND_MAC, WIFI_FEATURE_MBO, WIFI_FEATURE_FILS_SHA256, WIFI_FEATURE_FILS_SHA384, WIFI_FEATURE_SAE_PK, WIFI_FEATURE_DPP_ENROLLEE_RESPONDER, WIFI_FEATURE_PASSPOINT_TERMS_AND_CONDITIONS, WIFI_FEATURE_WFD_R2, WIFI_FEATURE_DECORATED_IDENTITY, WIFI_FEATURE_TRUST_ON_FIRST_USE, WIFI_FEATURE_SET_TLS_MINIMUM_VERSION, WIFI_FEATURE_TLS_V1_3, WIFI_FEATURE_WEP, WIFI_FEATURE_WPA_PERSONAL]
06-04 15:21:47.357 W/skia    (  493): AGTM parsing failed flags.readFromStream(s) at 159
06-04 15:21:47.458 W/skia    (  493): AGTM parsing failed flags.readFromStream(s) at 159
06-04 15:21:47.559 W/skia    (  493): AGTM parsing failed flags.readFromStream(s) at 159
06-04 15:21:47.660 W/skia    (  493): AGTM parsing failed flags.readFromStream(s) at 159
06-04 15:21:47.762 W/skia    (  493): AGTM parsing failed flags.readFromStream(s) at 159
06-04 15:21:47.862 W/skia    (  493): AGTM parsing failed flags.readFromStream(s) at 159
06-04 15:21:47.963 W/skia    (  493): AGTM parsing failed flags.readFromStream(s) at 159
06-04 15:21:48.068 W/skia    (  493): AGTM parsing failed flags.readFromStream(s) at 159
06-04 15:21:48.142 D/WifiClientModeImpl[6437:wlan0](  665): updateLinkLayerStatsRssiSpeedFrequencyCapabilities rssi=-50 TxLinkspeed=2 freq=2447 RxLinkSpeed=2
06-04 15:21:48.142 D/WifiDataStall(  665): tx tput in kbps: 11000
06-04 15:21:48.142 D/WifiDataStall(  665): rx tput in kbps: 11000
06-04 15:21:48.142 V/WifiConfigManager(  665): Updating scan detail cache freq=2447 BSSID=00:13:10:85:fe:01 RSSI=-50 for "AndroidWifi"NONE
06-04 15:21:48.142 D/WifiThroughputPredictor(  665):  utilization (LLS) 80 isBluetoothConnected: false final utilization: 80
06-04 15:21:48.142 D/WifiThroughputPredictor(  665):  BW: 0 RSSI: -50 Nss: 1 Mode: 1 symDur: 4000 snrDb 30 bitPerTone: 4500 rate: 54 throughput: 11
06-04 15:21:48.142 D/WifiThroughputPredictor(  665):  utilization (LLS) 80 isBluetoothConnected: false final utilization: 80
06-04 15:21:48.142 D/WifiThroughputPredictor(  665):  BW: 0 RSSI: -50 Nss: 1 Mode: 1 symDur: 4000 snrDb 30 bitPerTone: 4500 rate: 54 throughput: 11
06-04 15:21:48.143 D/WifiThroughputPredictor(  665):  utilization (LLS) 80 isBluetoothConnected: false final utilization: 80
06-04 15:21:48.143 D/WifiThroughputPredictor(  665):  BW: 0 RSSI: -50 Nss: 1 Mode: 1 symDur: 4000 snrDb 30 bitPerTone: 4500 rate: 54 throughput: 11
06-04 15:21:48.143 D/WifiThroughputPredictor(  665):  utilization (LLS) 80 isBluetoothConnected: false final utilization: 80
06-04 15:21:48.143 D/WifiThroughputPredictor(  665):  BW: 0 RSSI: -50 Nss: 1 Mode: 1 symDur: 4000 snrDb 30 bitPerTone: 4500 rate: 54 throughput: 11
06-04 15:21:48.146 I/HalDevMgr(  665): bestIfaceCreationProposal is null, requestIface=STA, existingIface=[name=wlan0 type=STA]
06-04 15:21:48.146 D/WifiScoreCard(  665): BSSID update SIGNAL_POLL ID: 2101330849 SSID: "AndroidWifi", BSSID: 00:13:10:85:fe:01, MAC: 02:15:b2:00:00:00, IP: /10.0.2.16, Security type: 0, Supplicant state: COMPLETED, Wi-Fi standard: legacy, RSSI: -50, Link speed: 2Mbps, Tx Link speed: 2Mbps, Max Supported Tx Link speed: 11Mbps, Calculated Tx : 0Mbps, Rx Link speed: 2Mbps, Max Supported Rx Link speed: 11Mbps, Calculated Rx : 0Mbps, Frequency: 2447MHz, Net ID: 0, Metered hint: false, score: 100, isUsable: true, CarrierMerged: false, SubscriptionId: -1, IsPrimary: 1, Trusted: true, Restricted: false, Ephemeral: false, OEM paid: false, OEM private: false, OSU AP: false, FQDN: <none>, Provider friendly name: <none>, Requesting package name: <none>"AndroidWifi"openMLO Information: , Is TID-To-Link negotiation supported by the AP: false, AP MLD Address: <none>, AP MLO Link Id: <none>, AP MLO Affiliated links: <none>, Vendor Data: <none>
06-04 15:21:48.146 D/WifiScoreCard(  665): txRate: 1 txSpeed: 2
06-04 15:21:48.146 D/WifiScoreCard(  665): network update SIGNAL_POLL "AndroidWifi" ID: 1558497550 RSSI -50 txSpeed -1
06-04 15:21:48.146 D/WifiClientModeImpl[6437:wlan0](  665):  ClientModeImpl$L2ConnectedState screen=on 1 0 "AndroidWifi" 00:13:10:85:fe:01 rssi=-50 f=2447 sc=100 link=2 tx=0.0, 0.0, 0.0 rx=0.0 bcn=0 [on:0 tx:0 rx:0 period:3007] from screen [on:0 period:-1850119694] score=100
06-04 15:21:48.168 W/skia    (  493): AGTM parsing failed flags.readFromStream(s) at 159
06-04 15:21:48.269 W/skia    (  493): AGTM parsing failed flags.readFromStream(s) at 159
06-04 15:21:48.369 W/skia    (  493): AGTM parsing failed flags.readFromStream(s) at 159
06-04 15:21:48.470 W/skia    (  493): AGTM parsing failed flags.readFromStream(s) at 159
06-04 15:21:48.571 W/skia    (  493): AGTM parsing failed flags.readFromStream(s) at 159
06-04 15:21:48.671 W/skia    (  493): AGTM parsing failed flags.readFromStream(s) at 159
06-04 15:21:48.772 W/skia    (  493): AGTM parsing failed flags.readFromStream(s) at 159
06-04 15:21:48.873 W/skia    (  493): AGTM parsing failed flags.readFromStream(s) at 159
06-04 15:21:48.973 W/skia    (  493): AGTM parsing failed flags.readFromStream(s) at 159
06-04 15:21:49.075 W/skia    (  493): AGTM parsing failed flags.readFromStream(s) at 159
06-04 15:21:49.176 W/skia    (  493): AGTM parsing failed flags.readFromStream(s) at 159
06-04 15:21:49.279 W/skia    (  493): AGTM parsing failed flags.readFromStream(s) at 159
06-04 15:21:49.381 W/skia    (  493): AGTM parsing failed flags.readFromStream(s) at 159
06-04 15:21:49.483 W/skia    (  493): AGTM parsing failed flags.readFromStream(s) at 159
06-04 15:21:49.585 W/skia    (  493): AGTM parsing failed flags.readFromStream(s) at 159
06-04 15:21:49.687 W/skia    (  493): AGTM parsing failed flags.readFromStream(s) at 159
06-04 15:21:49.787 W/skia    (  493): AGTM parsing failed flags.readFromStream(s) at 159
06-04 15:21:49.889 W/skia    (  493): AGTM parsing failed flags.readFromStream(s) at 159
06-04 15:21:49.989 W/skia    (  493): AGTM parsing failed flags.readFromStream(s) at 159
06-04 15:21:50.090 W/skia    (  493): AGTM parsing failed flags.readFromStream(s) at 159
06-04 15:21:50.191 W/skia    (  493): AGTM parsing failed flags.readFromStream(s) at 159
06-04 15:21:50.293 W/skia    (  493): AGTM parsing failed flags.readFromStream(s) at 159
06-04 15:21:50.395 W/skia    (  493): AGTM parsing failed flags.readFromStream(s) at 159
06-04 15:21:50.496 W/skia    (  493): AGTM parsing failed flags.readFromStream(s) at 159
06-04 15:21:50.599 W/skia    (  493): AGTM parsing failed flags.readFromStream(s) at 159
06-04 15:21:50.701 W/skia    (  493): AGTM parsing failed flags.readFromStream(s) at 159
06-04 15:21:50.802 W/skia    (  493): AGTM parsing failed flags.readFromStream(s) at 159
06-04 15:21:50.903 W/skia    (  493): AGTM parsing failed flags.readFromStream(s) at 159
06-04 15:21:51.003 W/skia    (  493): AGTM parsing failed flags.readFromStream(s) at 159
06-04 15:21:51.104 W/skia    (  493): AGTM parsing failed flags.readFromStream(s) at 159
06-04 15:21:51.153 D/WifiClientModeImpl[6437:wlan0](  665): updateLinkLayerStatsRssiSpeedFrequencyCapabilities rssi=-50 TxLinkspeed=2 freq=2447 RxLinkSpeed=2
06-04 15:21:51.153 D/WifiDataStall(  665): tx tput in kbps: 11000
06-04 15:21:51.153 D/WifiDataStall(  665): rx tput in kbps: 11000
06-04 15:21:51.153 V/WifiConfigManager(  665): Updating scan detail cache freq=2447 BSSID=00:13:10:85:fe:01 RSSI=-50 for "AndroidWifi"NONE
06-04 15:21:51.153 D/WifiThroughputPredictor(  665):  utilization (LLS) 80 isBluetoothConnected: false final utilization: 80
06-04 15:21:51.153 D/WifiThroughputPredictor(  665):  BW: 0 RSSI: -50 Nss: 1 Mode: 1 symDur: 4000 snrDb 30 bitPerTone: 4500 rate: 54 throughput: 11
06-04 15:21:51.153 D/WifiThroughputPredictor(  665):  utilization (LLS) 80 isBluetoothConnected: false final utilization: 80
06-04 15:21:51.153 D/WifiThroughputPredictor(  665):  BW: 0 RSSI: -50 Nss: 1 Mode: 1 symDur: 4000 snrDb 30 bitPerTone: 4500 rate: 54 throughput: 11
06-04 15:21:51.153 D/WifiThroughputPredictor(  665):  utilization (LLS) 80 isBluetoothConnected: false final utilization: 80
06-04 15:21:51.153 D/WifiThroughputPredictor(  665):  BW: 0 RSSI: -50 Nss: 1 Mode: 1 symDur: 4000 snrDb 30 bitPerTone: 4500 rate: 54 throughput: 11
06-04 15:21:51.153 D/WifiThroughputPredictor(  665):  utilization (LLS) 80 isBluetoothConnected: false final utilization: 80
06-04 15:21:51.153 D/WifiThroughputPredictor(  665):  BW: 0 RSSI: -50 Nss: 1 Mode: 1 symDur: 4000 snrDb 30 bitPerTone: 4500 rate: 54 throughput: 11
06-04 15:21:51.154 I/HalDevMgr(  665): bestIfaceCreationProposal is null, requestIface=STA, existingIface=[name=wlan0 type=STA]
06-04 15:21:51.154 D/WifiScoreCard(  665): BSSID update SIGNAL_POLL ID: 2101330849 SSID: "AndroidWifi", BSSID: 00:13:10:85:fe:01, MAC: 02:15:b2:00:00:00, IP: /10.0.2.16, Security type: 0, Supplicant state: COMPLETED, Wi-Fi standard: legacy, RSSI: -50, Link speed: 2Mbps, Tx Link speed: 2Mbps, Max Supported Tx Link speed: 11Mbps, Calculated Tx : 0Mbps, Rx Link speed: 2Mbps, Max Supported Rx Link speed: 11Mbps, Calculated Rx : 0Mbps, Frequency: 2447MHz, Net ID: 0, Metered hint: false, score: 100, isUsable: true, CarrierMerged: false, SubscriptionId: -1, IsPrimary: 1, Trusted: true, Restricted: false, Ephemeral: false, OEM paid: false, OEM private: false, OSU AP: false, FQDN: <none>, Provider friendly name: <none>, Requesting package name: <none>"AndroidWifi"openMLO Information: , Is TID-To-Link negotiation supported by the AP: false, AP MLD Address: <none>, AP MLO Link Id: <none>, AP MLO Affiliated links: <none>, Vendor Data: <none>
06-04 15:21:51.154 D/WifiScoreCard(  665): txRate: 1 txSpeed: 2
06-04 15:21:51.154 D/WifiScoreCard(  665): network update SIGNAL_POLL "AndroidWifi" ID: 1558497550 RSSI -50 txSpeed -1
06-04 15:21:51.154 D/WifiClientModeImpl[6437:wlan0](  665):  ClientModeImpl$L2ConnectedState screen=on 1 0 "AndroidWifi" 00:13:10:85:fe:01 rssi=-50 f=2447 sc=100 link=2 tx=0.0, 0.0, 0.0 rx=0.0 bcn=0 [on:0 tx:0 rx:0 period:3008] from screen [on:0 period:-1850116686] score=100
06-04 15:21:51.205 W/skia    (  493): AGTM parsing failed flags.readFromStream(s) at 159
06-04 15:21:51.306 W/skia    (  493): AGTM parsing failed flags.readFromStream(s) at 159
06-04 15:21:51.407 W/skia    (  493): AGTM parsing failed flags.readFromStream(s) at 159
06-04 15:21:51.509 W/skia    (  493): AGTM parsing failed flags.readFromStream(s) at 159
06-04 15:21:51.611 W/skia    (  493): AGTM parsing failed flags.readFromStream(s) at 159
06-04 15:21:51.720 W/skia    (  493): AGTM parsing failed flags.readFromStream(s) at 159
06-04 15:21:51.821 W/skia    (  493): AGTM parsing failed flags.readFromStream(s) at 159
06-04 15:21:51.921 W/skia    (  493): AGTM parsing failed flags.readFromStream(s) at 159
06-04 15:21:52.022 W/skia    (  493): AGTM parsing failed flags.readFromStream(s) at 159
06-04 15:21:52.122 W/skia    (  493): AGTM parsing failed flags.readFromStream(s) at 159
06-04 15:21:52.223 W/skia    (  493): AGTM parsing failed flags.readFromStream(s) at 159
06-04 15:21:52.323 W/skia    (  493): AGTM parsing failed flags.readFromStream(s) at 159
06-04 15:21:52.421 D/wpa_supplicant(  912): nl80211: Drv Event 64 (NL80211_CMD_NOTIFY_CQM) received for wlan0
06-04 15:21:52.421 D/wpa_supplicant(  912): nl80211: Beacon loss event
06-04 15:21:52.421 D/wpa_supplicant(  912): wlan0: Event BEACON_LOSS (53) received
06-04 15:21:52.421 I/wpa_supplicant(  912): wlan0: CTRL-EVENT-BEACON-LOSS 
06-04 15:21:52.424 W/skia    (  493): AGTM parsing failed flags.readFromStream(s) at 159
06-04 15:21:52.524 W/skia    (  493): AGTM parsing failed flags.readFromStream(s) at 159
06-04 15:21:52.626 W/skia    (  493): AGTM parsing failed flags.readFromStream(s) at 159
06-04 15:21:52.727 W/skia    (  493): AGTM parsing failed flags.readFromStream(s) at 159
06-04 15:21:52.830 W/skia    (  493): AGTM parsing failed flags.readFromStream(s) at 159
06-04 15:21:52.930 W/skia    (  493): AGTM parsing failed flags.readFromStream(s) at 159
06-04 15:21:53.030 W/skia    (  493): AGTM parsing failed flags.readFromStream(s) at 159
06-04 15:21:53.134 W/skia    (  493): AGTM parsing failed flags.readFromStream(s) at 159
06-04 15:21:53.235 W/skia    (  493): AGTM parsing failed flags.readFromStream(s) at 159
06-04 15:21:53.335 W/skia    (  493): AGTM parsing failed flags.readFromStream(s) at 159
06-04 15:21:53.436 W/skia    (  493): AGTM parsing failed flags.readFromStream(s) at 159
06-04 15:21:53.537 W/skia    (  493): AGTM parsing failed flags.readFromStream(s) at 159
06-04 15:21:53.637 W/skia    (  493): AGTM parsing failed flags.readFromStream(s) at 159
06-04 15:21:53.738 W/skia    (  493): AGTM parsing failed flags.readFromStream(s) at 159
06-04 15:21:53.839 W/skia    (  493): AGTM parsing failed flags.readFromStream(s) at 159
06-04 15:21:53.941 W/skia    (  493): AGTM parsing failed flags.readFromStream(s) at 159
06-04 15:21:54.042 W/skia    (  493): AGTM parsing failed flags.readFromStream(s) at 159
06-04 15:21:54.145 W/skia    (  493): AGTM parsing failed flags.readFromStream(s) at 159
06-04 15:21:54.157 D/WifiClientModeImpl[6437:wlan0](  665): updateLinkLayerStatsRssiSpeedFrequencyCapabilities rssi=-50 TxLinkspeed=1 freq=2447 RxLinkSpeed=2
06-04 15:21:54.157 D/WifiClientModeImpl[6437:wlan0](  665): reported txKbps 12000 rxKbps 30000
06-04 15:21:54.158 D/WifiDataStall(  665): tx tput in kbps: 11000
06-04 15:21:54.158 D/WifiDataStall(  665): rx tput in kbps: 11000
06-04 15:21:54.158 V/WifiConfigManager(  665): Updating scan detail cache freq=2447 BSSID=00:13:10:85:fe:01 RSSI=-50 for "AndroidWifi"NONE
06-04 15:21:54.158 D/WifiThroughputPredictor(  665):  utilization (LLS) 80 isBluetoothConnected: false final utilization: 80
06-04 15:21:54.158 D/WifiThroughputPredictor(  665):  BW: 0 RSSI: -50 Nss: 1 Mode: 1 symDur: 4000 snrDb 30 bitPerTone: 4500 rate: 54 throughput: 11
06-04 15:21:54.158 D/WifiThroughputPredictor(  665):  utilization (LLS) 80 isBluetoothConnected: false final utilization: 80
06-04 15:21:54.158 D/WifiThroughputPredictor(  665):  BW: 0 RSSI: -50 Nss: 1 Mode: 1 symDur: 4000 snrDb 30 bitPerTone: 4500 rate: 54 throughput: 11
06-04 15:21:54.159 D/WifiThroughputPredictor(  665):  utilization (LLS) 80 isBluetoothConnected: false final utilization: 80
06-04 15:21:54.159 D/WifiThroughputPredictor(  665):  BW: 0 RSSI: -50 Nss: 1 Mode: 1 symDur: 4000 snrDb 30 bitPerTone: 4500 rate: 54 throughput: 11
06-04 15:21:54.159 D/WifiThroughputPredictor(  665):  utilization (LLS) 80 isBluetoothConnected: false final utilization: 80
06-04 15:21:54.159 D/WifiThroughputPredictor(  665):  BW: 0 RSSI: -50 Nss: 1 Mode: 1 symDur: 4000 snrDb 30 bitPerTone: 4500 rate: 54 throughput: 11
06-04 15:21:54.160 I/AdbWifiNetworkMonitor(  665): Wi-Fi network available
06-04 15:21:54.160 I/AdbWifiNetworkMonitor(  665): Received the same Wi-Fi SSID. Ignoring.
06-04 15:21:54.160 I/HalDevMgr(  665): bestIfaceCreationProposal is null, requestIface=STA, existingIface=[name=wlan0 type=STA]
06-04 15:21:54.160 D/WifiScoreCard(  665): BSSID update SIGNAL_POLL ID: 2101330849 SSID: "AndroidWifi", BSSID: 00:13:10:85:fe:01, MAC: 02:15:b2:00:00:00, IP: /10.0.2.16, Security type: 0, Supplicant state: COMPLETED, Wi-Fi standard: legacy, RSSI: -50, Link speed: 1Mbps, Tx Link speed: 1Mbps, Max Supported Tx Link speed: 11Mbps, Calculated Tx : 0Mbps, Rx Link speed: 2Mbps, Max Supported Rx Link speed: 11Mbps, Calculated Rx : 0Mbps, Frequency: 2447MHz, Net ID: 0, Metered hint: false, score: 100, isUsable: true, CarrierMerged: false, SubscriptionId: -1, IsPrimary: 1, Trusted: true, Restricted: false, Ephemeral: false, OEM paid: false, OEM private: false, OSU AP: false, FQDN: <none>, Provider friendly name: <none>, Requesting package name: <none>"AndroidWifi"openMLO Information: , Is TID-To-Link negotiation supported by the AP: false, AP MLD Address: <none>, AP MLO Link Id: <none>, AP MLO Affiliated links: <none>, Vendor Data: <none>
06-04 15:21:54.160 D/WifiScoreCard(  665): txRate: 1 txSpeed: 1
06-04 15:21:54.160 D/WifiScoreCard(  665): network update SIGNAL_POLL "AndroidWifi" ID: 1558497550 RSSI -50 txSpeed -1
06-04 15:21:54.161 D/WifiClientModeImpl[6437:wlan0](  665):  ClientModeImpl$L2ConnectedState screen=on 1 0 "AndroidWifi" 00:13:10:85:fe:01 rssi=-50 f=2447 sc=100 link=1 tx=0.0, 0.0, 0.0 rx=0.0 bcn=0 [on:0 tx:0 rx:0 period:3007] from screen [on:0 period:-1850113679] score=100
06-04 15:21:54.162 I/WifiService(  665): getWifiEnabledState uid=10197 state=3
06-04 15:21:54.164 I/WifiService(  665): getConnectionInfo uid=10216
06-04 15:21:54.164 V/WifiService(  665): Clearing REDACT_FOR_LOCAL_MAC_ADDRESS for com.google.android.gms(uid=10216)
06-04 15:21:54.165 V/WifiPermissionsUtil(  665): checkCallersLocationPermission(com.google.android.gms): ok because uid 10216 has app-op android:fine_location
06-04 15:21:54.165 V/WifiService(  665): Clearing REDACT_FOR_ACCESS_FINE_LOCATION for com.google.android.gms(uid=10216)
06-04 15:21:54.165 W/libbinder.IPCThreadState(  665): Sending oneway calls to frozen process.
06-04 15:21:54.165 W/libbinder.IPCThreadState(  665): Sending oneway calls to frozen process.
06-04 15:21:54.165 W/libbinder.IPCThreadState(  665): Sending oneway calls to frozen process.
06-04 15:21:54.165 W/libbinder.IPCThreadState(  665): Sending oneway calls to frozen process.
06-04 15:21:54.165 W/libbinder.IPCThreadState(  665): Sending oneway calls to frozen process.
06-04 15:21:54.166 I/NullBinder( 1247): NullBinder for android.net.action.RECOMMEND_NETWORKS triggering remote TransactionTooLargeException due to Service without Chimera impl, calling uid: 1000, calling pid: 0
06-04 15:21:54.166 W/libbinder.Binder( 1247): Large reply transaction of 1056768 bytes, interface descriptor , function: UNKNOWN_FUNCTION_NAME, code: 1, flags: 17
06-04 15:21:54.246 W/skia    (  493): AGTM parsing failed flags.readFromStream(s) at 159
06-04 15:21:54.347 W/skia    (  493): AGTM parsing failed flags.readFromStream(s) at 159
06-04 15:21:54.451 W/skia    (  493): AGTM parsing failed flags.readFromStream(s) at 159
06-04 15:21:54.552 W/skia    (  493): AGTM parsing failed flags.readFromStream(s) at 159
06-04 15:21:54.652 W/skia    (  493): AGTM parsing failed flags.readFromStream(s) at 159
06-04 15:21:54.754 W/skia    (  493): AGTM parsing failed flags.readFromStream(s) at 159
06-04 15:21:54.853 W/skia    (  493): AGTM parsing failed flags.readFromStream(s) at 159
06-04 15:21:54.954 W/skia    (  493): AGTM parsing failed flags.readFromStream(s) at 159
06-04 15:21:55.055 W/skia    (  493): AGTM parsing failed flags.readFromStream(s) at 159
06-04 15:21:55.156 W/skia    (  493): AGTM parsing failed flags.readFromStream(s) at 159
06-04 15:21:55.258 W/skia    (  493): AGTM parsing failed flags.readFromStream(s) at 159
06-04 15:21:55.359 W/skia    (  493): AGTM parsing failed flags.readFromStream(s) at 159
06-04 15:21:55.461 W/skia    (  493): AGTM parsing failed flags.readFromStream(s) at 159
06-04 15:21:55.562 W/skia    (  493): AGTM parsing failed flags.readFromStream(s) at 159
06-04 15:21:55.664 W/skia    (  493): AGTM parsing failed flags.readFromStream(s) at 159
06-04 15:21:55.765 W/skia    (  493): AGTM parsing failed flags.readFromStream(s) at 159
06-04 15:21:55.866 W/skia    (  493): AGTM parsing failed flags.readFromStream(s) at 159
06-04 15:21:55.874 D/SatelliteController( 1071): isInCarrierRoamingNbIotNtn: satellite is disabled
06-04 15:21:55.874 D/SatelliteController( 1071): getCarrierRoamingNtnConnectType: Checking connect type from PLMN config for subId: 1
06-04 15:21:55.874 D/TelephonyConfigUpdateInstallReceiver( 1071): getConfigParser: domain=satellite
06-04 15:21:55.874 V/SatelliteController( 1071): satelliteConfigParser is not ready
06-04 15:21:55.874 D/SatelliteController( 1071): isSatelliteAttachSupportedViaConfigupdater: return null (satelliteConfig is null)
06-04 15:21:55.874 D/SatelliteController( 1071): getSatellitePerPlmnConfiguration: invalid subId or not supported via carrier.
06-04 15:21:55.874 D/SatelliteController( 1071): getCarrierRoamingNtnConnectType: config: null
06-04 15:21:55.874 D/TelephonyConfigUpdateInstallReceiver( 1071): getConfigParser: domain=satellite
06-04 15:21:55.874 V/SatelliteController( 1071): satelliteConfigParser is not ready
06-04 15:21:55.874 D/SatelliteController( 1071): getCarrierRoamingNtnConnectTypeViaConfigUpdater: return null (satelliteConfig is null)
06-04 15:21:55.874 D/SatelliteController( 1071): getCarrierRoamingNtnConnectType: Falling back to global carrier config connect type: 0
06-04 15:21:55.874 D/TelephonyConfigUpdateInstallReceiver( 1071): getConfigParser: domain=satellite
06-04 15:21:55.875 V/SatelliteController( 1071): satelliteConfigParser is not ready
06-04 15:21:55.875 D/SatelliteController( 1071): isSatelliteAttachSupportedViaConfigupdater: return null (satelliteConfig is null)
06-04 15:21:55.875 D/SatelliteController( 1071): getCarrierRoamingNtnConnectType: Checking connect type from PLMN config for subId: 1
06-04 15:21:55.875 D/TelephonyConfigUpdateInstallReceiver( 1071): getConfigParser: domain=satellite
06-04 15:21:55.875 V/SatelliteController( 1071): satelliteConfigParser is not ready
06-04 15:21:55.875 D/SatelliteController( 1071): isSatelliteAttachSupportedViaConfigupdater: return null (satelliteConfig is null)
06-04 15:21:55.875 D/SatelliteController( 1071): getSatellitePerPlmnConfiguration: invalid subId or not supported via carrier.
06-04 15:21:55.875 D/SatelliteController( 1071): getCarrierRoamingNtnConnectType: config: null
06-04 15:21:55.875 D/TelephonyConfigUpdateInstallReceiver( 1071): getConfigParser: domain=satellite
06-04 15:21:55.875 V/SatelliteController( 1071): satelliteConfigParser is not ready
06-04 15:21:55.875 D/SatelliteController( 1071): getCarrierRoamingNtnConnectTypeViaConfigUpdater: return null (satelliteConfig is null)
06-04 15:21:55.875 D/SatelliteController( 1071): getCarrierRoamingNtnConnectType: Falling back to global carrier config connect type: 0
06-04 15:21:55.875 D/TelephonyConfigUpdateInstallReceiver( 1071): getConfigParser: domain=satellite
06-04 15:21:55.875 V/SatelliteController( 1071): satelliteConfigParser is not ready
06-04 15:21:55.875 D/SatelliteController( 1071): isSatelliteAttachSupportedViaConfigupdater: return null (satelliteConfig is null)
06-04 15:21:55.968 W/skia    (  493): AGTM parsing failed flags.readFromStream(s) at 159
06-04 15:21:56.069 W/skia    (  493): AGTM parsing failed flags.readFromStream(s) at 159
06-04 15:21:56.169 W/skia    (  493): AGTM parsing failed flags.readFromStream(s) at 159
06-04 15:21:56.269 W/skia    (  493): AGTM parsing failed flags.readFromStream(s) at 159
06-04 15:21:56.374 W/skia    (  493): AGTM parsing failed flags.readFromStream(s) at 159
06-04 15:21:56.475 W/skia    (  493): AGTM parsing failed flags.readFromStream(s) at 159
06-04 15:21:56.577 W/skia    (  493): AGTM parsing failed flags.readFromStream(s) at 159
06-04 15:21:56.680 W/skia    (  493): AGTM parsing failed flags.readFromStream(s) at 159
06-04 15:21:56.782 W/skia    (  493): AGTM parsing failed flags.readFromStream(s) at 159
06-04 15:21:56.883 W/skia    (  493): AGTM parsing failed flags.readFromStream(s) at 159
06-04 15:21:56.985 W/skia    (  493): AGTM parsing failed flags.readFromStream(s) at 159
06-04 15:21:57.086 W/skia    (  493): AGTM parsing failed flags.readFromStream(s) at 159
06-04 15:21:57.165 D/WifiClientModeImpl[6437:wlan0](  665): updateLinkLayerStatsRssiSpeedFrequencyCapabilities rssi=-50 TxLinkspeed=1 freq=2447 RxLinkSpeed=2
06-04 15:21:57.165 D/WifiDataStall(  665): tx tput in kbps: 11000
06-04 15:21:57.165 D/WifiDataStall(  665): rx tput in kbps: 11000
06-04 15:21:57.165 V/WifiConfigManager(  665): Updating scan detail cache freq=2447 BSSID=00:13:10:85:fe:01 RSSI=-50 for "AndroidWifi"NONE
06-04 15:21:57.165 D/WifiThroughputPredictor(  665):  utilization (LLS) 80 isBluetoothConnected: false final utilization: 80
06-04 15:21:57.165 D/WifiThroughputPredictor(  665):  BW: 0 RSSI: -50 Nss: 1 Mode: 1 symDur: 4000 snrDb 30 bitPerTone: 4500 rate: 54 throughput: 11
06-04 15:21:57.165 D/WifiThroughputPredictor(  665):  utilization (LLS) 80 isBluetoothConnected: false final utilization: 80
06-04 15:21:57.165 D/WifiThroughputPredictor(  665):  BW: 0 RSSI: -50 Nss: 1 Mode: 1 symDur: 4000 snrDb 30 bitPerTone: 4500 rate: 54 throughput: 11
06-04 15:21:57.165 D/WifiThroughputPredictor(  665):  utilization (LLS) 80 isBluetoothConnected: false final utilization: 80
06-04 15:21:57.165 D/WifiThroughputPredictor(  665):  BW: 0 RSSI: -50 Nss: 1 Mode: 1 symDur: 4000 snrDb 30 bitPerTone: 4500 rate: 54 throughput: 11
06-04 15:21:57.165 D/WifiThroughputPredictor(  665):  utilization (LLS) 80 isBluetoothConnected: false final utilization: 80
06-04 15:21:57.165 D/WifiThroughputPredictor(  665):  BW: 0 RSSI: -50 Nss: 1 Mode: 1 symDur: 4000 snrDb 30 bitPerTone: 4500 rate: 54 throughput: 11
06-04 15:21:57.166 I/HalDevMgr(  665): bestIfaceCreationProposal is null, requestIface=STA, existingIface=[name=wlan0 type=STA]
06-04 15:21:57.166 D/WifiScoreCard(  665): BSSID update SIGNAL_POLL ID: 2101330849 SSID: "AndroidWifi", BSSID: 00:13:10:85:fe:01, MAC: 02:15:b2:00:00:00, IP: /10.0.2.16, Security type: 0, Supplicant state: COMPLETED, Wi-Fi standard: legacy, RSSI: -50, Link speed: 1Mbps, Tx Link speed: 1Mbps, Max Supported Tx Link speed: 11Mbps, Calculated Tx : 0Mbps, Rx Link speed: 2Mbps, Max Supported Rx Link speed: 11Mbps, Calculated Rx : 0Mbps, Frequency: 2447MHz, Net ID: 0, Metered hint: false, score: 100, isUsable: true, CarrierMerged: false, SubscriptionId: -1, IsPrimary: 1, Trusted: true, Restricted: false, Ephemeral: false, OEM paid: false, OEM private: false, OSU AP: false, FQDN: <none>, Provider friendly name: <none>, Requesting package name: <none>"AndroidWifi"openMLO Information: , Is TID-To-Link negotiation supported by the AP: false, AP MLD Address: <none>, AP MLO Link Id: <none>, AP MLO Affiliated links: <none>, Vendor Data: <none>
06-04 15:21:57.167 D/WifiScoreCard(  665): txRate: 1 txSpeed: 1
06-04 15:21:57.167 D/WifiScoreCard(  665): network update SIGNAL_POLL "AndroidWifi" ID: 1558497550 RSSI -50 txSpeed -1
06-04 15:21:57.167 D/WifiClientModeImpl[6437:wlan0](  665):  ClientModeImpl$L2ConnectedState screen=on 1 0 "AndroidWifi" 00:13:10:85:fe:01 rssi=-50 f=2447 sc=100 link=1 tx=0.0, 0.0, 0.0 rx=0.0 bcn=0 [on:0 tx:0 rx:0 period:3006] from screen [on:0 period:-1850110673] score=100
06-04 15:21:57.186 W/skia    (  493): AGTM parsing failed flags.readFromStream(s) at 159
06-04 15:21:57.286 W/skia    (  493): AGTM parsing failed flags.readFromStream(s) at 159
06-04 15:21:57.387 W/skia    (  493): AGTM parsing failed flags.readFromStream(s) at 159
06-04 15:21:57.487 W/skia    (  493): AGTM parsing failed flags.readFromStream(s) at 159
06-04 15:21:57.587 W/skia    (  493): AGTM parsing failed flags.readFromStream(s) at 159
06-04 15:21:57.688 W/skia    (  493): AGTM parsing failed flags.readFromStream(s) at 159
06-04 15:21:57.789 W/skia    (  493): AGTM parsing failed flags.readFromStream(s) at 159
06-04 15:21:57.889 W/skia    (  493): AGTM parsing failed flags.readFromStream(s) at 159
06-04 15:21:57.990 W/skia    (  493): AGTM parsing failed flags.readFromStream(s) at 159
06-04 15:21:58.091 W/skia    (  493): AGTM parsing failed flags.readFromStream(s) at 159
06-04 15:21:58.193 W/skia    (  493): AGTM parsing failed flags.readFromStream(s) at 159
06-04 15:21:58.294 W/skia    (  493): AGTM parsing failed flags.readFromStream(s) at 159
06-04 15:21:58.396 W/skia    (  493): AGTM parsing failed flags.readFromStream(s) at 159
06-04 15:21:58.498 W/skia    (  493): AGTM parsing failed flags.readFromStream(s) at 159
06-04 15:21:58.599 W/skia    (  493): AGTM parsing failed flags.readFromStream(s) at 159
06-04 15:21:58.701 W/skia    (  493): AGTM parsing failed flags.readFromStream(s) at 159
06-04 15:21:58.802 W/skia    (  493): AGTM parsing failed flags.readFromStream(s) at 159
06-04 15:21:58.903 W/skia    (  493): AGTM parsing failed flags.readFromStream(s) at 159
06-04 15:21:59.005 W/skia    (  493): AGTM parsing failed flags.readFromStream(s) at 159
06-04 15:21:59.105 W/skia    (  493): AGTM parsing failed flags.readFromStream(s) at 159
06-04 15:21:59.207 W/skia    (  493): AGTM parsing failed flags.readFromStream(s) at 159
06-04 15:21:59.308 W/skia    (  493): AGTM parsing failed flags.readFromStream(s) at 159
06-04 15:21:59.408 W/skia    (  493): AGTM parsing failed flags.readFromStream(s) at 159
06-04 15:21:59.509 W/skia    (  493): AGTM parsing failed flags.readFromStream(s) at 159
06-04 15:21:59.610 W/skia    (  493): AGTM parsing failed flags.readFromStream(s) at 159
06-04 15:21:59.711 W/skia    (  493): AGTM parsing failed flags.readFromStream(s) at 159
06-04 15:21:59.812 W/skia    (  493): AGTM parsing failed flags.readFromStream(s) at 159
06-04 15:21:59.914 W/skia    (  493): AGTM parsing failed flags.readFromStream(s) at 159
