06-04 15:20:45.409 W/skia    (  493): AGTM parsing failed flags.readFromStream(s) at 159
06-04 15:20:45.510 W/skia    (  493): AGTM parsing failed flags.readFromStream(s) at 159
06-04 15:20:45.612 W/skia    (  493): AGTM parsing failed flags.readFromStream(s) at 159
06-04 15:20:45.717 W/skia    (  493): AGTM parsing failed flags.readFromStream(s) at 159
06-04 15:20:45.818 W/skia    (  493): AGTM parsing failed flags.readFromStream(s) at 159
06-04 15:20:45.846 D/SatelliteController( 1071): isInCarrierRoamingNbIotNtn: satellite is disabled
06-04 15:20:45.846 D/SatelliteController( 1071): getCarrierRoamingNtnConnectType: Checking connect type from PLMN config for subId: 1
06-04 15:20:45.846 D/TelephonyConfigUpdateInstallReceiver( 1071): getConfigParser: domain=satellite
06-04 15:20:45.846 V/SatelliteController( 1071): satelliteConfigParser is not ready
06-04 15:20:45.846 D/SatelliteController( 1071): isSatelliteAttachSupportedViaConfigupdater: return null (satelliteConfig is null)
06-04 15:20:45.847 D/SatelliteController( 1071): getSatellitePerPlmnConfiguration: invalid subId or not supported via carrier.
06-04 15:20:45.847 D/SatelliteController( 1071): getCarrierRoamingNtnConnectType: config: null
06-04 15:20:45.847 D/TelephonyConfigUpdateInstallReceiver( 1071): getConfigParser: domain=satellite
06-04 15:20:45.847 V/SatelliteController( 1071): satelliteConfigParser is not ready
06-04 15:20:45.847 D/SatelliteController( 1071): getCarrierRoamingNtnConnectTypeViaConfigUpdater: return null (satelliteConfig is null)
06-04 15:20:45.847 D/SatelliteController( 1071): getCarrierRoamingNtnConnectType: Falling back to global carrier config connect type: 0
06-04 15:20:45.847 D/TelephonyConfigUpdateInstallReceiver( 1071): getConfigParser: domain=satellite
06-04 15:20:45.847 V/SatelliteController( 1071): satelliteConfigParser is not ready
06-04 15:20:45.847 D/SatelliteController( 1071): isSatelliteAttachSupportedViaConfigupdater: return null (satelliteConfig is null)
06-04 15:20:45.847 D/SatelliteController( 1071): getCarrierRoamingNtnConnectType: Checking connect type from PLMN config for subId: 1
06-04 15:20:45.847 D/TelephonyConfigUpdateInstallReceiver( 1071): getConfigParser: domain=satellite
06-04 15:20:45.847 V/SatelliteController( 1071): satelliteConfigParser is not ready
06-04 15:20:45.847 D/SatelliteController( 1071): isSatelliteAttachSupportedViaConfigupdater: return null (satelliteConfig is null)
06-04 15:20:45.847 D/SatelliteController( 1071): getSatellitePerPlmnConfiguration: invalid subId or not supported via carrier.
06-04 15:20:45.847 D/SatelliteController( 1071): getCarrierRoamingNtnConnectType: config: null
06-04 15:20:45.847 D/TelephonyConfigUpdateInstallReceiver( 1071): getConfigParser: domain=satellite
06-04 15:20:45.847 V/SatelliteController( 1071): satelliteConfigParser is not ready
06-04 15:20:45.847 D/SatelliteController( 1071): getCarrierRoamingNtnConnectTypeViaConfigUpdater: return null (satelliteConfig is null)
06-04 15:20:45.847 D/SatelliteController( 1071): getCarrierRoamingNtnConnectType: Falling back to global carrier config connect type: 0
06-04 15:20:45.847 D/TelephonyConfigUpdateInstallReceiver( 1071): getConfigParser: domain=satellite
06-04 15:20:45.847 V/SatelliteController( 1071): satelliteConfigParser is not ready
06-04 15:20:45.847 D/SatelliteController( 1071): isSatelliteAttachSupportedViaConfigupdater: return null (satelliteConfig is null)
06-04 15:20:45.918 W/skia    (  493): AGTM parsing failed flags.readFromStream(s) at 159
06-04 15:20:46.019 W/skia    (  493): AGTM parsing failed flags.readFromStream(s) at 159
06-04 15:20:46.120 W/skia    (  493): AGTM parsing failed flags.readFromStream(s) at 159
06-04 15:20:46.220 W/skia    (  493): AGTM parsing failed flags.readFromStream(s) at 159
06-04 15:20:46.321 W/skia    (  493): AGTM parsing failed flags.readFromStream(s) at 159
06-04 15:20:46.423 W/skia    (  493): AGTM parsing failed flags.readFromStream(s) at 159
06-04 15:20:46.523 W/skia    (  493): AGTM parsing failed flags.readFromStream(s) at 159
06-04 15:20:46.624 W/skia    (  493): AGTM parsing failed flags.readFromStream(s) at 159
06-04 15:20:46.726 W/skia    (  493): AGTM parsing failed flags.readFromStream(s) at 159
06-04 15:20:46.828 W/skia    (  493): AGTM parsing failed flags.readFromStream(s) at 159
06-04 15:20:46.929 W/skia    (  493): AGTM parsing failed flags.readFromStream(s) at 159
06-04 15:20:47.029 W/skia    (  493): AGTM parsing failed flags.readFromStream(s) at 159
06-04 15:20:47.135 W/skia    (  493): AGTM parsing failed flags.readFromStream(s) at 159
06-04 15:20:47.236 W/skia    (  493): AGTM parsing failed flags.readFromStream(s) at 159
06-04 15:20:47.336 W/skia    (  493): AGTM parsing failed flags.readFromStream(s) at 159
06-04 15:20:47.437 W/skia    (  493): AGTM parsing failed flags.readFromStream(s) at 159
06-04 15:20:47.538 W/skia    (  493): AGTM parsing failed flags.readFromStream(s) at 159
06-04 15:20:47.639 W/skia    (  493): AGTM parsing failed flags.readFromStream(s) at 159
06-04 15:20:47.740 W/skia    (  493): AGTM parsing failed flags.readFromStream(s) at 159
06-04 15:20:47.842 W/skia    (  493): AGTM parsing failed flags.readFromStream(s) at 159
06-04 15:20:47.944 W/skia    (  493): AGTM parsing failed flags.readFromStream(s) at 159
06-04 15:20:47.986 D/WifiClientModeImpl[6437:wlan0](  665): updateLinkLayerStatsRssiSpeedFrequencyCapabilities rssi=-50 TxLinkspeed=1 freq=2447 RxLinkSpeed=2
06-04 15:20:47.986 D/WifiDataStall(  665): tx tput in kbps: 11000
06-04 15:20:47.986 D/WifiDataStall(  665): rx tput in kbps: 11000
06-04 15:20:47.986 V/WifiConfigManager(  665): Updating scan detail cache freq=2447 BSSID=00:13:10:85:fe:01 RSSI=-50 for "AndroidWifi"NONE
06-04 15:20:47.986 D/WifiThroughputPredictor(  665):  utilization (LLS) 80 isBluetoothConnected: false final utilization: 80
06-04 15:20:47.986 D/WifiThroughputPredictor(  665):  BW: 0 RSSI: -50 Nss: 1 Mode: 1 symDur: 4000 snrDb 30 bitPerTone: 4500 rate: 54 throughput: 11
06-04 15:20:47.986 D/WifiThroughputPredictor(  665):  utilization (LLS) 80 isBluetoothConnected: false final utilization: 80
06-04 15:20:47.986 D/WifiThroughputPredictor(  665):  BW: 0 RSSI: -50 Nss: 1 Mode: 1 symDur: 4000 snrDb 30 bitPerTone: 4500 rate: 54 throughput: 11
06-04 15:20:47.986 D/WifiThroughputPredictor(  665):  utilization (LLS) 80 isBluetoothConnected: false final utilization: 80
06-04 15:20:47.986 D/WifiThroughputPredictor(  665):  BW: 0 RSSI: -50 Nss: 1 Mode: 1 symDur: 4000 snrDb 30 bitPerTone: 4500 rate: 54 throughput: 11
06-04 15:20:47.986 D/WifiThroughputPredictor(  665):  utilization (LLS) 80 isBluetoothConnected: false final utilization: 80
06-04 15:20:47.986 D/WifiThroughputPredictor(  665):  BW: 0 RSSI: -50 Nss: 1 Mode: 1 symDur: 4000 snrDb 30 bitPerTone: 4500 rate: 54 throughput: 11
06-04 15:20:47.987 I/HalDevMgr(  665): bestIfaceCreationProposal is null, requestIface=STA, existingIface=[name=wlan0 type=STA]
06-04 15:20:47.987 D/WifiScoreCard(  665): BSSID update SIGNAL_POLL ID: 2101330849 SSID: "AndroidWifi", BSSID: 00:13:10:85:fe:01, MAC: 02:15:b2:00:00:00, IP: /10.0.2.16, Security type: 0, Supplicant state: COMPLETED, Wi-Fi standard: legacy, RSSI: -50, Link speed: 1Mbps, Tx Link speed: 1Mbps, Max Supported Tx Link speed: 11Mbps, Calculated Tx : 0Mbps, Rx Link speed: 2Mbps, Max Supported Rx Link speed: 11Mbps, Calculated Rx : 0Mbps, Frequency: 2447MHz, Net ID: 0, Metered hint: false, score: 100, isUsable: true, CarrierMerged: false, SubscriptionId: -1, IsPrimary: 1, Trusted: true, Restricted: false, Ephemeral: false, OEM paid: false, OEM private: false, OSU AP: false, FQDN: <none>, Provider friendly name: <none>, Requesting package name: <none>"AndroidWifi"openMLO Information: , Is TID-To-Link negotiation supported by the AP: false, AP MLD Address: <none>, AP MLO Link Id: <none>, AP MLO Affiliated links: <none>, Vendor Data: <none>
06-04 15:20:47.987 D/WifiScoreCard(  665): txRate: 1 txSpeed: 1
06-04 15:20:47.987 D/WifiScoreCard(  665): network update SIGNAL_POLL "AndroidWifi" ID: 1558497550 RSSI -50 txSpeed -1
06-04 15:20:47.987 D/WifiClientModeImpl[6437:wlan0](  665):  ClientModeImpl$L2ConnectedState screen=on 1 0 "AndroidWifi" 00:13:10:85:fe:01 rssi=-50 f=2447 sc=100 link=1 tx=0.0, 0.0, 0.0 rx=0.0 bcn=0 [on:0 tx:0 rx:0 period:3005] from screen [on:0 period:-1850179853] score=100
06-04 15:20:48.045 W/skia    (  493): AGTM parsing failed flags.readFromStream(s) at 159
06-04 15:20:48.153 W/skia    (  493): AGTM parsing failed flags.readFromStream(s) at 159
06-04 15:20:48.254 W/skia    (  493): AGTM parsing failed flags.readFromStream(s) at 159
06-04 15:20:48.355 W/skia    (  493): AGTM parsing failed flags.readFromStream(s) at 159
06-04 15:20:48.420 D/wpa_supplicant(  912): nl80211: Drv Event 64 (NL80211_CMD_NOTIFY_CQM) received for wlan0
06-04 15:20:48.420 D/wpa_supplicant(  912): nl80211: Beacon loss event
06-04 15:20:48.420 D/wpa_supplicant(  912): wlan0: Event BEACON_LOSS (53) received
06-04 15:20:48.420 I/wpa_supplicant(  912): wlan0: CTRL-EVENT-BEACON-LOSS 
06-04 15:20:48.456 W/skia    (  493): AGTM parsing failed flags.readFromStream(s) at 159
06-04 15:20:48.557 W/skia    (  493): AGTM parsing failed flags.readFromStream(s) at 159
06-04 15:20:48.659 W/skia    (  493): AGTM parsing failed flags.readFromStream(s) at 159
06-04 15:20:48.761 W/skia    (  493): AGTM parsing failed flags.readFromStream(s) at 159
06-04 15:20:48.861 W/skia    (  493): AGTM parsing failed flags.readFromStream(s) at 159
06-04 15:20:48.962 W/skia    (  493): AGTM parsing failed flags.readFromStream(s) at 159
06-04 15:20:49.063 W/skia    (  493): AGTM parsing failed flags.readFromStream(s) at 159
06-04 15:20:49.167 W/skia    (  493): AGTM parsing failed flags.readFromStream(s) at 159
06-04 15:20:49.268 W/skia    (  493): AGTM parsing failed flags.readFromStream(s) at 159
06-04 15:20:49.370 W/skia    (  493): AGTM parsing failed flags.readFromStream(s) at 159
06-04 15:20:49.470 W/skia    (  493): AGTM parsing failed flags.readFromStream(s) at 159
06-04 15:20:49.570 W/skia    (  493): AGTM parsing failed flags.readFromStream(s) at 159
06-04 15:20:49.671 W/skia    (  493): AGTM parsing failed flags.readFromStream(s) at 159
06-04 15:20:49.771 W/skia    (  493): AGTM parsing failed flags.readFromStream(s) at 159
06-04 15:20:49.872 W/skia    (  493): AGTM parsing failed flags.readFromStream(s) at 159
06-04 15:20:49.973 W/skia    (  493): AGTM parsing failed flags.readFromStream(s) at 159
06-04 15:20:50.074 W/skia    (  493): AGTM parsing failed flags.readFromStream(s) at 159
06-04 15:20:50.176 W/skia    (  493): AGTM parsing failed flags.readFromStream(s) at 159
06-04 15:20:50.285 W/skia    (  493): AGTM parsing failed flags.readFromStream(s) at 159
06-04 15:20:50.387 W/skia    (  493): AGTM parsing failed flags.readFromStream(s) at 159
06-04 15:20:50.487 W/skia    (  493): AGTM parsing failed flags.readFromStream(s) at 159
06-04 15:20:50.588 W/skia    (  493): AGTM parsing failed flags.readFromStream(s) at 159
06-04 15:20:50.688 W/skia    (  493): AGTM parsing failed flags.readFromStream(s) at 159
06-04 15:20:50.789 W/skia    (  493): AGTM parsing failed flags.readFromStream(s) at 159
06-04 15:20:50.890 W/skia    (  493): AGTM parsing failed flags.readFromStream(s) at 159
06-04 15:20:50.990 W/skia    (  493): AGTM parsing failed flags.readFromStream(s) at 159
06-04 15:20:50.991 D/WifiClientModeImpl[6437:wlan0](  665): updateLinkLayerStatsRssiSpeedFrequencyCapabilities rssi=-50 TxLinkspeed=1 freq=2447 RxLinkSpeed=2
06-04 15:20:50.991 D/WifiDataStall(  665): tx tput in kbps: 11000
06-04 15:20:50.991 D/WifiDataStall(  665): rx tput in kbps: 11000
06-04 15:20:50.991 V/WifiConfigManager(  665): Updating scan detail cache freq=2447 BSSID=00:13:10:85:fe:01 RSSI=-50 for "AndroidWifi"NONE
06-04 15:20:50.991 D/WifiThroughputPredictor(  665):  utilization (LLS) 80 isBluetoothConnected: false final utilization: 80
06-04 15:20:50.991 D/WifiThroughputPredictor(  665):  BW: 0 RSSI: -50 Nss: 1 Mode: 1 symDur: 4000 snrDb 30 bitPerTone: 4500 rate: 54 throughput: 11
06-04 15:20:50.991 D/WifiThroughputPredictor(  665):  utilization (LLS) 80 isBluetoothConnected: false final utilization: 80
06-04 15:20:50.991 D/WifiThroughputPredictor(  665):  BW: 0 RSSI: -50 Nss: 1 Mode: 1 symDur: 4000 snrDb 30 bitPerTone: 4500 rate: 54 throughput: 11
06-04 15:20:50.991 D/WifiThroughputPredictor(  665):  utilization (LLS) 80 isBluetoothConnected: false final utilization: 80
06-04 15:20:50.991 D/WifiThroughputPredictor(  665):  BW: 0 RSSI: -50 Nss: 1 Mode: 1 symDur: 4000 snrDb 30 bitPerTone: 4500 rate: 54 throughput: 11
06-04 15:20:50.991 D/WifiThroughputPredictor(  665):  utilization (LLS) 80 isBluetoothConnected: false final utilization: 80
06-04 15:20:50.991 D/WifiThroughputPredictor(  665):  BW: 0 RSSI: -50 Nss: 1 Mode: 1 symDur: 4000 snrDb 30 bitPerTone: 4500 rate: 54 throughput: 11
06-04 15:20:50.993 I/HalDevMgr(  665): bestIfaceCreationProposal is null, requestIface=STA, existingIface=[name=wlan0 type=STA]
06-04 15:20:50.994 D/WifiScoreCard(  665): BSSID update SIGNAL_POLL ID: 2101330849 SSID: "AndroidWifi", BSSID: 00:13:10:85:fe:01, MAC: 02:15:b2:00:00:00, IP: /10.0.2.16, Security type: 0, Supplicant state: COMPLETED, Wi-Fi standard: legacy, RSSI: -50, Link speed: 1Mbps, Tx Link speed: 1Mbps, Max Supported Tx Link speed: 11Mbps, Calculated Tx : 0Mbps, Rx Link speed: 2Mbps, Max Supported Rx Link speed: 11Mbps, Calculated Rx : 0Mbps, Frequency: 2447MHz, Net ID: 0, Metered hint: false, score: 100, isUsable: true, CarrierMerged: false, SubscriptionId: -1, IsPrimary: 1, Trusted: true, Restricted: false, Ephemeral: false, OEM paid: false, OEM private: false, OSU AP: false, FQDN: <none>, Provider friendly name: <none>, Requesting package name: <none>"AndroidWifi"openMLO Information: , Is TID-To-Link negotiation supported by the AP: false, AP MLD Address: <none>, AP MLO Link Id: <none>, AP MLO Affiliated links: <none>, Vendor Data: <none>
06-04 15:20:50.994 D/WifiScoreCard(  665): txRate: 1 txSpeed: 1
06-04 15:20:50.994 D/WifiScoreCard(  665): network update SIGNAL_POLL "AndroidWifi" ID: 1558497550 RSSI -50 txSpeed -1
06-04 15:20:50.994 D/WifiClientModeImpl[6437:wlan0](  665):  ClientModeImpl$L2ConnectedState screen=on 1 0 "AndroidWifi" 00:13:10:85:fe:01 rssi=-50 f=2447 sc=100 link=1 tx=0.0, 0.0, 0.0 rx=0.0 bcn=0 [on:0 tx:0 rx:0 period:3007] from screen [on:0 period:-1850176846] score=100
06-04 15:20:51.092 W/skia    (  493): AGTM parsing failed flags.readFromStream(s) at 159
06-04 15:20:51.193 W/skia    (  493): AGTM parsing failed flags.readFromStream(s) at 159
06-04 15:20:51.296 W/skia    (  493): AGTM parsing failed flags.readFromStream(s) at 159
06-04 15:20:51.401 W/skia    (  493): AGTM parsing failed flags.readFromStream(s) at 159
06-04 15:20:51.501 W/skia    (  493): AGTM parsing failed flags.readFromStream(s) at 159
06-04 15:20:51.602 W/skia    (  493): AGTM parsing failed flags.readFromStream(s) at 159
06-04 15:20:51.703 W/skia    (  493): AGTM parsing failed flags.readFromStream(s) at 159
06-04 15:20:51.804 W/skia    (  493): AGTM parsing failed flags.readFromStream(s) at 159
06-04 15:20:51.905 W/skia    (  493): AGTM parsing failed flags.readFromStream(s) at 159
06-04 15:20:52.005 W/skia    (  493): AGTM parsing failed flags.readFromStream(s) at 159
06-04 15:20:52.106 W/skia    (  493): AGTM parsing failed flags.readFromStream(s) at 159
06-04 15:20:52.207 W/skia    (  493): AGTM parsing failed flags.readFromStream(s) at 159
06-04 15:20:52.308 W/skia    (  493): AGTM parsing failed flags.readFromStream(s) at 159
06-04 15:20:52.409 W/skia    (  493): AGTM parsing failed flags.readFromStream(s) at 159
06-04 15:20:52.510 W/skia    (  493): AGTM parsing failed flags.readFromStream(s) at 159
06-04 15:20:52.612 W/skia    (  493): AGTM parsing failed flags.readFromStream(s) at 159
06-04 15:20:52.715 W/skia    (  493): AGTM parsing failed flags.readFromStream(s) at 159
06-04 15:20:52.817 W/skia    (  493): AGTM parsing failed flags.readFromStream(s) at 159
06-04 15:20:52.920 W/skia    (  493): AGTM parsing failed flags.readFromStream(s) at 159
06-04 15:20:53.021 W/skia    (  493): AGTM parsing failed flags.readFromStream(s) at 159
06-04 15:20:53.122 W/skia    (  493): AGTM parsing failed flags.readFromStream(s) at 159
06-04 15:20:53.224 W/skia    (  493): AGTM parsing failed flags.readFromStream(s) at 159
06-04 15:20:53.326 W/skia    (  493): AGTM parsing failed flags.readFromStream(s) at 159
06-04 15:20:53.429 W/skia    (  493): AGTM parsing failed flags.readFromStream(s) at 159
06-04 15:20:53.534 W/skia    (  493): AGTM parsing failed flags.readFromStream(s) at 159
06-04 15:20:53.634 W/skia    (  493): AGTM parsing failed flags.readFromStream(s) at 159
06-04 15:20:53.734 W/skia    (  493): AGTM parsing failed flags.readFromStream(s) at 159
06-04 15:20:53.836 W/skia    (  493): AGTM parsing failed flags.readFromStream(s) at 159
06-04 15:20:53.937 W/skia    (  493): AGTM parsing failed flags.readFromStream(s) at 159
06-04 15:20:53.999 D/WifiClientModeImpl[6437:wlan0](  665): updateLinkLayerStatsRssiSpeedFrequencyCapabilities rssi=-50 TxLinkspeed=1 freq=2447 RxLinkSpeed=2
06-04 15:20:54.000 D/WifiDataStall(  665): tx tput in kbps: 11000
06-04 15:20:54.000 D/WifiDataStall(  665): rx tput in kbps: 11000
06-04 15:20:54.001 V/WifiConfigManager(  665): Updating scan detail cache freq=2447 BSSID=00:13:10:85:fe:01 RSSI=-50 for "AndroidWifi"NONE
06-04 15:20:54.001 D/WifiThroughputPredictor(  665):  utilization (LLS) 80 isBluetoothConnected: false final utilization: 80
06-04 15:20:54.001 D/WifiThroughputPredictor(  665):  BW: 0 RSSI: -50 Nss: 1 Mode: 1 symDur: 4000 snrDb 30 bitPerTone: 4500 rate: 54 throughput: 11
06-04 15:20:54.001 D/WifiThroughputPredictor(  665):  utilization (LLS) 80 isBluetoothConnected: false final utilization: 80
06-04 15:20:54.001 D/WifiThroughputPredictor(  665):  BW: 0 RSSI: -50 Nss: 1 Mode: 1 symDur: 4000 snrDb 30 bitPerTone: 4500 rate: 54 throughput: 11
06-04 15:20:54.001 D/WifiThroughputPredictor(  665):  utilization (LLS) 80 isBluetoothConnected: false final utilization: 80
06-04 15:20:54.001 D/WifiThroughputPredictor(  665):  BW: 0 RSSI: -50 Nss: 1 Mode: 1 symDur: 4000 snrDb 30 bitPerTone: 4500 rate: 54 throughput: 11
06-04 15:20:54.001 D/WifiThroughputPredictor(  665):  utilization (LLS) 80 isBluetoothConnected: false final utilization: 80
06-04 15:20:54.001 D/WifiThroughputPredictor(  665):  BW: 0 RSSI: -50 Nss: 1 Mode: 1 symDur: 4000 snrDb 30 bitPerTone: 4500 rate: 54 throughput: 11
06-04 15:20:54.002 I/HalDevMgr(  665): bestIfaceCreationProposal is null, requestIface=STA, existingIface=[name=wlan0 type=STA]
06-04 15:20:54.002 D/WifiScoreCard(  665): BSSID update SIGNAL_POLL ID: 2101330849 SSID: "AndroidWifi", BSSID: 00:13:10:85:fe:01, MAC: 02:15:b2:00:00:00, IP: /10.0.2.16, Security type: 0, Supplicant state: COMPLETED, Wi-Fi standard: legacy, RSSI: -50, Link speed: 1Mbps, Tx Link speed: 1Mbps, Max Supported Tx Link speed: 11Mbps, Calculated Tx : 0Mbps, Rx Link speed: 2Mbps, Max Supported Rx Link speed: 11Mbps, Calculated Rx : 0Mbps, Frequency: 2447MHz, Net ID: 0, Metered hint: false, score: 100, isUsable: true, CarrierMerged: false, SubscriptionId: -1, IsPrimary: 1, Trusted: true, Restricted: false, Ephemeral: false, OEM paid: false, OEM private: false, OSU AP: false, FQDN: <none>, Provider friendly name: <none>, Requesting package name: <none>"AndroidWifi"openMLO Information: , Is TID-To-Link negotiation supported by the AP: false, AP MLD Address: <none>, AP MLO Link Id: <none>, AP MLO Affiliated links: <none>, Vendor Data: <none>
06-04 15:20:54.002 D/WifiScoreCard(  665): txRate: 1 txSpeed: 1
06-04 15:20:54.002 D/WifiScoreCard(  665): network update SIGNAL_POLL "AndroidWifi" ID: 1558497550 RSSI -50 txSpeed -1
06-04 15:20:54.002 D/WifiClientModeImpl[6437:wlan0](  665):  ClientModeImpl$L2ConnectedState screen=on 1 0 "AndroidWifi" 00:13:10:85:fe:01 rssi=-50 f=2447 sc=100 link=1 tx=0.0, 0.0, 0.0 rx=0.0 bcn=0 [on:0 tx:0 rx:0 period:3008] from screen [on:0 period:-1850173838] score=100
06-04 15:20:54.038 W/skia    (  493): AGTM parsing failed flags.readFromStream(s) at 159
06-04 15:20:54.137 W/skia    (  493): AGTM parsing failed flags.readFromStream(s) at 159
06-04 15:20:54.238 W/skia    (  493): AGTM parsing failed flags.readFromStream(s) at 159
06-04 15:20:54.339 W/skia    (  493): AGTM parsing failed flags.readFromStream(s) at 159
06-04 15:20:54.439 W/skia    (  493): AGTM parsing failed flags.readFromStream(s) at 159
06-04 15:20:54.540 W/skia    (  493): AGTM parsing failed flags.readFromStream(s) at 159
06-04 15:20:54.641 W/skia    (  493): AGTM parsing failed flags.readFromStream(s) at 159
06-04 15:20:54.742 W/skia    (  493): AGTM parsing failed flags.readFromStream(s) at 159
06-04 15:20:54.843 W/skia    (  493): AGTM parsing failed flags.readFromStream(s) at 159
06-04 15:20:54.944 W/skia    (  493): AGTM parsing failed flags.readFromStream(s) at 159
06-04 15:20:55.051 W/skia    (  493): AGTM parsing failed flags.readFromStream(s) at 159
06-04 15:20:55.152 W/skia    (  493): AGTM parsing failed flags.readFromStream(s) at 159
06-04 15:20:55.253 W/skia    (  493): AGTM parsing failed flags.readFromStream(s) at 159
06-04 15:20:55.353 W/skia    (  493): AGTM parsing failed flags.readFromStream(s) at 159
06-04 15:20:55.454 W/skia    (  493): AGTM parsing failed flags.readFromStream(s) at 159
06-04 15:20:55.554 W/skia    (  493): AGTM parsing failed flags.readFromStream(s) at 159
06-04 15:20:55.655 W/skia    (  493): AGTM parsing failed flags.readFromStream(s) at 159
06-04 15:20:55.757 W/skia    (  493): AGTM parsing failed flags.readFromStream(s) at 159
06-04 15:20:55.849 D/SatelliteController( 1071): isInCarrierRoamingNbIotNtn: satellite is disabled
06-04 15:20:55.850 D/SatelliteController( 1071): getCarrierRoamingNtnConnectType: Checking connect type from PLMN config for subId: 1
06-04 15:20:55.850 D/TelephonyConfigUpdateInstallReceiver( 1071): getConfigParser: domain=satellite
06-04 15:20:55.850 V/SatelliteController( 1071): satelliteConfigParser is not ready
06-04 15:20:55.850 D/SatelliteController( 1071): isSatelliteAttachSupportedViaConfigupdater: return null (satelliteConfig is null)
06-04 15:20:55.850 D/SatelliteController( 1071): getSatellitePerPlmnConfiguration: invalid subId or not supported via carrier.
06-04 15:20:55.850 D/SatelliteController( 1071): getCarrierRoamingNtnConnectType: config: null
06-04 15:20:55.850 D/TelephonyConfigUpdateInstallReceiver( 1071): getConfigParser: domain=satellite
06-04 15:20:55.850 V/SatelliteController( 1071): satelliteConfigParser is not ready
06-04 15:20:55.850 D/SatelliteController( 1071): getCarrierRoamingNtnConnectTypeViaConfigUpdater: return null (satelliteConfig is null)
06-04 15:20:55.850 D/SatelliteController( 1071): getCarrierRoamingNtnConnectType: Falling back to global carrier config connect type: 0
06-04 15:20:55.850 D/TelephonyConfigUpdateInstallReceiver( 1071): getConfigParser: domain=satellite
06-04 15:20:55.850 V/SatelliteController( 1071): satelliteConfigParser is not ready
06-04 15:20:55.850 D/SatelliteController( 1071): isSatelliteAttachSupportedViaConfigupdater: return null (satelliteConfig is null)
06-04 15:20:55.850 D/SatelliteController( 1071): getCarrierRoamingNtnConnectType: Checking connect type from PLMN config for subId: 1
06-04 15:20:55.850 D/TelephonyConfigUpdateInstallReceiver( 1071): getConfigParser: domain=satellite
06-04 15:20:55.850 V/SatelliteController( 1071): satelliteConfigParser is not ready
06-04 15:20:55.850 D/SatelliteController( 1071): isSatelliteAttachSupportedViaConfigupdater: return null (satelliteConfig is null)
06-04 15:20:55.850 D/SatelliteController( 1071): getSatellitePerPlmnConfiguration: invalid subId or not supported via carrier.
06-04 15:20:55.850 D/SatelliteController( 1071): getCarrierRoamingNtnConnectType: config: null
06-04 15:20:55.850 D/TelephonyConfigUpdateInstallReceiver( 1071): getConfigParser: domain=satellite
06-04 15:20:55.850 V/SatelliteController( 1071): satelliteConfigParser is not ready
06-04 15:20:55.850 D/SatelliteController( 1071): getCarrierRoamingNtnConnectTypeViaConfigUpdater: return null (satelliteConfig is null)
06-04 15:20:55.850 D/SatelliteController( 1071): getCarrierRoamingNtnConnectType: Falling back to global carrier config connect type: 0
06-04 15:20:55.850 D/TelephonyConfigUpdateInstallReceiver( 1071): getConfigParser: domain=satellite
06-04 15:20:55.850 V/SatelliteController( 1071): satelliteConfigParser is not ready
06-04 15:20:55.850 D/SatelliteController( 1071): isSatelliteAttachSupportedViaConfigupdater: return null (satelliteConfig is null)
06-04 15:20:55.858 W/skia    (  493): AGTM parsing failed flags.readFromStream(s) at 159
06-04 15:20:55.959 W/skia    (  493): AGTM parsing failed flags.readFromStream(s) at 159
06-04 15:20:56.061 W/skia    (  493): AGTM parsing failed flags.readFromStream(s) at 159
06-04 15:20:56.161 W/skia    (  493): AGTM parsing failed flags.readFromStream(s) at 159
06-04 15:20:56.262 W/skia    (  493): AGTM parsing failed flags.readFromStream(s) at 159
06-04 15:20:56.356 D/wpa_supplicant(  912): nl80211: Drv Event 64 (NL80211_CMD_NOTIFY_CQM) received for wlan0
06-04 15:20:56.356 D/wpa_supplicant(  912): nl80211: Beacon loss event
06-04 15:20:56.356 D/wpa_supplicant(  912): wlan0: Event BEACON_LOSS (53) received
06-04 15:20:56.356 I/wpa_supplicant(  912): wlan0: CTRL-EVENT-BEACON-LOSS 
06-04 15:20:56.368 W/skia    (  493): AGTM parsing failed flags.readFromStream(s) at 159
06-04 15:20:56.468 W/skia    (  493): AGTM parsing failed flags.readFromStream(s) at 159
06-04 15:20:56.570 W/skia    (  493): AGTM parsing failed flags.readFromStream(s) at 159
06-04 15:20:56.671 W/skia    (  493): AGTM parsing failed flags.readFromStream(s) at 159
06-04 15:20:56.771 W/skia    (  493): AGTM parsing failed flags.readFromStream(s) at 159
06-04 15:20:56.872 W/skia    (  493): AGTM parsing failed flags.readFromStream(s) at 159
06-04 15:20:56.973 W/skia    (  493): AGTM parsing failed flags.readFromStream(s) at 159
06-04 15:20:57.004 D/WifiClientModeImpl[6437:wlan0](  665): updateLinkLayerStatsRssiSpeedFrequencyCapabilities rssi=-50 TxLinkspeed=1 freq=2447 RxLinkSpeed=2
06-04 15:20:57.004 D/WifiDataStall(  665): tx tput in kbps: 11000
06-04 15:20:57.004 D/WifiDataStall(  665): rx tput in kbps: 11000
06-04 15:20:57.004 V/WifiConfigManager(  665): Updating scan detail cache freq=2447 BSSID=00:13:10:85:fe:01 RSSI=-50 for "AndroidWifi"NONE
06-04 15:20:57.004 D/WifiThroughputPredictor(  665):  utilization (LLS) 80 isBluetoothConnected: false final utilization: 80
06-04 15:20:57.004 D/WifiThroughputPredictor(  665):  BW: 0 RSSI: -50 Nss: 1 Mode: 1 symDur: 4000 snrDb 30 bitPerTone: 4500 rate: 54 throughput: 11
06-04 15:20:57.004 D/WifiThroughputPredictor(  665):  utilization (LLS) 80 isBluetoothConnected: false final utilization: 80
06-04 15:20:57.004 D/WifiThroughputPredictor(  665):  BW: 0 RSSI: -50 Nss: 1 Mode: 1 symDur: 4000 snrDb 30 bitPerTone: 4500 rate: 54 throughput: 11
06-04 15:20:57.004 D/WifiThroughputPredictor(  665):  utilization (LLS) 80 isBluetoothConnected: false final utilization: 80
06-04 15:20:57.004 D/WifiThroughputPredictor(  665):  BW: 0 RSSI: -50 Nss: 1 Mode: 1 symDur: 4000 snrDb 30 bitPerTone: 4500 rate: 54 throughput: 11
06-04 15:20:57.004 D/WifiThroughputPredictor(  665):  utilization (LLS) 80 isBluetoothConnected: false final utilization: 80
06-04 15:20:57.004 D/WifiThroughputPredictor(  665):  BW: 0 RSSI: -50 Nss: 1 Mode: 1 symDur: 4000 snrDb 30 bitPerTone: 4500 rate: 54 throughput: 11
06-04 15:20:57.006 I/HalDevMgr(  665): bestIfaceCreationProposal is null, requestIface=STA, existingIface=[name=wlan0 type=STA]
06-04 15:20:57.007 D/WifiScoreCard(  665): BSSID update SIGNAL_POLL ID: 2101330849 SSID: "AndroidWifi", BSSID: 00:13:10:85:fe:01, MAC: 02:15:b2:00:00:00, IP: /10.0.2.16, Security type: 0, Supplicant state: COMPLETED, Wi-Fi standard: legacy, RSSI: -50, Link speed: 1Mbps, Tx Link speed: 1Mbps, Max Supported Tx Link speed: 11Mbps, Calculated Tx : 0Mbps, Rx Link speed: 2Mbps, Max Supported Rx Link speed: 11Mbps, Calculated Rx : 0Mbps, Frequency: 2447MHz, Net ID: 0, Metered hint: false, score: 100, isUsable: true, CarrierMerged: false, SubscriptionId: -1, IsPrimary: 1, Trusted: true, Restricted: false, Ephemeral: false, OEM paid: false, OEM private: false, OSU AP: false, FQDN: <none>, Provider friendly name: <none>, Requesting package name: <none>"AndroidWifi"openMLO Information: , Is TID-To-Link negotiation supported by the AP: false, AP MLD Address: <none>, AP MLO Link Id: <none>, AP MLO Affiliated links: <none>, Vendor Data: <none>
06-04 15:20:57.007 D/WifiScoreCard(  665): txRate: 1 txSpeed: 1
06-04 15:20:57.007 D/WifiScoreCard(  665): network update SIGNAL_POLL "AndroidWifi" ID: 1558497550 RSSI -50 txSpeed -1
06-04 15:20:57.007 D/WifiClientModeImpl[6437:wlan0](  665):  ClientModeImpl$L2ConnectedState screen=on 1 0 "AndroidWifi" 00:13:10:85:fe:01 rssi=-50 f=2447 sc=100 link=1 tx=0.0, 0.0, 0.0 rx=0.0 bcn=0 [on:0 tx:0 rx:0 period:3005] from screen [on:0 period:-1850170833] score=100
06-04 15:20:57.074 W/skia    (  493): AGTM parsing failed flags.readFromStream(s) at 159
06-04 15:20:57.174 W/skia    (  493): AGTM parsing failed flags.readFromStream(s) at 159
06-04 15:20:57.275 W/skia    (  493): AGTM parsing failed flags.readFromStream(s) at 159
06-04 15:20:57.375 W/skia    (  493): AGTM parsing failed flags.readFromStream(s) at 159
06-04 15:20:57.478 W/skia    (  493): AGTM parsing failed flags.readFromStream(s) at 159
06-04 15:20:57.580 W/skia    (  493): AGTM parsing failed flags.readFromStream(s) at 159
06-04 15:20:57.680 W/skia    (  493): AGTM parsing failed flags.readFromStream(s) at 159
06-04 15:20:57.781 W/skia    (  493): AGTM parsing failed flags.readFromStream(s) at 159
06-04 15:20:57.887 W/skia    (  493): AGTM parsing failed flags.readFromStream(s) at 159
06-04 15:20:57.986 W/skia    (  493): AGTM parsing failed flags.readFromStream(s) at 159
06-04 15:20:58.087 W/skia    (  493): AGTM parsing failed flags.readFromStream(s) at 159
06-04 15:20:58.187 W/skia    (  493): AGTM parsing failed flags.readFromStream(s) at 159
06-04 15:20:58.288 W/skia    (  493): AGTM parsing failed flags.readFromStream(s) at 159
06-04 15:20:58.388 W/skia    (  493): AGTM parsing failed flags.readFromStream(s) at 159
06-04 15:20:58.488 W/skia    (  493): AGTM parsing failed flags.readFromStream(s) at 159
06-04 15:20:58.589 W/skia    (  493): AGTM parsing failed flags.readFromStream(s) at 159
06-04 15:20:58.690 W/skia    (  493): AGTM parsing failed flags.readFromStream(s) at 159
06-04 15:20:58.791 W/skia    (  493): AGTM parsing failed flags.readFromStream(s) at 159
06-04 15:20:58.893 W/skia    (  493): AGTM parsing failed flags.readFromStream(s) at 159
06-04 15:20:58.995 W/skia    (  493): AGTM parsing failed flags.readFromStream(s) at 159
06-04 15:20:59.096 W/skia    (  493): AGTM parsing failed flags.readFromStream(s) at 159
06-04 15:20:59.196 W/skia    (  493): AGTM parsing failed flags.readFromStream(s) at 159
06-04 15:20:59.300 W/skia    (  493): AGTM parsing failed flags.readFromStream(s) at 159
06-04 15:20:59.401 W/skia    (  493): AGTM parsing failed flags.readFromStream(s) at 159
06-04 15:20:59.502 W/skia    (  493): AGTM parsing failed flags.readFromStream(s) at 159
06-04 15:20:59.603 W/skia    (  493): AGTM parsing failed flags.readFromStream(s) at 159
06-04 15:20:59.704 W/skia    (  493): AGTM parsing failed flags.readFromStream(s) at 159
06-04 15:20:59.805 W/skia    (  493): AGTM parsing failed flags.readFromStream(s) at 159
06-04 15:20:59.907 W/skia    (  493): AGTM parsing failed flags.readFromStream(s) at 159
06-04 15:21:00.007 W/skia    (  493): AGTM parsing failed flags.readFromStream(s) at 159
06-04 15:21:00.008 D/WifiClientModeImpl[6437:wlan0](  665): updateLinkLayerStatsRssiSpeedFrequencyCapabilities rssi=-50 TxLinkspeed=1 freq=2447 RxLinkSpeed=2
06-04 15:21:00.008 D/WifiDataStall(  665): tx tput in kbps: 11000
06-04 15:21:00.008 D/WifiDataStall(  665): rx tput in kbps: 11000
06-04 15:21:00.008 V/WifiConfigManager(  665): Updating scan detail cache freq=2447 BSSID=00:13:10:85:fe:01 RSSI=-50 for "AndroidWifi"NONE
06-04 15:21:00.008 D/WifiThroughputPredictor(  665):  utilization (LLS) 80 isBluetoothConnected: false final utilization: 80
06-04 15:21:00.008 D/WifiThroughputPredictor(  665):  BW: 0 RSSI: -50 Nss: 1 Mode: 1 symDur: 4000 snrDb 30 bitPerTone: 4500 rate: 54 throughput: 11
06-04 15:21:00.008 D/WifiThroughputPredictor(  665):  utilization (LLS) 80 isBluetoothConnected: false final utilization: 80
06-04 15:21:00.008 D/WifiThroughputPredictor(  665):  BW: 0 RSSI: -50 Nss: 1 Mode: 1 symDur: 4000 snrDb 30 bitPerTone: 4500 rate: 54 throughput: 11
06-04 15:21:00.009 D/WifiThroughputPredictor(  665):  utilization (LLS) 80 isBluetoothConnected: false final utilization: 80
06-04 15:21:00.009 D/WifiThroughputPredictor(  665):  BW: 0 RSSI: -50 Nss: 1 Mode: 1 symDur: 4000 snrDb 30 bitPerTone: 4500 rate: 54 throughput: 11
06-04 15:21:00.009 D/WifiThroughputPredictor(  665):  utilization (LLS) 80 isBluetoothConnected: false final utilization: 80
06-04 15:21:00.009 D/WifiThroughputPredictor(  665):  BW: 0 RSSI: -50 Nss: 1 Mode: 1 symDur: 4000 snrDb 30 bitPerTone: 4500 rate: 54 throughput: 11
06-04 15:21:00.009 I/HalDevMgr(  665): bestIfaceCreationProposal is null, requestIface=STA, existingIface=[name=wlan0 type=STA]
06-04 15:21:00.009 D/WifiScoreCard(  665): BSSID update SIGNAL_POLL ID: 2101330849 SSID: "AndroidWifi", BSSID: 00:13:10:85:fe:01, MAC: 02:15:b2:00:00:00, IP: /10.0.2.16, Security type: 0, Supplicant state: COMPLETED, Wi-Fi standard: legacy, RSSI: -50, Link speed: 1Mbps, Tx Link speed: 1Mbps, Max Supported Tx Link speed: 11Mbps, Calculated Tx : 0Mbps, Rx Link speed: 2Mbps, Max Supported Rx Link speed: 11Mbps, Calculated Rx : 0Mbps, Frequency: 2447MHz, Net ID: 0, Metered hint: false, score: 100, isUsable: true, CarrierMerged: false, SubscriptionId: -1, IsPrimary: 1, Trusted: true, Restricted: false, Ephemeral: false, OEM paid: false, OEM private: false, OSU AP: false, FQDN: <none>, Provider friendly name: <none>, Requesting package name: <none>"AndroidWifi"openMLO Information: , Is TID-To-Link negotiation supported by the AP: false, AP MLD Address: <none>, AP MLO Link Id: <none>, AP MLO Affiliated links: <none>, Vendor Data: <none>
06-04 15:21:00.009 D/WifiScoreCard(  665): txRate: 1 txSpeed: 1
06-04 15:21:00.009 D/WifiScoreCard(  665): network update SIGNAL_POLL "AndroidWifi" ID: 1558497550 RSSI -50 txSpeed -1
06-04 15:21:00.009 D/WifiClientModeImpl[6437:wlan0](  665):  ClientModeImpl$L2ConnectedState screen=on 1 0 "AndroidWifi" 00:13:10:85:fe:01 rssi=-50 f=2447 sc=100 link=1 tx=0.0, 0.0, 0.0 rx=0.0 bcn=0 [on:0 tx:0 rx:0 period:3002] from screen [on:0 period:-1850167831] score=100
06-04 15:21:00.108 W/skia    (  493): AGTM parsing failed flags.readFromStream(s) at 159
06-04 15:21:00.209 W/skia    (  493): AGTM parsing failed flags.readFromStream(s) at 159
06-04 15:21:00.309 W/skia    (  493): AGTM parsing failed flags.readFromStream(s) at 159
06-04 15:21:00.410 W/skia    (  493): AGTM parsing failed flags.readFromStream(s) at 159
06-04 15:21:00.512 W/skia    (  493): AGTM parsing failed flags.readFromStream(s) at 159
06-04 15:21:00.613 W/skia    (  493): AGTM parsing failed flags.readFromStream(s) at 159
06-04 15:21:00.714 W/skia    (  493): AGTM parsing failed flags.readFromStream(s) at 159
06-04 15:21:00.815 W/skia    (  493): AGTM parsing failed flags.readFromStream(s) at 159
06-04 15:21:00.919 W/skia    (  493): AGTM parsing failed flags.readFromStream(s) at 159
06-04 15:21:01.021 W/skia    (  493): AGTM parsing failed flags.readFromStream(s) at 159
06-04 15:21:01.122 W/skia    (  493): AGTM parsing failed flags.readFromStream(s) at 159
06-04 15:21:01.222 W/skia    (  493): AGTM parsing failed flags.readFromStream(s) at 159
06-04 15:21:01.324 W/skia    (  493): AGTM parsing failed flags.readFromStream(s) at 159
06-04 15:21:01.424 W/skia    (  493): AGTM parsing failed flags.readFromStream(s) at 159
06-04 15:21:01.526 W/skia    (  493): AGTM parsing failed flags.readFromStream(s) at 159
06-04 15:21:01.627 W/skia    (  493): AGTM parsing failed flags.readFromStream(s) at 159
06-04 15:21:01.728 W/skia    (  493): AGTM parsing failed flags.readFromStream(s) at 159
06-04 15:21:01.828 W/skia    (  493): AGTM parsing failed flags.readFromStream(s) at 159
06-04 15:21:01.930 W/skia    (  493): AGTM parsing failed flags.readFromStream(s) at 159
06-04 15:21:02.031 W/skia    (  493): AGTM parsing failed flags.readFromStream(s) at 159
06-04 15:21:02.132 W/skia    (  493): AGTM parsing failed flags.readFromStream(s) at 159
06-04 15:21:02.236 W/skia    (  493): AGTM parsing failed flags.readFromStream(s) at 159
06-04 15:21:02.336 W/skia    (  493): AGTM parsing failed flags.readFromStream(s) at 159
06-04 15:21:02.437 W/skia    (  493): AGTM parsing failed flags.readFromStream(s) at 159
06-04 15:21:02.537 W/skia    (  493): AGTM parsing failed flags.readFromStream(s) at 159
06-04 15:21:02.638 W/skia    (  493): AGTM parsing failed flags.readFromStream(s) at 159
06-04 15:21:02.738 W/skia    (  493): AGTM parsing failed flags.readFromStream(s) at 159
06-04 15:21:02.840 W/skia    (  493): AGTM parsing failed flags.readFromStream(s) at 159
06-04 15:21:02.942 W/skia    (  493): AGTM parsing failed flags.readFromStream(s) at 159
06-04 15:21:03.014 D/WifiClientModeImpl[6437:wlan0](  665): updateLinkLayerStatsRssiSpeedFrequencyCapabilities rssi=-50 TxLinkspeed=1 freq=2447 RxLinkSpeed=2
06-04 15:21:03.014 D/WifiDataStall(  665): tx tput in kbps: 11000
06-04 15:21:03.014 D/WifiDataStall(  665): rx tput in kbps: 11000
06-04 15:21:03.014 V/WifiConfigManager(  665): Updating scan detail cache freq=2447 BSSID=00:13:10:85:fe:01 RSSI=-50 for "AndroidWifi"NONE
06-04 15:21:03.014 D/WifiThroughputPredictor(  665):  utilization (LLS) 80 isBluetoothConnected: false final utilization: 80
06-04 15:21:03.014 D/WifiThroughputPredictor(  665):  BW: 0 RSSI: -50 Nss: 1 Mode: 1 symDur: 4000 snrDb 30 bitPerTone: 4500 rate: 54 throughput: 11
06-04 15:21:03.015 D/WifiThroughputPredictor(  665):  utilization (LLS) 80 isBluetoothConnected: false final utilization: 80
06-04 15:21:03.015 D/WifiThroughputPredictor(  665):  BW: 0 RSSI: -50 Nss: 1 Mode: 1 symDur: 4000 snrDb 30 bitPerTone: 4500 rate: 54 throughput: 11
06-04 15:21:03.015 D/WifiThroughputPredictor(  665):  utilization (LLS) 80 isBluetoothConnected: false final utilization: 80
06-04 15:21:03.015 D/WifiThroughputPredictor(  665):  BW: 0 RSSI: -50 Nss: 1 Mode: 1 symDur: 4000 snrDb 30 bitPerTone: 4500 rate: 54 throughput: 11
06-04 15:21:03.015 D/WifiThroughputPredictor(  665):  utilization (LLS) 80 isBluetoothConnected: false final utilization: 80
06-04 15:21:03.015 D/WifiThroughputPredictor(  665):  BW: 0 RSSI: -50 Nss: 1 Mode: 1 symDur: 4000 snrDb 30 bitPerTone: 4500 rate: 54 throughput: 11
06-04 15:21:03.022 I/HalDevMgr(  665): bestIfaceCreationProposal is null, requestIface=STA, existingIface=[name=wlan0 type=STA]
06-04 15:21:03.023 D/WifiScoreCard(  665): BSSID update SIGNAL_POLL ID: 2101330849 SSID: "AndroidWifi", BSSID: 00:13:10:85:fe:01, MAC: 02:15:b2:00:00:00, IP: /10.0.2.16, Security type: 0, Supplicant state: COMPLETED, Wi-Fi standard: legacy, RSSI: -50, Link speed: 1Mbps, Tx Link speed: 1Mbps, Max Supported Tx Link speed: 11Mbps, Calculated Tx : 0Mbps, Rx Link speed: 2Mbps, Max Supported Rx Link speed: 11Mbps, Calculated Rx : 0Mbps, Frequency: 2447MHz, Net ID: 0, Metered hint: false, score: 100, isUsable: true, CarrierMerged: false, SubscriptionId: -1, IsPrimary: 1, Trusted: true, Restricted: false, Ephemeral: false, OEM paid: false, OEM private: false, OSU AP: false, FQDN: <none>, Provider friendly name: <none>, Requesting package name: <none>"AndroidWifi"openMLO Information: , Is TID-To-Link negotiation supported by the AP: false, AP MLD Address: <none>, AP MLO Link Id: <none>, AP MLO Affiliated links: <none>, Vendor Data: <none>
06-04 15:21:03.023 D/WifiScoreCard(  665): txRate: 1 txSpeed: 1
06-04 15:21:03.023 D/WifiScoreCard(  665): network update SIGNAL_POLL "AndroidWifi" ID: 1558497550 RSSI -50 txSpeed -1
06-04 15:21:03.023 D/WifiClientModeImpl[6437:wlan0](  665):  ClientModeImpl$L2ConnectedState screen=on 1 0 "AndroidWifi" 00:13:10:85:fe:01 rssi=-50 f=2447 sc=100 link=1 tx=0.0, 0.0, 0.0 rx=0.0 bcn=0 [on:0 tx:0 rx:0 period:3014] from screen [on:0 period:-1850164817] score=100
06-04 15:21:03.042 W/skia    (  493): AGTM parsing failed flags.readFromStream(s) at 159
06-04 15:21:03.143 W/skia    (  493): AGTM parsing failed flags.readFromStream(s) at 159
06-04 15:21:03.282 W/skia    (  493): AGTM parsing failed flags.readFromStream(s) at 159
06-04 15:21:03.376 W/skia    (  493): AGTM parsing failed flags.readFromStream(s) at 159
06-04 15:21:03.478 W/skia    (  493): AGTM parsing failed flags.readFromStream(s) at 159
06-04 15:21:03.584 W/skia    (  493): AGTM parsing failed flags.readFromStream(s) at 159
06-04 15:21:03.684 W/skia    (  493): AGTM parsing failed flags.readFromStream(s) at 159
06-04 15:21:03.786 W/skia    (  493): AGTM parsing failed flags.readFromStream(s) at 159
06-04 15:21:03.886 W/skia    (  493): AGTM parsing failed flags.readFromStream(s) at 159
06-04 15:21:03.986 W/skia    (  493): AGTM parsing failed flags.readFromStream(s) at 159
06-04 15:21:04.087 W/skia    (  493): AGTM parsing failed flags.readFromStream(s) at 159
06-04 15:21:04.188 W/skia    (  493): AGTM parsing failed flags.readFromStream(s) at 159
06-04 15:21:04.289 W/skia    (  493): AGTM parsing failed flags.readFromStream(s) at 159
06-04 15:21:04.292 D/wpa_supplicant(  912): nl80211: Drv Event 64 (NL80211_CMD_NOTIFY_CQM) received for wlan0
06-04 15:21:04.292 D/wpa_supplicant(  912): nl80211: Beacon loss event
06-04 15:21:04.292 D/wpa_supplicant(  912): wlan0: Event BEACON_LOSS (53) received
06-04 15:21:04.292 I/wpa_supplicant(  912): wlan0: CTRL-EVENT-BEACON-LOSS 
06-04 15:21:04.390 W/skia    (  493): AGTM parsing failed flags.readFromStream(s) at 159
06-04 15:21:04.491 W/skia    (  493): AGTM parsing failed flags.readFromStream(s) at 159
06-04 15:21:04.593 W/skia    (  493): AGTM parsing failed flags.readFromStream(s) at 159
06-04 15:21:04.695 W/skia    (  493): AGTM parsing failed flags.readFromStream(s) at 159
06-04 15:21:04.797 W/skia    (  493): AGTM parsing failed flags.readFromStream(s) at 159
06-04 15:21:04.898 W/skia    (  493): AGTM parsing failed flags.readFromStream(s) at 159
06-04 15:21:05.001 W/skia    (  493): AGTM parsing failed flags.readFromStream(s) at 159
06-04 15:21:05.101 W/skia    (  493): AGTM parsing failed flags.readFromStream(s) at 159
06-04 15:21:05.201 W/skia    (  493): AGTM parsing failed flags.readFromStream(s) at 159
06-04 15:21:05.302 W/skia    (  493): AGTM parsing failed flags.readFromStream(s) at 159
06-04 15:21:05.402 W/skia    (  493): AGTM parsing failed flags.readFromStream(s) at 159
06-04 15:21:05.503 W/skia    (  493): AGTM parsing failed flags.readFromStream(s) at 159
06-04 15:21:05.604 W/skia    (  493): AGTM parsing failed flags.readFromStream(s) at 159
06-04 15:21:05.705 W/skia    (  493): AGTM parsing failed flags.readFromStream(s) at 159
06-04 15:21:05.806 W/skia    (  493): AGTM parsing failed flags.readFromStream(s) at 159
06-04 15:21:05.850 D/SatelliteController( 1071): isInCarrierRoamingNbIotNtn: satellite is disabled
06-04 15:21:05.850 D/SatelliteController( 1071): getCarrierRoamingNtnConnectType: Checking connect type from PLMN config for subId: 1
06-04 15:21:05.850 D/TelephonyConfigUpdateInstallReceiver( 1071): getConfigParser: domain=satellite
06-04 15:21:05.850 V/SatelliteController( 1071): satelliteConfigParser is not ready
06-04 15:21:05.850 D/SatelliteController( 1071): isSatelliteAttachSupportedViaConfigupdater: return null (satelliteConfig is null)
06-04 15:21:05.850 D/SatelliteController( 1071): getSatellitePerPlmnConfiguration: invalid subId or not supported via carrier.
06-04 15:21:05.850 D/SatelliteController( 1071): getCarrierRoamingNtnConnectType: config: null
06-04 15:21:05.850 D/TelephonyConfigUpdateInstallReceiver( 1071): getConfigParser: domain=satellite
06-04 15:21:05.850 V/SatelliteController( 1071): satelliteConfigParser is not ready
06-04 15:21:05.850 D/SatelliteController( 1071): getCarrierRoamingNtnConnectTypeViaConfigUpdater: return null (satelliteConfig is null)
06-04 15:21:05.850 D/SatelliteController( 1071): getCarrierRoamingNtnConnectType: Falling back to global carrier config connect type: 0
06-04 15:21:05.850 D/TelephonyConfigUpdateInstallReceiver( 1071): getConfigParser: domain=satellite
06-04 15:21:05.850 V/SatelliteController( 1071): satelliteConfigParser is not ready
06-04 15:21:05.850 D/SatelliteController( 1071): isSatelliteAttachSupportedViaConfigupdater: return null (satelliteConfig is null)
06-04 15:21:05.851 D/SatelliteController( 1071): getCarrierRoamingNtnConnectType: Checking connect type from PLMN config for subId: 1
06-04 15:21:05.852 D/TelephonyConfigUpdateInstallReceiver( 1071): getConfigParser: domain=satellite
06-04 15:21:05.852 V/SatelliteController( 1071): satelliteConfigParser is not ready
06-04 15:21:05.852 D/SatelliteController( 1071): isSatelliteAttachSupportedViaConfigupdater: return null (satelliteConfig is null)
06-04 15:21:05.853 D/SatelliteController( 1071): getSatellitePerPlmnConfiguration: invalid subId or not supported via carrier.
06-04 15:21:05.854 D/SatelliteController( 1071): getCarrierRoamingNtnConnectType: config: null
06-04 15:21:05.854 D/TelephonyConfigUpdateInstallReceiver( 1071): getConfigParser: domain=satellite
06-04 15:21:05.854 V/SatelliteController( 1071): satelliteConfigParser is not ready
06-04 15:21:05.854 D/SatelliteController( 1071): getCarrierRoamingNtnConnectTypeViaConfigUpdater: return null (satelliteConfig is null)
06-04 15:21:05.854 D/SatelliteController( 1071): getCarrierRoamingNtnConnectType: Falling back to global carrier config connect type: 0
06-04 15:21:05.854 D/TelephonyConfigUpdateInstallReceiver( 1071): getConfigParser: domain=satellite
06-04 15:21:05.854 V/SatelliteController( 1071): satelliteConfigParser is not ready
06-04 15:21:05.854 D/SatelliteController( 1071): isSatelliteAttachSupportedViaConfigupdater: return null (satelliteConfig is null)
06-04 15:21:05.908 W/skia    (  493): AGTM parsing failed flags.readFromStream(s) at 159
06-04 15:21:06.008 W/skia    (  493): AGTM parsing failed flags.readFromStream(s) at 159
06-04 15:21:06.025 D/WifiClientModeImpl[6437:wlan0](  665): updateLinkLayerStatsRssiSpeedFrequencyCapabilities rssi=-50 TxLinkspeed=1 freq=2447 RxLinkSpeed=2
06-04 15:21:06.025 D/WifiDataStall(  665): tx tput in kbps: 11000
06-04 15:21:06.025 D/WifiDataStall(  665): rx tput in kbps: 11000
06-04 15:21:06.025 V/WifiConfigManager(  665): Updating scan detail cache freq=2447 BSSID=00:13:10:85:fe:01 RSSI=-50 for "AndroidWifi"NONE
06-04 15:21:06.025 D/WifiThroughputPredictor(  665):  utilization (LLS) 80 isBluetoothConnected: false final utilization: 80
06-04 15:21:06.025 D/WifiThroughputPredictor(  665):  BW: 0 RSSI: -50 Nss: 1 Mode: 1 symDur: 4000 snrDb 30 bitPerTone: 4500 rate: 54 throughput: 11
06-04 15:21:06.025 D/WifiThroughputPredictor(  665):  utilization (LLS) 80 isBluetoothConnected: false final utilization: 80
06-04 15:21:06.025 D/WifiThroughputPredictor(  665):  BW: 0 RSSI: -50 Nss: 1 Mode: 1 symDur: 4000 snrDb 30 bitPerTone: 4500 rate: 54 throughput: 11
06-04 15:21:06.025 D/WifiThroughputPredictor(  665):  utilization (LLS) 80 isBluetoothConnected: false final utilization: 80
06-04 15:21:06.025 D/WifiThroughputPredictor(  665):  BW: 0 RSSI: -50 Nss: 1 Mode: 1 symDur: 4000 snrDb 30 bitPerTone: 4500 rate: 54 throughput: 11
06-04 15:21:06.025 D/WifiThroughputPredictor(  665):  utilization (LLS) 80 isBluetoothConnected: false final utilization: 80
06-04 15:21:06.025 D/WifiThroughputPredictor(  665):  BW: 0 RSSI: -50 Nss: 1 Mode: 1 symDur: 4000 snrDb 30 bitPerTone: 4500 rate: 54 throughput: 11
06-04 15:21:06.027 I/HalDevMgr(  665): bestIfaceCreationProposal is null, requestIface=STA, existingIface=[name=wlan0 type=STA]
06-04 15:21:06.027 D/WifiScoreCard(  665): BSSID update SIGNAL_POLL ID: 2101330849 SSID: "AndroidWifi", BSSID: 00:13:10:85:fe:01, MAC: 02:15:b2:00:00:00, IP: /10.0.2.16, Security type: 0, Supplicant state: COMPLETED, Wi-Fi standard: legacy, RSSI: -50, Link speed: 1Mbps, Tx Link speed: 1Mbps, Max Supported Tx Link speed: 11Mbps, Calculated Tx : 0Mbps, Rx Link speed: 2Mbps, Max Supported Rx Link speed: 11Mbps, Calculated Rx : 0Mbps, Frequency: 2447MHz, Net ID: 0, Metered hint: false, score: 100, isUsable: true, CarrierMerged: false, SubscriptionId: -1, IsPrimary: 1, Trusted: true, Restricted: false, Ephemeral: false, OEM paid: false, OEM private: false, OSU AP: false, FQDN: <none>, Provider friendly name: <none>, Requesting package name: <none>"AndroidWifi"openMLO Information: , Is TID-To-Link negotiation supported by the AP: false, AP MLD Address: <none>, AP MLO Link Id: <none>, AP MLO Affiliated links: <none>, Vendor Data: <none>
06-04 15:21:06.027 D/WifiScoreCard(  665): txRate: 1 txSpeed: 1
06-04 15:21:06.027 D/WifiScoreCard(  665): network update SIGNAL_POLL "AndroidWifi" ID: 1558497550 RSSI -50 txSpeed -1
06-04 15:21:06.028 D/WifiClientModeImpl[6437:wlan0](  665):  ClientModeImpl$L2ConnectedState screen=on 1 0 "AndroidWifi" 00:13:10:85:fe:01 rssi=-50 f=2447 sc=100 link=1 tx=0.0, 0.0, 0.0 rx=0.0 bcn=0 [on:0 tx:0 rx:0 period:3005] from screen [on:0 period:-1850161812] score=100
06-04 15:21:06.109 W/skia    (  493): AGTM parsing failed flags.readFromStream(s) at 159
06-04 15:21:06.210 W/skia    (  493): AGTM parsing failed flags.readFromStream(s) at 159
06-04 15:21:06.310 W/skia    (  493): AGTM parsing failed flags.readFromStream(s) at 159
06-04 15:21:06.414 W/skia    (  493): AGTM parsing failed flags.readFromStream(s) at 159
06-04 15:21:06.517 W/skia    (  493): AGTM parsing failed flags.readFromStream(s) at 159
